Archive member included because of file (symbol)

/Users/scottd/workspace/tools/gcc-arm-none-eabi-4_8-2014q3/bin/../lib/gcc/arm-none-eabi/4.8.4/../../../../arm-none-eabi/lib/armv7e-m/libg_s.a(lib_a-assert.o)
                              build/debug/TEENSY_32/SDK_2.0_MK20DX256xxx10/devices/MK20D10/drivers/fsl_clock.o (symbol from plugin) (__assert_func)
/Users/scottd/workspace/tools/gcc-arm-none-eabi-4_8-2014q3/bin/../lib/gcc/arm-none-eabi/4.8.4/../../../../arm-none-eabi/lib/armv7e-m/libg_s.a(lib_a-exit.o)
                              /Users/scottd/workspace/tools/gcc-arm-none-eabi-4_8-2014q3/bin/../lib/gcc/arm-none-eabi/4.8.4/../../../../arm-none-eabi/lib/armv7e-m/crt0.o (exit)
/Users/scottd/workspace/tools/gcc-arm-none-eabi-4_8-2014q3/bin/../lib/gcc/arm-none-eabi/4.8.4/../../../../arm-none-eabi/lib/armv7e-m/libg_s.a(lib_a-fprintf.o)
                              /Users/scottd/workspace/tools/gcc-arm-none-eabi-4_8-2014q3/bin/../lib/gcc/arm-none-eabi/4.8.4/../../../../arm-none-eabi/lib/armv7e-m/libg_s.a(lib_a-assert.o) (fiprintf)
/Users/scottd/workspace/tools/gcc-arm-none-eabi-4_8-2014q3/bin/../lib/gcc/arm-none-eabi/4.8.4/../../../../arm-none-eabi/lib/armv7e-m/libg_s.a(lib_a-impure.o)
                              /Users/scottd/workspace/tools/gcc-arm-none-eabi-4_8-2014q3/bin/../lib/gcc/arm-none-eabi/4.8.4/../../../../arm-none-eabi/lib/armv7e-m/libg_s.a(lib_a-exit.o) (_global_impure_ptr)
/Users/scottd/workspace/tools/gcc-arm-none-eabi-4_8-2014q3/bin/../lib/gcc/arm-none-eabi/4.8.4/../../../../arm-none-eabi/lib/armv7e-m/libg_s.a(lib_a-init.o)
                              /Users/scottd/workspace/tools/gcc-arm-none-eabi-4_8-2014q3/bin/../lib/gcc/arm-none-eabi/4.8.4/../../../../arm-none-eabi/lib/armv7e-m/crt0.o (__libc_init_array)
/Users/scottd/workspace/tools/gcc-arm-none-eabi-4_8-2014q3/bin/../lib/gcc/arm-none-eabi/4.8.4/../../../../arm-none-eabi/lib/armv7e-m/libg_s.a(lib_a-memset.o)
                              /Users/scottd/workspace/tools/gcc-arm-none-eabi-4_8-2014q3/bin/../lib/gcc/arm-none-eabi/4.8.4/../../../../arm-none-eabi/lib/armv7e-m/crt0.o (memset)
/Users/scottd/workspace/tools/gcc-arm-none-eabi-4_8-2014q3/bin/../lib/gcc/arm-none-eabi/4.8.4/../../../../arm-none-eabi/lib/armv7e-m/libg_s.a(lib_a-vfprintf.o)
                              /Users/scottd/workspace/tools/gcc-arm-none-eabi-4_8-2014q3/bin/../lib/gcc/arm-none-eabi/4.8.4/../../../../arm-none-eabi/lib/armv7e-m/libg_s.a(lib_a-fprintf.o) (_vfprintf_r)
/Users/scottd/workspace/tools/gcc-arm-none-eabi-4_8-2014q3/bin/../lib/gcc/arm-none-eabi/4.8.4/../../../../arm-none-eabi/lib/armv7e-m/libg_s.a(lib_a-vfprintf_i.o)
                              /Users/scottd/workspace/tools/gcc-arm-none-eabi-4_8-2014q3/bin/../lib/gcc/arm-none-eabi/4.8.4/../../../../arm-none-eabi/lib/armv7e-m/libg_s.a(lib_a-vfprintf.o) (_printf_i)
/Users/scottd/workspace/tools/gcc-arm-none-eabi-4_8-2014q3/bin/../lib/gcc/arm-none-eabi/4.8.4/../../../../arm-none-eabi/lib/armv7e-m/libg_s.a(lib_a-wbuf.o)
                              /Users/scottd/workspace/tools/gcc-arm-none-eabi-4_8-2014q3/bin/../lib/gcc/arm-none-eabi/4.8.4/../../../../arm-none-eabi/lib/armv7e-m/libg_s.a(lib_a-vfprintf.o) (__swbuf_r)
/Users/scottd/workspace/tools/gcc-arm-none-eabi-4_8-2014q3/bin/../lib/gcc/arm-none-eabi/4.8.4/../../../../arm-none-eabi/lib/armv7e-m/libg_s.a(lib_a-wsetup.o)
                              /Users/scottd/workspace/tools/gcc-arm-none-eabi-4_8-2014q3/bin/../lib/gcc/arm-none-eabi/4.8.4/../../../../arm-none-eabi/lib/armv7e-m/libg_s.a(lib_a-vfprintf.o) (__swsetup_r)
/Users/scottd/workspace/tools/gcc-arm-none-eabi-4_8-2014q3/bin/../lib/gcc/arm-none-eabi/4.8.4/../../../../arm-none-eabi/lib/armv7e-m/libg_s.a(lib_a-abort.o)
                              /Users/scottd/workspace/tools/gcc-arm-none-eabi-4_8-2014q3/bin/../lib/gcc/arm-none-eabi/4.8.4/../../../../arm-none-eabi/lib/armv7e-m/libg_s.a(lib_a-assert.o) (abort)
/Users/scottd/workspace/tools/gcc-arm-none-eabi-4_8-2014q3/bin/../lib/gcc/arm-none-eabi/4.8.4/../../../../arm-none-eabi/lib/armv7e-m/libg_s.a(lib_a-fflush.o)
                              /Users/scottd/workspace/tools/gcc-arm-none-eabi-4_8-2014q3/bin/../lib/gcc/arm-none-eabi/4.8.4/../../../../arm-none-eabi/lib/armv7e-m/libg_s.a(lib_a-wbuf.o) (_fflush_r)
/Users/scottd/workspace/tools/gcc-arm-none-eabi-4_8-2014q3/bin/../lib/gcc/arm-none-eabi/4.8.4/../../../../arm-none-eabi/lib/armv7e-m/libg_s.a(lib_a-findfp.o)
                              /Users/scottd/workspace/tools/gcc-arm-none-eabi-4_8-2014q3/bin/../lib/gcc/arm-none-eabi/4.8.4/../../../../arm-none-eabi/lib/armv7e-m/libg_s.a(lib_a-vfprintf.o) (__sinit)
/Users/scottd/workspace/tools/gcc-arm-none-eabi-4_8-2014q3/bin/../lib/gcc/arm-none-eabi/4.8.4/../../../../arm-none-eabi/lib/armv7e-m/libg_s.a(lib_a-fvwrite.o)
                              /Users/scottd/workspace/tools/gcc-arm-none-eabi-4_8-2014q3/bin/../lib/gcc/arm-none-eabi/4.8.4/../../../../arm-none-eabi/lib/armv7e-m/libg_s.a(lib_a-vfprintf.o) (__sfvwrite_r)
[...]
Memory Configuration

Name             Origin             Length             Attributes
m_interrupts     0x0000000000000000 0x0000000000000400 xr
m_flash_config   0x0000000000000400 0x0000000000000010 xr
m_text           0x0000000000000410 0x000000000003fbf0 xr
m_data           0x000000001fff8000 0x0000000000008000 rw
m_data_2         0x0000000020000000 0x0000000000008000 rw
*default*        0x0000000000000000 0xffffffffffffffff

Linker script and memory map

LOAD /Users/scottd/workspace/tools/gcc-arm-none-eabi-4_8-2014q3/bin/../lib/gcc/arm-none-eabi/4.8.4/armv7e-m/crti.o
LOAD /Users/scottd/workspace/tools/gcc-arm-none-eabi-4_8-2014q3/bin/../lib/gcc/arm-none-eabi/4.8.4/armv7e-m/crtbegin.o
LOAD /Users/scottd/workspace/tools/gcc-arm-none-eabi-4_8-2014q3/bin/../lib/gcc/arm-none-eabi/4.8.4/../../../../arm-none-eabi/lib/armv7e-m/crt0.o
LOAD build/debug/TEENSY_32/SDK_2.0_MK20DX256xxx10/devices/MK20D10/gcc/startup_MK20D10.o
LOAD build/debug/TEENSY_32/source/board.o
LOAD /var/folders/xk/_z_dkq7d30gc4hlq2bvsjy2m0000gq/T//ccBi8N0K.ltrans0.ltrans.o
LOAD /var/folders/xk/_z_dkq7d30gc4hlq2bvsjy2m0000gq/T//ccBi8N0K.ltrans1.ltrans.o
LOAD /var/folders/xk/_z_dkq7d30gc4hlq2bvsjy2m0000gq/T//ccBi8N0K.ltrans2.ltrans.o
LOAD /var/folders/xk/_z_dkq7d30gc4hlq2bvsjy2m0000gq/T//ccBi8N0K.ltrans3.ltrans.o
LOAD /Users/scottd/workspace/tools/gcc-arm-none-eabi-4_8-2014q3/bin/../lib/gcc/arm-none-eabi/4.8.4/armv7e-m/libgcc.a
LOAD /Users/scottd/workspace/tools/gcc-arm-none-eabi-4_8-2014q3/bin/../lib/gcc/arm-none-eabi/4.8.4/../../../../arm-none-eabi/lib/armv7e-m/libg_s.a
LOAD /Users/scottd/workspace/tools/gcc-arm-none-eabi-4_8-2014q3/bin/../lib/gcc/arm-none-eabi/4.8.4/../../../../arm-none-eabi/lib/armv7e-m/libc_s.a
LOAD /Users/scottd/workspace/tools/gcc-arm-none-eabi-4_8-2014q3/bin/../lib/gcc/arm-none-eabi/4.8.4/armv7e-m/libgcc.a
LOAD /Users/scottd/workspace/tools/gcc-arm-none-eabi-4_8-2014q3/bin/../lib/gcc/arm-none-eabi/4.8.4/../../../../arm-none-eabi/lib/armv7e-m/libc_s.a
LOAD /Users/scottd/workspace/tools/gcc-arm-none-eabi-4_8-2014q3/bin/../lib/gcc/arm-none-eabi/4.8.4/../../../../arm-none-eabi/lib/armv7e-m/libnosys.a
LOAD /Users/scottd/workspace/tools/gcc-arm-none-eabi-4_8-2014q3/bin/../lib/gcc/arm-none-eabi/4.8.4/armv7e-m/libgcc.a
LOAD /Users/scottd/workspace/tools/gcc-arm-none-eabi-4_8-2014q3/bin/../lib/gcc/arm-none-eabi/4.8.4/../../../../arm-none-eabi/lib/armv7e-m/libc_s.a
LOAD /Users/scottd/workspace/tools/gcc-arm-none-eabi-4_8-2014q3/bin/../lib/gcc/arm-none-eabi/4.8.4/../../../../arm-none-eabi/lib/armv7e-m/libnosys.a
LOAD build/debug/TEENSY_32/source/clock_config.o
LOAD build/debug/TEENSY_32/source/pin_mux.o
LOAD build/debug/TEENSY_32/source/main.o
LOAD build/debug/TEENSY_32/SDK_2.0_MK20DX256xxx10/devices/MK20D10/system_MK20D10.o
LOAD build/debug/TEENSY_32/SDK_2.0_MK20DX256xxx10/devices/MK20D10/drivers/fsl_clock.o
LOAD build/debug/TEENSY_32/SDK_2.0_MK20DX256xxx10/devices/MK20D10/utilities/fsl_debug_console.o
LOAD build/debug/TEENSY_32/SDK_2.0_MK20DX256xxx10/devices/MK20D10/drivers/fsl_uart.o
LOAD build/debug/TEENSY_32/SDK_2.0_MK20DX256xxx10/devices/MK20D10/drivers/fsl_lptmr.o
LOAD build/debug/TEENSY_32/SDK_2.0_MK20DX256xxx10/devices/MK20D10/drivers/fsl_pmc.o
LOAD build/debug/TEENSY_32/SDK_2.0_MK20DX256xxx10/devices/MK20D10/drivers/fsl_smc.o
LOAD /Users/scottd/workspace/tools/gcc-arm-none-eabi-4_8-2014q3/bin/../lib/gcc/arm-none-eabi/4.8.4/../../../../arm-none-eabi/lib/armv7e-m/libm.a
LOAD /Users/scottd/workspace/github/scottdarch/Noer/vl6180Firmware/CMSIS_5/CMSIS/Lib/GCC/libarm_cortexM4l_math.a
START GROUP
LOAD /Users/scottd/workspace/tools/gcc-arm-none-eabi-4_8-2014q3/bin/../lib/gcc/arm-none-eabi/4.8.4/armv7e-m/libgcc.a
LOAD /Users/scottd/workspace/tools/gcc-arm-none-eabi-4_8-2014q3/bin/../lib/gcc/arm-none-eabi/4.8.4/../../../../arm-none-eabi/lib/armv7e-m/libg_s.a
LOAD /Users/scottd/workspace/tools/gcc-arm-none-eabi-4_8-2014q3/bin/../lib/gcc/arm-none-eabi/4.8.4/../../../../arm-none-eabi/lib/armv7e-m/libc_s.a
END GROUP
START GROUP
LOAD /Users/scottd/workspace/tools/gcc-arm-none-eabi-4_8-2014q3/bin/../lib/gcc/arm-none-eabi/4.8.4/armv7e-m/libgcc.a
LOAD /Users/scottd/workspace/tools/gcc-arm-none-eabi-4_8-2014q3/bin/../lib/gcc/arm-none-eabi/4.8.4/../../../../arm-none-eabi/lib/armv7e-m/libc_s.a
LOAD /Users/scottd/workspace/tools/gcc-arm-none-eabi-4_8-2014q3/bin/../lib/gcc/arm-none-eabi/4.8.4/../../../../arm-none-eabi/lib/armv7e-m/libnosys.a
END GROUP
START GROUP
LOAD /Users/scottd/workspace/tools/gcc-arm-none-eabi-4_8-2014q3/bin/../lib/gcc/arm-none-eabi/4.8.4/armv7e-m/libgcc.a
LOAD /Users/scottd/workspace/tools/gcc-arm-none-eabi-4_8-2014q3/bin/../lib/gcc/arm-none-eabi/4.8.4/../../../../arm-none-eabi/lib/armv7e-m/libc_s.a
LOAD /Users/scottd/workspace/tools/gcc-arm-none-eabi-4_8-2014q3/bin/../lib/gcc/arm-none-eabi/4.8.4/../../../../arm-none-eabi/lib/armv7e-m/libnosys.a
END GROUP
LOAD /Users/scottd/workspace/tools/gcc-arm-none-eabi-4_8-2014q3/bin/../lib/gcc/arm-none-eabi/4.8.4/armv7e-m/crtend.o
LOAD /Users/scottd/workspace/tools/gcc-arm-none-eabi-4_8-2014q3/bin/../lib/gcc/arm-none-eabi/4.8.4/armv7e-m/crtn.o
                0x0000000000000400                HEAP_SIZE = DEFINED (__heap_size__)?__heap_size__:0x400
                0x0000000000000400                STACK_SIZE = DEFINED (__stack_size__)?__stack_size__:0x400
                0x0000000000000000                M_VECTOR_RAM_SIZE = DEFINED (__ram_vector_table__)?0x400:0x0

.interrupts     0x0000000000000000      0x400
                0x0000000000000000                __VECTOR_TABLE = .
                0x0000000000000000                . = ALIGN (0x4)
 *(.isr_vector)
 .isr_vector    0x0000000000000000      0x400 build/debug/TEENSY_32/SDK_2.0_MK20DX256xxx10/devices/MK20D10/gcc/startup_MK20D10.o
                0x0000000000000000                __isr_vector
                0x0000000000000400                . = ALIGN (0x4)

.flash_config   0x0000000000000400       0x10
                0x0000000000000400                . = ALIGN (0x4)
 *(.FlashConfig)
 .FlashConfig   0x0000000000000400       0x10 build/debug/TEENSY_32/SDK_2.0_MK20DX256xxx10/devices/MK20D10/gcc/startup_MK20D10.o
                0x0000000000000410                . = ALIGN (0x4)

.text           0x0000000000000410     0x37b0
                0x0000000000000410                . = ALIGN (0x4)
 *(.text)
 .text          0x0000000000000410       0x54 /Users/scottd/workspace/tools/gcc-arm-none-eabi-4_8-2014q3/bin/../lib/gcc/arm-none-eabi/4.8.4/armv7e-m/crtbegin.o
 .text          0x0000000000000464       0x74 /Users/scottd/workspace/tools/gcc-arm-none-eabi-4_8-2014q3/bin/../lib/gcc/arm-none-eabi/4.8.4/../../../../arm-none-eabi/lib/armv7e-m/crt0.o
                0x0000000000000464                _mainCRTStartup
                0x0000000000000464                _start
 .text          0x00000000000004d8      0x1d8 build/debug/TEENSY_32/SDK_2.0_MK20DX256xxx10/devices/MK20D10/gcc/startup_MK20D10.o
                0x00000000000004d8                Reset_Handler
                0x000000000000051c                Reserved111_IRQHandler
                0x000000000000051c                DebugMon_Handler
                0x000000000000051c                DMA0_DriverIRQHandler
                0x000000000000051c                DMA12_DriverIRQHandler
                0x000000000000051c                MCM_IRQHandler
                0x000000000000051c                DMA14_DriverIRQHandler
                0x000000000000051c                Reserved102_IRQHandler
                0x000000000000051c                USBDCD_IRQHandler
                0x000000000000051c                FTM2_IRQHandler
                0x000000000000051c                I2S0_Rx_DriverIRQHandler
                0x000000000000051c                USB0_IRQHandler
                0x000000000000051c                UART4_ERR_DriverIRQHandler
                0x000000000000051c                WDOG_EWM_IRQHandler
                0x000000000000051c                MemManage_Handler
                0x000000000000051c                PORTE_IRQHandler
                0x000000000000051c                Reserved115_IRQHandler
                0x000000000000051c                UART0_LON_DriverIRQHandler
                0x000000000000051c                Reserved109_IRQHandler
                0x000000000000051c                DMA1_DriverIRQHandler
                0x000000000000051c                FTFL_IRQHandler
                0x000000000000051c                I2C1_DriverIRQHandler
                0x000000000000051c                Reserved91_IRQHandler
                0x000000000000051c                DAC0_IRQHandler
                0x000000000000051c                Reserved118_IRQHandler
                0x000000000000051c                DMA13_DriverIRQHandler
                0x000000000000051c                Reserved94_IRQHandler
                0x000000000000051c                DMA15_DriverIRQHandler
                0x000000000000051c                Reserved112_IRQHandler
                0x000000000000051c                SPI0_DriverIRQHandler
                0x000000000000051c                PIT1_IRQHandler
                0x000000000000051c                LVD_LVW_IRQHandler
                0x000000000000051c                FTM0_IRQHandler
                0x000000000000051c                PORTA_IRQHandler
                0x000000000000051c                DAC1_IRQHandler
                0x000000000000051c                CAN0_DriverIRQHandler
                0x000000000000051c                SPI1_DriverIRQHandler
                0x000000000000051c                Reserved113_IRQHandler
                0x000000000000051c                DMA_Error_DriverIRQHandler
                0x000000000000051c                Reserved114_IRQHandler
                0x000000000000051c                Reserved59_IRQHandler
                0x000000000000051c                SDHC_DriverIRQHandler
                0x000000000000051c                PIT0_IRQHandler
                0x000000000000051c                Reserved119_IRQHandler
                0x000000000000051c                CMP2_IRQHandler
                0x000000000000051c                LLWU_IRQHandler
                0x000000000000051c                I2S0_Tx_DriverIRQHandler
                0x000000000000051c                Reserved116_IRQHandler
                0x000000000000051c                TSI0_IRQHandler
                0x000000000000051c                DMA6_DriverIRQHandler
                0x000000000000051c                Reserved92_IRQHandler
                0x000000000000051c                PORTC_IRQHandler
                0x000000000000051c                CMP0_IRQHandler
                0x000000000000051c                SWI_IRQHandler
                0x000000000000051c                ADC0_IRQHandler
                0x000000000000051c                Reserved39_IRQHandler
                0x000000000000051c                UsageFault_Handler
                0x000000000000051c                DMA7_DriverIRQHandler
                0x000000000000051c                CMT_IRQHandler
                0x000000000000051c                CAN1_DriverIRQHandler
                0x000000000000051c                DefaultISR
                0x000000000000051c                UART5_ERR_DriverIRQHandler
                0x000000000000051c                DMA11_DriverIRQHandler
                0x000000000000051c                CMP1_IRQHandler
                0x000000000000051c                PORTD_IRQHandler
                0x000000000000051c                PORTB_IRQHandler
                0x000000000000051c                DMA10_DriverIRQHandler
                0x000000000000051c                I2C0_DriverIRQHandler
                0x000000000000051c                UART2_ERR_DriverIRQHandler
                0x000000000000051c                SPI2_DriverIRQHandler
                0x000000000000051c                ADC1_IRQHandler
                0x000000000000051c                DMA5_DriverIRQHandler
                0x000000000000051c                DMA4_DriverIRQHandler
                0x000000000000051c                PIT2_IRQHandler
                0x000000000000051c                RTC_IRQHandler
                0x000000000000051c                UART3_ERR_DriverIRQHandler
                0x000000000000051c                PDB0_IRQHandler
                0x000000000000051c                Reserved93_IRQHandler
                0x000000000000051c                FTM1_IRQHandler
                0x000000000000051c                Reserved95_IRQHandler
                0x000000000000051c                DMA2_DriverIRQHandler
                0x000000000000051c                DMA3_DriverIRQHandler
                0x000000000000051c                PIT3_IRQHandler
                0x000000000000051c                UART1_ERR_DriverIRQHandler
                0x000000000000051c                RTC_Seconds_IRQHandler
                0x000000000000051c                MCG_IRQHandler
                0x000000000000051c                DMA9_DriverIRQHandler
                0x000000000000051c                DMA8_DriverIRQHandler
                0x000000000000051c                Reserved108_IRQHandler
                0x000000000000051c                UART0_ERR_DriverIRQHandler
                0x000000000000051c                Reserved117_IRQHandler
                0x000000000000051c                BusFault_Handler
                0x000000000000051c                LPTMR0_IRQHandler
                0x000000000000051c                Read_Collision_IRQHandler
                0x0000000000000520                NMI_Handler
                0x0000000000000524                HardFault_Handler
                0x0000000000000528                SVC_Handler
                0x000000000000052c                PendSV_Handler
                0x0000000000000534                DMA0_IRQHandler
                0x0000000000000538                DMA1_IRQHandler
                0x000000000000053c                DMA2_IRQHandler
                0x0000000000000540                DMA3_IRQHandler
                0x0000000000000544                DMA4_IRQHandler
                0x0000000000000548                DMA5_IRQHandler
                0x000000000000054c                DMA6_IRQHandler
                0x0000000000000550                DMA7_IRQHandler
                0x0000000000000554                DMA8_IRQHandler
                0x0000000000000558                DMA9_IRQHandler
                0x000000000000055c                DMA10_IRQHandler
                0x0000000000000560                DMA11_IRQHandler
                0x0000000000000564                DMA12_IRQHandler
                0x0000000000000568                DMA13_IRQHandler
                0x000000000000056c                DMA14_IRQHandler
                0x0000000000000570                DMA15_IRQHandler
                0x0000000000000574                DMA_Error_IRQHandler
                0x0000000000000578                I2C0_IRQHandler
                0x000000000000057c                I2C1_IRQHandler
                0x0000000000000580                SPI0_IRQHandler
                0x0000000000000584                SPI1_IRQHandler
                0x0000000000000588                SPI2_IRQHandler
                0x000000000000058c                CAN0_ORed_Message_buffer_IRQHandler
                0x0000000000000590                CAN0_Bus_Off_IRQHandler
                0x0000000000000594                CAN0_Error_IRQHandler
                0x0000000000000598                CAN0_Tx_Warning_IRQHandler
                0x000000000000059c                CAN0_Rx_Warning_IRQHandler
                0x00000000000005a0                CAN0_Wake_Up_IRQHandler
                0x00000000000005a4                I2S0_Tx_IRQHandler
                0x00000000000005a8                I2S0_Rx_IRQHandler
                0x00000000000005ac                CAN1_ORed_Message_buffer_IRQHandler
                0x00000000000005b0                CAN1_Bus_Off_IRQHandler
                0x00000000000005b4                CAN1_Error_IRQHandler
                0x00000000000005b8                CAN1_Tx_Warning_IRQHandler
                0x00000000000005bc                CAN1_Rx_Warning_IRQHandler
                0x00000000000005c0                CAN1_Wake_Up_IRQHandler
                0x00000000000005c4                UART0_LON_IRQHandler
                0x00000000000005c8                UART0_RX_TX_IRQHandler
                0x00000000000005cc                UART0_ERR_IRQHandler
                0x00000000000005d0                UART1_RX_TX_IRQHandler
                0x00000000000005d4                UART1_ERR_IRQHandler
                0x00000000000005d8                UART2_RX_TX_IRQHandler
                0x00000000000005dc                UART2_ERR_IRQHandler
                0x00000000000005e0                UART3_RX_TX_IRQHandler
                0x00000000000005e4                UART3_ERR_IRQHandler
                0x00000000000005e8                UART4_RX_TX_IRQHandler
                0x00000000000005ec                UART4_ERR_IRQHandler
                0x00000000000005f0                UART5_RX_TX_IRQHandler
                0x00000000000005f4                UART5_ERR_IRQHandler
                0x00000000000005f8                SDHC_IRQHandler
 .text          0x00000000000006b0       0x38 /Users/scottd/workspace/tools/gcc-arm-none-eabi-4_8-2014q3/bin/../lib/gcc/arm-none-eabi/4.8.4/armv7e-m/libgcc.a(_aeabi_ldivmod.o)
                0x00000000000006b0                __aeabi_ldivmod
 .text          0x00000000000006e8       0x2c /Users/scottd/workspace/tools/gcc-arm-none-eabi-4_8-2014q3/bin/../lib/gcc/arm-none-eabi/4.8.4/armv7e-m/libgcc.a(_aeabi_uldivmod.o)
                0x00000000000006e8                __aeabi_uldivmod
 .text          0x0000000000000714       0x60 /Users/scottd/workspace/tools/gcc-arm-none-eabi-4_8-2014q3/bin/../lib/gcc/arm-none-eabi/4.8.4/armv7e-m/libgcc.a(bpabi.o)
                0x0000000000000714                __gnu_ldivmod_helper
                0x0000000000000744                __gnu_uldivmod_helper
 .text          0x0000000000000774        0x4 /Users/scottd/workspace/tools/gcc-arm-none-eabi-4_8-2014q3/bin/../lib/gcc/arm-none-eabi/4.8.4/armv7e-m/libgcc.a(_dvmd_tls.o)
                0x0000000000000774                __aeabi_ldiv0
                0x0000000000000774                __aeabi_idiv0
 .text          0x0000000000000778      0x298 /Users/scottd/workspace/tools/gcc-arm-none-eabi-4_8-2014q3/bin/../lib/gcc/arm-none-eabi/4.8.4/armv7e-m/libgcc.a(_divdi3.o)
                0x0000000000000778                __divdi3
 .text          0x0000000000000a10      0x284 /Users/scottd/workspace/tools/gcc-arm-none-eabi-4_8-2014q3/bin/../lib/gcc/arm-none-eabi/4.8.4/armv7e-m/libgcc.a(_udivdi3.o)
                0x0000000000000a10                __udivdi3
 *(.text*)
 .text.UART0_DriverIRQHandler.4172
                0x0000000000000c94       0x20 /var/folders/xk/_z_dkq7d30gc4hlq2bvsjy2m0000gq/T//ccBi8N0K.ltrans0.ltrans.o
 .text.UART0_RX_TX_DriverIRQHandler
                0x0000000000000cb4       0x10 /var/folders/xk/_z_dkq7d30gc4hlq2bvsjy2m0000gq/T//ccBi8N0K.ltrans0.ltrans.o
                0x0000000000000cb4                UART0_RX_TX_DriverIRQHandler
 .text.UART1_DriverIRQHandler.4168
                0x0000000000000cc4       0x20 /var/folders/xk/_z_dkq7d30gc4hlq2bvsjy2m0000gq/T//ccBi8N0K.ltrans0.ltrans.o
 .text.UART1_RX_TX_DriverIRQHandler
                0x0000000000000ce4       0x10 /var/folders/xk/_z_dkq7d30gc4hlq2bvsjy2m0000gq/T//ccBi8N0K.ltrans0.ltrans.o
                0x0000000000000ce4                UART1_RX_TX_DriverIRQHandler
 .text.UART2_DriverIRQHandler.4164
                0x0000000000000cf4       0x20 /var/folders/xk/_z_dkq7d30gc4hlq2bvsjy2m0000gq/T//ccBi8N0K.ltrans0.ltrans.o
 .text.UART2_RX_TX_DriverIRQHandler
                0x0000000000000d14       0x10 /var/folders/xk/_z_dkq7d30gc4hlq2bvsjy2m0000gq/T//ccBi8N0K.ltrans0.ltrans.o
                0x0000000000000d14                UART2_RX_TX_DriverIRQHandler
 .text.UART3_DriverIRQHandler.4160
                0x0000000000000d24       0x20 /var/folders/xk/_z_dkq7d30gc4hlq2bvsjy2m0000gq/T//ccBi8N0K.ltrans0.ltrans.o
 .text.UART3_RX_TX_DriverIRQHandler
                0x0000000000000d44       0x10 /var/folders/xk/_z_dkq7d30gc4hlq2bvsjy2m0000gq/T//ccBi8N0K.ltrans0.ltrans.o
                0x0000000000000d44                UART3_RX_TX_DriverIRQHandler
 .text.UART4_DriverIRQHandler.4156
                0x0000000000000d54       0x20 /var/folders/xk/_z_dkq7d30gc4hlq2bvsjy2m0000gq/T//ccBi8N0K.ltrans0.ltrans.o
 .text.UART4_RX_TX_DriverIRQHandler
                0x0000000000000d74       0x10 /var/folders/xk/_z_dkq7d30gc4hlq2bvsjy2m0000gq/T//ccBi8N0K.ltrans0.ltrans.o
                0x0000000000000d74                UART4_RX_TX_DriverIRQHandler
 .text.UART5_DriverIRQHandler.4152
                0x0000000000000d84       0x20 /var/folders/xk/_z_dkq7d30gc4hlq2bvsjy2m0000gq/T//ccBi8N0K.ltrans0.ltrans.o
 .text.UART5_RX_TX_DriverIRQHandler
                0x0000000000000da4       0x10 /var/folders/xk/_z_dkq7d30gc4hlq2bvsjy2m0000gq/T//ccBi8N0K.ltrans0.ltrans.o
                0x0000000000000da4                UART5_RX_TX_DriverIRQHandler
 .text._write   0x0000000000000db4       0x58 /var/folders/xk/_z_dkq7d30gc4hlq2bvsjy2m0000gq/T//ccBi8N0K.ltrans1.ltrans.o
                0x0000000000000db4                _write
 .text._read    0x0000000000000e0c       0x44 /var/folders/xk/_z_dkq7d30gc4hlq2bvsjy2m0000gq/T//ccBi8N0K.ltrans1.ltrans.o
                0x0000000000000e0c                _read
 .text.CLOCK_EnableClock.4894.4204
                0x0000000000000e50       0x34 /var/folders/xk/_z_dkq7d30gc4hlq2bvsjy2m0000gq/T//ccBi8N0K.ltrans1.ltrans.o
 .text.UART_GetInstance.4185
                0x0000000000000e84       0x60 /var/folders/xk/_z_dkq7d30gc4hlq2bvsjy2m0000gq/T//ccBi8N0K.ltrans1.ltrans.o
 .text.UART_Init
                0x0000000000000ee4      0x270 /var/folders/xk/_z_dkq7d30gc4hlq2bvsjy2m0000gq/T//ccBi8N0K.ltrans1.ltrans.o
                0x0000000000000ee4                UART_Init
 .text.UART_GetDefaultConfig
                0x0000000000001154       0x58 /var/folders/xk/_z_dkq7d30gc4hlq2bvsjy2m0000gq/T//ccBi8N0K.ltrans1.ltrans.o
                0x0000000000001154                UART_GetDefaultConfig
 .text.UART_GetStatusFlags.4138
                0x00000000000011ac       0x48 /var/folders/xk/_z_dkq7d30gc4hlq2bvsjy2m0000gq/T//ccBi8N0K.ltrans1.ltrans.o
 .text.UART_WriteBlocking
                0x00000000000011f4       0x3c /var/folders/xk/_z_dkq7d30gc4hlq2bvsjy2m0000gq/T//ccBi8N0K.ltrans1.ltrans.o
                0x00000000000011f4                UART_WriteBlocking
 .text.UART_ReadBlocking
                0x0000000000001230       0xa8 /var/folders/xk/_z_dkq7d30gc4hlq2bvsjy2m0000gq/T//ccBi8N0K.ltrans1.ltrans.o
                0x0000000000001230                UART_ReadBlocking
 .text.CLOCK_BootToPeeMode
                0x00000000000012d8       0x7c /var/folders/xk/_z_dkq7d30gc4hlq2bvsjy2m0000gq/T//ccBi8N0K.ltrans2.ltrans.o
                0x00000000000012d8                CLOCK_BootToPeeMode
 .text.UART_EnableTx.4675.4144
                0x0000000000001354       0x40 /var/folders/xk/_z_dkq7d30gc4hlq2bvsjy2m0000gq/T//ccBi8N0K.ltrans2.ltrans.o
 .text.UART_EnableRx.4738.4140
                0x0000000000001394       0x40 /var/folders/xk/_z_dkq7d30gc4hlq2bvsjy2m0000gq/T//ccBi8N0K.ltrans2.ltrans.o
 .text.DbgConsole_Init
                0x00000000000013d4       0x9c /var/folders/xk/_z_dkq7d30gc4hlq2bvsjy2m0000gq/T//ccBi8N0K.ltrans2.ltrans.o
                0x00000000000013d4                DbgConsole_Init
 .text.DbgConsole_Printf
                0x0000000000001470       0x44 /var/folders/xk/_z_dkq7d30gc4hlq2bvsjy2m0000gq/T//ccBi8N0K.ltrans2.ltrans.o
                0x0000000000001470                DbgConsole_Printf
 .text.DbgConsole_Putchar.4052
                0x00000000000014b4       0x38 /var/folders/xk/_z_dkq7d30gc4hlq2bvsjy2m0000gq/T//ccBi8N0K.ltrans2.ltrans.o
 .text.DbgConsole_PrintfPaddingCharacter.4767.4035
                0x00000000000014ec       0x40 /var/folders/xk/_z_dkq7d30gc4hlq2bvsjy2m0000gq/T//ccBi8N0K.ltrans2.ltrans.o
 .text.DbgConsole_ConvertRadixNumToString.4775.4024
                0x000000000000152c      0x1dc /var/folders/xk/_z_dkq7d30gc4hlq2bvsjy2m0000gq/T//ccBi8N0K.ltrans2.ltrans.o
 .text.DbgConsole_PrintfFormattedData.4782.4013
                0x0000000000001708      0x724 /var/folders/xk/_z_dkq7d30gc4hlq2bvsjy2m0000gq/T//ccBi8N0K.ltrans2.ltrans.o
 .text.BOARD_InitDebugConsole.4271
                0x0000000000001e2c       0x2c /var/folders/xk/_z_dkq7d30gc4hlq2bvsjy2m0000gq/T//ccBi8N0K.ltrans3.ltrans.o
 .text.CLOCK_SetTraceClock.4025.4268
                0x0000000000001e58       0x38 /var/folders/xk/_z_dkq7d30gc4hlq2bvsjy2m0000gq/T//ccBi8N0K.ltrans3.ltrans.o
 .text.CLOCK_SetSimSafeDivs.4031.4266
                0x0000000000001e90       0x20 /var/folders/xk/_z_dkq7d30gc4hlq2bvsjy2m0000gq/T//ccBi8N0K.ltrans3.ltrans.o
 .text.CLOCK_SetXtal0Freq.4033.4263
                0x0000000000001eb0       0x1c /var/folders/xk/_z_dkq7d30gc4hlq2bvsjy2m0000gq/T//ccBi8N0K.ltrans3.ltrans.o
 .text.CLOCK_CONFIG_SetFllExtRefDiv.4036.4260
                0x0000000000001ecc       0x38 /var/folders/xk/_z_dkq7d30gc4hlq2bvsjy2m0000gq/T//ccBi8N0K.ltrans3.ltrans.o
 .text.BOARD_BootClockRUN.4258
                0x0000000000001f04       0x80 /var/folders/xk/_z_dkq7d30gc4hlq2bvsjy2m0000gq/T//ccBi8N0K.ltrans3.ltrans.o
 .text.CLOCK_EnableClock.4148.4255
                0x0000000000001f84       0x34 /var/folders/xk/_z_dkq7d30gc4hlq2bvsjy2m0000gq/T//ccBi8N0K.ltrans3.ltrans.o
 .text.PORT_SetPinMux.4154.4236
                0x0000000000001fb8       0x38 /var/folders/xk/_z_dkq7d30gc4hlq2bvsjy2m0000gq/T//ccBi8N0K.ltrans3.ltrans.o
 .text.BOARD_InitPins.4234
                0x0000000000001ff0       0x30 /var/folders/xk/_z_dkq7d30gc4hlq2bvsjy2m0000gq/T//ccBi8N0K.ltrans3.ltrans.o
 .text.SysTick_Handler
                0x0000000000002020        0xc /var/folders/xk/_z_dkq7d30gc4hlq2bvsjy2m0000gq/T//ccBi8N0K.ltrans3.ltrans.o
                0x0000000000002020                SysTick_Handler
 .text.main     0x000000000000202c       0x2c /var/folders/xk/_z_dkq7d30gc4hlq2bvsjy2m0000gq/T//ccBi8N0K.ltrans3.ltrans.o
                0x000000000000202c                main
 .text.SystemInit
                0x0000000000002058       0x28 /var/folders/xk/_z_dkq7d30gc4hlq2bvsjy2m0000gq/T//ccBi8N0K.ltrans3.ltrans.o
                0x0000000000002058                SystemInit
 .text.CLOCK_EnableClock.4273.4221
                0x0000000000002080       0x34 /var/folders/xk/_z_dkq7d30gc4hlq2bvsjy2m0000gq/T//ccBi8N0K.ltrans3.ltrans.o
 .text.CLOCK_DisableClock.4279.4215
                0x00000000000020b4       0x38 /var/folders/xk/_z_dkq7d30gc4hlq2bvsjy2m0000gq/T//ccBi8N0K.ltrans3.ltrans.o
 .text.CLOCK_SetEr32kClock.4282.4212
                0x00000000000020ec       0x2c /var/folders/xk/_z_dkq7d30gc4hlq2bvsjy2m0000gq/T//ccBi8N0K.ltrans3.ltrans.o
 .text.CLOCK_SetPllFllSelClock.4287.4209
                0x0000000000002118       0x38 /var/folders/xk/_z_dkq7d30gc4hlq2bvsjy2m0000gq/T//ccBi8N0K.ltrans3.ltrans.o
 .text.OSC_SetExtRefClkConfig.4290.4204
                0x0000000000002150       0x34 /var/folders/xk/_z_dkq7d30gc4hlq2bvsjy2m0000gq/T//ccBi8N0K.ltrans3.ltrans.o
 .text.OSC_SetCapLoad.4302.4196
                0x0000000000002184       0x34 /var/folders/xk/_z_dkq7d30gc4hlq2bvsjy2m0000gq/T//ccBi8N0K.ltrans3.ltrans.o
 .text.CLOCK_GetMcgExtClkFreq.4308.4194
                0x00000000000021b8       0x80 /var/folders/xk/_z_dkq7d30gc4hlq2bvsjy2m0000gq/T//ccBi8N0K.ltrans3.ltrans.o
 .text.CLOCK_GetFllExtRefClkFreq.4310.4192
                0x0000000000002238       0xc4 /var/folders/xk/_z_dkq7d30gc4hlq2bvsjy2m0000gq/T//ccBi8N0K.ltrans3.ltrans.o
 .text.CLOCK_GetInternalRefClkSelectFreq.4312.4190
                0x00000000000022fc       0x44 /var/folders/xk/_z_dkq7d30gc4hlq2bvsjy2m0000gq/T//ccBi8N0K.ltrans3.ltrans.o
 .text.CLOCK_GetFllRefClkFreq.4314.4188
                0x0000000000002340       0x30 /var/folders/xk/_z_dkq7d30gc4hlq2bvsjy2m0000gq/T//ccBi8N0K.ltrans3.ltrans.o
 .text.CLOCK_GetPll0RefFreq.4316.4186
                0x0000000000002370       0x14 /var/folders/xk/_z_dkq7d30gc4hlq2bvsjy2m0000gq/T//ccBi8N0K.ltrans3.ltrans.o
 .text.CLOCK_GetOscRangeFromFreq.4318.4183
                0x0000000000002384       0x3c /var/folders/xk/_z_dkq7d30gc4hlq2bvsjy2m0000gq/T//ccBi8N0K.ltrans3.ltrans.o
 .text.CLOCK_GetCoreSysClkFreq.4165
                0x00000000000023c0       0x28 /var/folders/xk/_z_dkq7d30gc4hlq2bvsjy2m0000gq/T//ccBi8N0K.ltrans3.ltrans.o
 .text.CLOCK_SetSimConfig.4152
                0x00000000000023e8       0x3c /var/folders/xk/_z_dkq7d30gc4hlq2bvsjy2m0000gq/T//ccBi8N0K.ltrans3.ltrans.o
 .text.CLOCK_EnableUsbfs0Clock.4145
                0x0000000000002424       0xe0 /var/folders/xk/_z_dkq7d30gc4hlq2bvsjy2m0000gq/T//ccBi8N0K.ltrans3.ltrans.o
 .text.CLOCK_GetOutClkFreq.4143
                0x0000000000002504       0x74 /var/folders/xk/_z_dkq7d30gc4hlq2bvsjy2m0000gq/T//ccBi8N0K.ltrans3.ltrans.o
 .text.CLOCK_GetFllFreq.4141
                0x0000000000002578       0x78 /var/folders/xk/_z_dkq7d30gc4hlq2bvsjy2m0000gq/T//ccBi8N0K.ltrans3.ltrans.o
 .text.CLOCK_GetPll0Freq.4135
                0x00000000000025f0       0x80 /var/folders/xk/_z_dkq7d30gc4hlq2bvsjy2m0000gq/T//ccBi8N0K.ltrans3.ltrans.o
 .text.CLOCK_SetExternalRefClkConfig
                0x0000000000002670       0x90 /var/folders/xk/_z_dkq7d30gc4hlq2bvsjy2m0000gq/T//ccBi8N0K.ltrans3.ltrans.o
                0x0000000000002670                CLOCK_SetExternalRefClkConfig
 .text.CLOCK_EnablePll0
                0x0000000000002700       0x94 /var/folders/xk/_z_dkq7d30gc4hlq2bvsjy2m0000gq/T//ccBi8N0K.ltrans3.ltrans.o
                0x0000000000002700                CLOCK_EnablePll0
 .text.CLOCK_InitOsc0.4084
                0x0000000000002794       0x94 /var/folders/xk/_z_dkq7d30gc4hlq2bvsjy2m0000gq/T//ccBi8N0K.ltrans3.ltrans.o
 .text.CLOCK_SetPbeMode
                0x0000000000002828       0x94 /var/folders/xk/_z_dkq7d30gc4hlq2bvsjy2m0000gq/T//ccBi8N0K.ltrans3.ltrans.o
                0x0000000000002828                CLOCK_SetPbeMode
 .text.__assert_func
                0x00000000000028bc       0x38 /Users/scottd/workspace/tools/gcc-arm-none-eabi-4_8-2014q3/bin/../lib/gcc/arm-none-eabi/4.8.4/../../../../arm-none-eabi/lib/armv7e-m/libg_s.a(lib_a-assert.o)
                0x00000000000028bc                __assert_func
 .text.exit     0x00000000000028f4       0x28 /Users/scottd/workspace/tools/gcc-arm-none-eabi-4_8-2014q3/bin/../lib/gcc/arm-none-eabi/4.8.4/../../../../arm-none-eabi/lib/armv7e-m/libg_s.a(lib_a-exit.o)
                0x00000000000028f4                exit
 .text.fprintf  0x000000000000291c       0x24 /Users/scottd/workspace/tools/gcc-arm-none-eabi-4_8-2014q3/bin/../lib/gcc/arm-none-eabi/4.8.4/../../../../arm-none-eabi/lib/armv7e-m/libg_s.a(lib_a-fprintf.o)
                0x000000000000291c                fprintf
                0x000000000000291c                fiprintf
 .text.__libc_init_array
                0x0000000000002940       0x4c /Users/scottd/workspace/tools/gcc-arm-none-eabi-4_8-2014q3/bin/../lib/gcc/arm-none-eabi/4.8.4/../../../../arm-none-eabi/lib/armv7e-m/libg_s.a(lib_a-init.o)
                0x0000000000002940                __libc_init_array
 .text.memset   0x000000000000298c       0x10 /Users/scottd/workspace/tools/gcc-arm-none-eabi-4_8-2014q3/bin/../lib/gcc/arm-none-eabi/4.8.4/../../../../arm-none-eabi/lib/armv7e-m/libg_s.a(lib_a-memset.o)
                0x000000000000298c                memset
 .text.__sfputc_r
                0x000000000000299c       0x2c /Users/scottd/workspace/tools/gcc-arm-none-eabi-4_8-2014q3/bin/../lib/gcc/arm-none-eabi/4.8.4/../../../../arm-none-eabi/lib/armv7e-m/libg_s.a(lib_a-vfprintf.o)
 .text.__sfputs_r
                0x00000000000029c8       0x24 /Users/scottd/workspace/tools/gcc-arm-none-eabi-4_8-2014q3/bin/../lib/gcc/arm-none-eabi/4.8.4/../../../../arm-none-eabi/lib/armv7e-m/libg_s.a(lib_a-vfprintf.o)
                0x00000000000029c8                __sfputs_r
 .text._vfprintf_r
                0x00000000000029ec      0x208 /Users/scottd/workspace/tools/gcc-arm-none-eabi-4_8-2014q3/bin/../lib/gcc/arm-none-eabi/4.8.4/../../../../arm-none-eabi/lib/armv7e-m/libg_s.a(lib_a-vfprintf.o)
                0x00000000000029ec                _vfiprintf_r
                0x00000000000029ec                _vfprintf_r
 .text._printf_common
                0x0000000000002bf4       0xe4 /Users/scottd/workspace/tools/gcc-arm-none-eabi-4_8-2014q3/bin/../lib/gcc/arm-none-eabi/4.8.4/../../../../arm-none-eabi/lib/armv7e-m/libg_s.a(lib_a-vfprintf_i.o)
                0x0000000000002bf4                _printf_common
 .text._printf_i
                0x0000000000002cd8      0x228 /Users/scottd/workspace/tools/gcc-arm-none-eabi-4_8-2014q3/bin/../lib/gcc/arm-none-eabi/4.8.4/../../../../arm-none-eabi/lib/armv7e-m/libg_s.a(lib_a-vfprintf_i.o)
                0x0000000000002cd8                _printf_i
 .text.__swbuf_r
                0x0000000000002f00       0xa8 /Users/scottd/workspace/tools/gcc-arm-none-eabi-4_8-2014q3/bin/../lib/gcc/arm-none-eabi/4.8.4/../../../../arm-none-eabi/lib/armv7e-m/libg_s.a(lib_a-wbuf.o)
                0x0000000000002f00                __swbuf_r
 .text.__swsetup_r
                0x0000000000002fa8       0xdc /Users/scottd/workspace/tools/gcc-arm-none-eabi-4_8-2014q3/bin/../lib/gcc/arm-none-eabi/4.8.4/../../../../arm-none-eabi/lib/armv7e-m/libg_s.a(lib_a-wsetup.o)
                0x0000000000002fa8                __swsetup_r
 .text.abort    0x0000000000003084        0xe /Users/scottd/workspace/tools/gcc-arm-none-eabi-4_8-2014q3/bin/../lib/gcc/arm-none-eabi/4.8.4/../../../../arm-none-eabi/lib/armv7e-m/libg_s.a(lib_a-abort.o)
                0x0000000000003084                abort
 .text.__sflush_r
                0x0000000000003092      0x106 /Users/scottd/workspace/tools/gcc-arm-none-eabi-4_8-2014q3/bin/../lib/gcc/arm-none-eabi/4.8.4/../../../../arm-none-eabi/lib/armv7e-m/libg_s.a(lib_a-fflush.o)
                0x0000000000003092                __sflush_r
 .text._fflush_r
                0x0000000000003198       0x54 /Users/scottd/workspace/tools/gcc-arm-none-eabi-4_8-2014q3/bin/../lib/gcc/arm-none-eabi/4.8.4/../../../../arm-none-eabi/lib/armv7e-m/libg_s.a(lib_a-fflush.o)
                0x0000000000003198                _fflush_r
 .text._cleanup_r
                0x00000000000031ec       0x32 /Users/scottd/workspace/tools/gcc-arm-none-eabi-4_8-2014q3/bin/../lib/gcc/arm-none-eabi/4.8.4/../../../../arm-none-eabi/lib/armv7e-m/libg_s.a(lib_a-findfp.o)
                0x00000000000031ec                _cleanup_r
 *fill*         0x000000000000321e        0x2 
 .text.std.isra.0
                0x0000000000003220       0x48 /Users/scottd/workspace/tools/gcc-arm-none-eabi-4_8-2014q3/bin/../lib/gcc/arm-none-eabi/4.8.4/../../../../arm-none-eabi/lib/armv7e-m/libg_s.a(lib_a-findfp.o)
 .text.__sfmoreglue
                0x0000000000003268       0x2c /Users/scottd/workspace/tools/gcc-arm-none-eabi-4_8-2014q3/bin/../lib/gcc/arm-none-eabi/4.8.4/../../../../arm-none-eabi/lib/armv7e-m/libg_s.a(lib_a-findfp.o)
                0x0000000000003268                __sfmoreglue
 .text.__sinit  0x0000000000003294       0x60 /Users/scottd/workspace/tools/gcc-arm-none-eabi-4_8-2014q3/bin/../lib/gcc/arm-none-eabi/4.8.4/../../../../arm-none-eabi/lib/armv7e-m/libg_s.a(lib_a-findfp.o)
                0x0000000000003294                __sinit
 .text.__sfp    0x00000000000032f4       0x74 /Users/scottd/workspace/tools/gcc-arm-none-eabi-4_8-2014q3/bin/../lib/gcc/arm-none-eabi/4.8.4/../../../../arm-none-eabi/lib/armv7e-m/libg_s.a(lib_a-findfp.o)
                0x00000000000032f4                __sfp
 .text.__smakebuf_r
                0x0000000000003368       0x9c /Users/scottd/workspace/tools/gcc-arm-none-eabi-4_8-2014q3/bin/../lib/gcc/arm-none-eabi/4.8.4/../../../../arm-none-eabi/lib/armv7e-m/libg_s.a(lib_a-makebuf.o)
                0x0000000000003368                __smakebuf_r
 .text.memchr   0x0000000000003404       0x1e /Users/scottd/workspace/tools/gcc-arm-none-eabi-4_8-2014q3/bin/../lib/gcc/arm-none-eabi/4.8.4/../../../../arm-none-eabi/lib/armv7e-m/libg_s.a(lib_a-memchr-stub.o)
                0x0000000000003404                memchr
 *fill*         0x0000000000003422        0x2 
 .text._free_r  0x0000000000003424       0x88 /Users/scottd/workspace/tools/gcc-arm-none-eabi-4_8-2014q3/bin/../lib/gcc/arm-none-eabi/4.8.4/../../../../arm-none-eabi/lib/armv7e-m/libg_s.a(lib_a-nano-freer.o)
                0x0000000000003424                _free_r
 .text._malloc_r
                0x00000000000034ac       0xa8 /Users/scottd/workspace/tools/gcc-arm-none-eabi-4_8-2014q3/bin/../lib/gcc/arm-none-eabi/4.8.4/../../../../arm-none-eabi/lib/armv7e-m/libg_s.a(lib_a-nano-mallocr.o)
                0x00000000000034ac                _malloc_r
 .text._sbrk_r  0x0000000000003554       0x20 /Users/scottd/workspace/tools/gcc-arm-none-eabi-4_8-2014q3/bin/../lib/gcc/arm-none-eabi/4.8.4/../../../../arm-none-eabi/lib/armv7e-m/libg_s.a(lib_a-sbrkr.o)
                0x0000000000003554                _sbrk_r
 .text._raise_r
                0x0000000000003574       0x50 /Users/scottd/workspace/tools/gcc-arm-none-eabi-4_8-2014q3/bin/../lib/gcc/arm-none-eabi/4.8.4/../../../../arm-none-eabi/lib/armv7e-m/libg_s.a(lib_a-signal.o)
                0x0000000000003574                _raise_r
 .text.raise    0x00000000000035c4       0x10 /Users/scottd/workspace/tools/gcc-arm-none-eabi-4_8-2014q3/bin/../lib/gcc/arm-none-eabi/4.8.4/../../../../arm-none-eabi/lib/armv7e-m/libg_s.a(lib_a-signal.o)
                0x00000000000035c4                raise
 .text._kill_r  0x00000000000035d4       0x24 /Users/scottd/workspace/tools/gcc-arm-none-eabi-4_8-2014q3/bin/../lib/gcc/arm-none-eabi/4.8.4/../../../../arm-none-eabi/lib/armv7e-m/libg_s.a(lib_a-signalr.o)
                0x00000000000035d4                _kill_r
 .text._getpid_r
                0x00000000000035f8        0x4 /Users/scottd/workspace/tools/gcc-arm-none-eabi-4_8-2014q3/bin/../lib/gcc/arm-none-eabi/4.8.4/../../../../arm-none-eabi/lib/armv7e-m/libg_s.a(lib_a-signalr.o)
                0x00000000000035f8                _getpid_r
 .text.__sread  0x00000000000035fc       0x22 /Users/scottd/workspace/tools/gcc-arm-none-eabi-4_8-2014q3/bin/../lib/gcc/arm-none-eabi/4.8.4/../../../../arm-none-eabi/lib/armv7e-m/libg_s.a(lib_a-stdio.o)
                0x00000000000035fc                __sread
 .text.__swrite
                0x000000000000361e       0x38 /Users/scottd/workspace/tools/gcc-arm-none-eabi-4_8-2014q3/bin/../lib/gcc/arm-none-eabi/4.8.4/../../../../arm-none-eabi/lib/armv7e-m/libg_s.a(lib_a-stdio.o)
                0x000000000000361e                __swrite
 .text.__sseek  0x0000000000003656       0x24 /Users/scottd/workspace/tools/gcc-arm-none-eabi-4_8-2014q3/bin/../lib/gcc/arm-none-eabi/4.8.4/../../../../arm-none-eabi/lib/armv7e-m/libg_s.a(lib_a-stdio.o)
                0x0000000000003656                __sseek
 .text.__sclose
                0x000000000000367a        0x8 /Users/scottd/workspace/tools/gcc-arm-none-eabi-4_8-2014q3/bin/../lib/gcc/arm-none-eabi/4.8.4/../../../../arm-none-eabi/lib/armv7e-m/libg_s.a(lib_a-stdio.o)
                0x000000000000367a                __sclose
 .text.strlen   0x0000000000003682       0x10 /Users/scottd/workspace/tools/gcc-arm-none-eabi-4_8-2014q3/bin/../lib/gcc/arm-none-eabi/4.8.4/../../../../arm-none-eabi/lib/armv7e-m/libg_s.a(lib_a-strlen.o)
                0x0000000000003682                strlen
 *fill*         0x0000000000003692        0x2 
 .text._write_r
                0x0000000000003694       0x24 /Users/scottd/workspace/tools/gcc-arm-none-eabi-4_8-2014q3/bin/../lib/gcc/arm-none-eabi/4.8.4/../../../../arm-none-eabi/lib/armv7e-m/libg_s.a(lib_a-writer.o)
                0x0000000000003694                _write_r
 .text._close_r
                0x00000000000036b8       0x20 /Users/scottd/workspace/tools/gcc-arm-none-eabi-4_8-2014q3/bin/../lib/gcc/arm-none-eabi/4.8.4/../../../../arm-none-eabi/lib/armv7e-m/libg_s.a(lib_a-closer.o)
                0x00000000000036b8                _close_r
 .text._fstat_r
                0x00000000000036d8       0x24 /Users/scottd/workspace/tools/gcc-arm-none-eabi-4_8-2014q3/bin/../lib/gcc/arm-none-eabi/4.8.4/../../../../arm-none-eabi/lib/armv7e-m/libg_s.a(lib_a-fstatr.o)
                0x00000000000036d8                _fstat_r
 .text._isatty_r
                0x00000000000036fc       0x20 /Users/scottd/workspace/tools/gcc-arm-none-eabi-4_8-2014q3/bin/../lib/gcc/arm-none-eabi/4.8.4/../../../../arm-none-eabi/lib/armv7e-m/libg_s.a(lib_a-isattyr.o)
                0x00000000000036fc                _isatty_r
 .text._lseek_r
                0x000000000000371c       0x24 /Users/scottd/workspace/tools/gcc-arm-none-eabi-4_8-2014q3/bin/../lib/gcc/arm-none-eabi/4.8.4/../../../../arm-none-eabi/lib/armv7e-m/libg_s.a(lib_a-lseekr.o)
                0x000000000000371c                _lseek_r
 .text._read_r  0x0000000000003740       0x24 /Users/scottd/workspace/tools/gcc-arm-none-eabi-4_8-2014q3/bin/../lib/gcc/arm-none-eabi/4.8.4/../../../../arm-none-eabi/lib/armv7e-m/libg_s.a(lib_a-readr.o)
                0x0000000000003740                _read_r
 .text._close   0x0000000000003764       0x10 /Users/scottd/workspace/tools/gcc-arm-none-eabi-4_8-2014q3/bin/../lib/gcc/arm-none-eabi/4.8.4/../../../../arm-none-eabi/lib/armv7e-m/libnosys.a(close.o)
                0x0000000000003764                _close
 .text._fstat   0x0000000000003774       0x10 /Users/scottd/workspace/tools/gcc-arm-none-eabi-4_8-2014q3/bin/../lib/gcc/arm-none-eabi/4.8.4/../../../../arm-none-eabi/lib/armv7e-m/libnosys.a(fstat.o)
                0x0000000000003774                _fstat
 .text._getpid  0x0000000000003784       0x10 /Users/scottd/workspace/tools/gcc-arm-none-eabi-4_8-2014q3/bin/../lib/gcc/arm-none-eabi/4.8.4/../../../../arm-none-eabi/lib/armv7e-m/libnosys.a(getpid.o)
                0x0000000000003784                _getpid
 .text._isatty  0x0000000000003794       0x10 /Users/scottd/workspace/tools/gcc-arm-none-eabi-4_8-2014q3/bin/../lib/gcc/arm-none-eabi/4.8.4/../../../../arm-none-eabi/lib/armv7e-m/libnosys.a(isatty.o)
                0x0000000000003794                _isatty
 .text._kill    0x00000000000037a4       0x10 /Users/scottd/workspace/tools/gcc-arm-none-eabi-4_8-2014q3/bin/../lib/gcc/arm-none-eabi/4.8.4/../../../../arm-none-eabi/lib/armv7e-m/libnosys.a(kill.o)
                0x00000000000037a4                _kill
 .text._lseek   0x00000000000037b4       0x10 /Users/scottd/workspace/tools/gcc-arm-none-eabi-4_8-2014q3/bin/../lib/gcc/arm-none-eabi/4.8.4/../../../../arm-none-eabi/lib/armv7e-m/libnosys.a(lseek.o)
                0x00000000000037b4                _lseek
 .text._sbrk    0x00000000000037c4       0x34 /Users/scottd/workspace/tools/gcc-arm-none-eabi-4_8-2014q3/bin/../lib/gcc/arm-none-eabi/4.8.4/../../../../arm-none-eabi/lib/armv7e-m/libnosys.a(sbrk.o)
                0x00000000000037c4                _sbrk
 .text._exit    0x00000000000037f8        0x4 /Users/scottd/workspace/tools/gcc-arm-none-eabi-4_8-2014q3/bin/../lib/gcc/arm-none-eabi/4.8.4/../../../../arm-none-eabi/lib/armv7e-m/libnosys.a(_exit.o)
                0x00000000000037f8                _exit
 *(.rodata)
 .rodata        0x00000000000037fc      0x118 /var/folders/xk/_z_dkq7d30gc4hlq2bvsjy2m0000gq/T//ccBi8N0K.ltrans1.ltrans.o
 .rodata        0x0000000000003914       0x44 /var/folders/xk/_z_dkq7d30gc4hlq2bvsjy2m0000gq/T//ccBi8N0K.ltrans2.ltrans.o
 .rodata        0x0000000000003958       0x7c /var/folders/xk/_z_dkq7d30gc4hlq2bvsjy2m0000gq/T//ccBi8N0K.ltrans3.ltrans.o
 *(.rodata*)
 .rodata.mcgConfig_BOARD_BootClockRUN
                0x00000000000039d4        0xc /var/folders/xk/_z_dkq7d30gc4hlq2bvsjy2m0000gq/T//ccBi8N0K.ltrans0.ltrans.o
                0x00000000000039d4                mcgConfig_BOARD_BootClockRUN
 .rodata.simConfig_BOARD_BootClockRUN
                0x00000000000039e0        0x8 /var/folders/xk/_z_dkq7d30gc4hlq2bvsjy2m0000gq/T//ccBi8N0K.ltrans0.ltrans.o
                0x00000000000039e0                simConfig_BOARD_BootClockRUN
 .rodata.oscConfig_BOARD_BootClockRUN
                0x00000000000039e8        0x8 /var/folders/xk/_z_dkq7d30gc4hlq2bvsjy2m0000gq/T//ccBi8N0K.ltrans0.ltrans.o
                0x00000000000039e8                oscConfig_BOARD_BootClockRUN
 .rodata.__func__.6413.4521
                0x00000000000039f0       0x18 /var/folders/xk/_z_dkq7d30gc4hlq2bvsjy2m0000gq/T//ccBi8N0K.ltrans0.ltrans.o
                0x00000000000039f0                __func__.6413.4521
 .rodata.fllFactorTable.6538.4527
                0x0000000000003a08       0x10 /var/folders/xk/_z_dkq7d30gc4hlq2bvsjy2m0000gq/T//ccBi8N0K.ltrans0.ltrans.o
                0x0000000000003a08                fllFactorTable.6538.4527
 .rodata.__func__.6553.4530
                0x0000000000003a18       0x14 /var/folders/xk/_z_dkq7d30gc4hlq2bvsjy2m0000gq/T//ccBi8N0K.ltrans0.ltrans.o
                0x0000000000003a18                __func__.6553.4530
 .rodata.__func__.6601.4531
                0x0000000000003a2c       0x14 /var/folders/xk/_z_dkq7d30gc4hlq2bvsjy2m0000gq/T//ccBi8N0K.ltrans0.ltrans.o
                0x0000000000003a2c                __func__.6601.4531
 .rodata.__func__.6800.4533
                0x0000000000003a40       0x14 /var/folders/xk/_z_dkq7d30gc4hlq2bvsjy2m0000gq/T//ccBi8N0K.ltrans0.ltrans.o
                0x0000000000003a40                __func__.6800.4533
 .rodata.s_uartBases.5150
                0x0000000000003a54       0x18 /var/folders/xk/_z_dkq7d30gc4hlq2bvsjy2m0000gq/T//ccBi8N0K.ltrans0.ltrans.o
                0x0000000000003a54                s_uartBases.5150
 .rodata.s_uartClock.5155
                0x0000000000003a6c       0x18 /var/folders/xk/_z_dkq7d30gc4hlq2bvsjy2m0000gq/T//ccBi8N0K.ltrans0.ltrans.o
                0x0000000000003a6c                s_uartClock.5155
 .rodata.__func__.6609.5151
                0x0000000000003a84       0x14 /var/folders/xk/_z_dkq7d30gc4hlq2bvsjy2m0000gq/T//ccBi8N0K.ltrans0.ltrans.o
                0x0000000000003a84                __func__.6609.5151
 .rodata.__func__.6625.5154
                0x0000000000003a98        0xc /var/folders/xk/_z_dkq7d30gc4hlq2bvsjy2m0000gq/T//ccBi8N0K.ltrans0.ltrans.o
                0x0000000000003a98                __func__.6625.5154
 .rodata.__func__.6642.5156
                0x0000000000003aa4       0x18 /var/folders/xk/_z_dkq7d30gc4hlq2bvsjy2m0000gq/T//ccBi8N0K.ltrans0.ltrans.o
                0x0000000000003aa4                __func__.6642.5156
 .rodata.__func__.6701.5159
                0x0000000000003abc       0x14 /var/folders/xk/_z_dkq7d30gc4hlq2bvsjy2m0000gq/T//ccBi8N0K.ltrans0.ltrans.o
                0x0000000000003abc                __func__.6701.5159
 .rodata.str1.1
                0x0000000000003ad0       0x3c /Users/scottd/workspace/tools/gcc-arm-none-eabi-4_8-2014q3/bin/../lib/gcc/arm-none-eabi/4.8.4/../../../../arm-none-eabi/lib/armv7e-m/libg_s.a(lib_a-assert.o)
                                         0x3d (size before relaxing)
 .rodata.str1.1
                0x0000000000003b0c        0x2 /Users/scottd/workspace/tools/gcc-arm-none-eabi-4_8-2014q3/bin/../lib/gcc/arm-none-eabi/4.8.4/../../../../arm-none-eabi/lib/armv7e-m/libg_s.a(lib_a-impure.o)
 *fill*         0x0000000000003b0e        0x2 
 .rodata._global_impure_ptr
                0x0000000000003b10        0x4 /Users/scottd/workspace/tools/gcc-arm-none-eabi-4_8-2014q3/bin/../lib/gcc/arm-none-eabi/4.8.4/../../../../arm-none-eabi/lib/armv7e-m/libg_s.a(lib_a-impure.o)
                0x0000000000003b10                _global_impure_ptr
 .rodata.str1.1
                0x0000000000003b14       0x11 /Users/scottd/workspace/tools/gcc-arm-none-eabi-4_8-2014q3/bin/../lib/gcc/arm-none-eabi/4.8.4/../../../../arm-none-eabi/lib/armv7e-m/libg_s.a(lib_a-vfprintf.o)
 .rodata.str1.1
                0x0000000000003b25       0x22 /Users/scottd/workspace/tools/gcc-arm-none-eabi-4_8-2014q3/bin/../lib/gcc/arm-none-eabi/4.8.4/../../../../arm-none-eabi/lib/armv7e-m/libg_s.a(lib_a-vfprintf_i.o)
 *fill*         0x0000000000003b47        0x1 
 .rodata.__sf_fake_stdin
                0x0000000000003b48       0x20 /Users/scottd/workspace/tools/gcc-arm-none-eabi-4_8-2014q3/bin/../lib/gcc/arm-none-eabi/4.8.4/../../../../arm-none-eabi/lib/armv7e-m/libg_s.a(lib_a-findfp.o)
                0x0000000000003b48                __sf_fake_stdin
 .rodata.__sf_fake_stdout
                0x0000000000003b68       0x20 /Users/scottd/workspace/tools/gcc-arm-none-eabi-4_8-2014q3/bin/../lib/gcc/arm-none-eabi/4.8.4/../../../../arm-none-eabi/lib/armv7e-m/libg_s.a(lib_a-findfp.o)
                0x0000000000003b68                __sf_fake_stdout
 .rodata.__sf_fake_stderr
                0x0000000000003b88       0x20 /Users/scottd/workspace/tools/gcc-arm-none-eabi-4_8-2014q3/bin/../lib/gcc/arm-none-eabi/4.8.4/../../../../arm-none-eabi/lib/armv7e-m/libg_s.a(lib_a-findfp.o)
                0x0000000000003b88                __sf_fake_stderr
 *(.glue_7)
 .glue_7        0x0000000000000000        0x0 linker stubs
 *(.glue_7t)
 .glue_7t       0x0000000000000000        0x0 linker stubs
 *(.eh_frame)
 .eh_frame      0x0000000000003ba8        0x0 /Users/scottd/workspace/tools/gcc-arm-none-eabi-4_8-2014q3/bin/../lib/gcc/arm-none-eabi/4.8.4/armv7e-m/crtbegin.o
 *(.init)
 .init          0x0000000000003ba8        0x4 /Users/scottd/workspace/tools/gcc-arm-none-eabi-4_8-2014q3/bin/../lib/gcc/arm-none-eabi/4.8.4/armv7e-m/crti.o
                0x0000000000003ba8                _init
 .init          0x0000000000003bac        0x8 /Users/scottd/workspace/tools/gcc-arm-none-eabi-4_8-2014q3/bin/../lib/gcc/arm-none-eabi/4.8.4/armv7e-m/crtn.o
 *(.fini)
 .fini          0x0000000000003bb4        0x4 /Users/scottd/workspace/tools/gcc-arm-none-eabi-4_8-2014q3/bin/../lib/gcc/arm-none-eabi/4.8.4/armv7e-m/crti.o
                0x0000000000003bb4                _fini
 .fini          0x0000000000003bb8        0x8 /Users/scottd/workspace/tools/gcc-arm-none-eabi-4_8-2014q3/bin/../lib/gcc/arm-none-eabi/4.8.4/armv7e-m/crtn.o
                0x0000000000003bc0                . = ALIGN (0x4)

.vfp11_veneer   0x0000000000003bc0        0x0
 .vfp11_veneer  0x0000000000000000        0x0 linker stubs

.v4_bx          0x0000000000003bc0        0x0
 .v4_bx         0x0000000000000000        0x0 linker stubs

.iplt           0x0000000000003bc0        0x0
 .iplt          0x0000000000000000        0x0 /Users/scottd/workspace/tools/gcc-arm-none-eabi-4_8-2014q3/bin/../lib/gcc/arm-none-eabi/4.8.4/armv7e-m/crtbegin.o

.ARM.extab
 *(.ARM.extab* .gnu.linkonce.armextab.*)

.ARM            0x0000000000003bc0        0x8
                0x0000000000003bc0                __exidx_start = .
 *(.ARM.exidx*)
 .ARM.exidx     0x0000000000003bc0        0x8 /Users/scottd/workspace/tools/gcc-arm-none-eabi-4_8-2014q3/bin/../lib/gcc/arm-none-eabi/4.8.4/../../../../arm-none-eabi/lib/armv7e-m/crt0.o
 .ARM.exidx     0x0000000000003bc8        0x0 /Users/scottd/workspace/tools/gcc-arm-none-eabi-4_8-2014q3/bin/../lib/gcc/arm-none-eabi/4.8.4/armv7e-m/libgcc.a(_divdi3.o)
                                          0x8 (size before relaxing)
 .ARM.exidx     0x0000000000003bc8        0x0 /Users/scottd/workspace/tools/gcc-arm-none-eabi-4_8-2014q3/bin/../lib/gcc/arm-none-eabi/4.8.4/armv7e-m/libgcc.a(_udivdi3.o)
                                          0x8 (size before relaxing)
                0x0000000000003bc8                __exidx_end = .

.rel.dyn        0x0000000000003bc8        0x0
 .rel.iplt      0x0000000000000000        0x0 /Users/scottd/workspace/tools/gcc-arm-none-eabi-4_8-2014q3/bin/../lib/gcc/arm-none-eabi/4.8.4/armv7e-m/crtbegin.o

.ctors          0x0000000000003bc8        0x0
                0x0000000000003bc8                __CTOR_LIST__ = .
 *crtbegin.o(.ctors)
 *crtbegin?.o(.ctors)
 *(EXCLUDE_FILE(*crtend.o *crtend?.o) .ctors)
 *(SORT(.ctors.*))
 *(.ctors)
                0x0000000000003bc8                __CTOR_END__ = .

.dtors          0x0000000000003bc8        0x0
                0x0000000000003bc8                __DTOR_LIST__ = .
 *crtbegin.o(.dtors)
 *crtbegin?.o(.dtors)
 *(EXCLUDE_FILE(*crtend.o *crtend?.o) .dtors)
 *(SORT(.dtors.*))
 *(.dtors)
                0x0000000000003bc8                __DTOR_END__ = .

.preinit_array  0x0000000000003bc8        0x0
                0x0000000000003bc8                PROVIDE (__preinit_array_start, .)
 *(.preinit_array*)
                0x0000000000003bc8                PROVIDE (__preinit_array_end, .)

.init_array     0x0000000000003bc8        0x4
                0x0000000000003bc8                PROVIDE (__init_array_start, .)
 *(SORT(.init_array.*))
 *(.init_array*)
 .init_array    0x0000000000003bc8        0x4 /Users/scottd/workspace/tools/gcc-arm-none-eabi-4_8-2014q3/bin/../lib/gcc/arm-none-eabi/4.8.4/armv7e-m/crtbegin.o
                0x0000000000003bcc                PROVIDE (__init_array_end, .)

.fini_array     0x0000000000003bcc        0x4
                0x0000000000003bcc                PROVIDE (__fini_array_start, .)
 *(SORT(.fini_array.*))
 *(.fini_array*)
 .fini_array    0x0000000000003bcc        0x4 /Users/scottd/workspace/tools/gcc-arm-none-eabi-4_8-2014q3/bin/../lib/gcc/arm-none-eabi/4.8.4/armv7e-m/crtbegin.o
                0x0000000000003bd0                PROVIDE (__fini_array_end, .)
                0x0000000000003bd0                __etext = .
                0x0000000000003bd0                __DATA_ROM = .

.interrupts_ram
                0x000000001fff8000        0x0
                0x000000001fff8000                . = ALIGN (0x4)
                0x000000001fff8000                __VECTOR_RAM__ = .
                0x000000001fff8000                __interrupts_ram_start__ = .
 *(.m_interrupts_ram)
                0x000000001fff8000                . = (. + M_VECTOR_RAM_SIZE)
                0x000000001fff8000                . = ALIGN (0x4)
                0x000000001fff8000                __interrupts_ram_end__ = .
                0x0000000000000000                __VECTOR_RAM = DEFINED (__ram_vector_table__)?__VECTOR_RAM__:ORIGIN (m_interrupts)
                0x0000000000000000                __RAM_VECTOR_TABLE_SIZE_BYTES = DEFINED (__ram_vector_table__)?(__interrupts_ram_end__ - __interrupts_ram_start__):0x0

.data           0x000000001fff8000       0x74 load address 0x0000000000003bd0
                0x000000001fff8000                . = ALIGN (0x4)
                0x000000001fff8000                __DATA_RAM = .
                0x000000001fff8000                __data_start__ = .
 *(.data)
 *(.data*)
 .data.SystemCoreClock
                0x000000001fff8000        0x4 /var/folders/xk/_z_dkq7d30gc4hlq2bvsjy2m0000gq/T//ccBi8N0K.ltrans0.ltrans.o
                0x000000001fff8000                SystemCoreClock
 .data.s_slowIrcFreq.4523
                0x000000001fff8004        0x4 /var/folders/xk/_z_dkq7d30gc4hlq2bvsjy2m0000gq/T//ccBi8N0K.ltrans0.ltrans.o
                0x000000001fff8004                s_slowIrcFreq.4523
 .data.s_fastIrcFreq.4524
                0x000000001fff8008        0x4 /var/folders/xk/_z_dkq7d30gc4hlq2bvsjy2m0000gq/T//ccBi8N0K.ltrans0.ltrans.o
                0x000000001fff8008                s_fastIrcFreq.4524
 .data.impure_data
                0x000000001fff800c       0x60 /Users/scottd/workspace/tools/gcc-arm-none-eabi-4_8-2014q3/bin/../lib/gcc/arm-none-eabi/4.8.4/../../../../arm-none-eabi/lib/armv7e-m/libg_s.a(lib_a-impure.o)
 .data._impure_ptr
                0x000000001fff806c        0x4 /Users/scottd/workspace/tools/gcc-arm-none-eabi-4_8-2014q3/bin/../lib/gcc/arm-none-eabi/4.8.4/../../../../arm-none-eabi/lib/armv7e-m/libg_s.a(lib_a-impure.o)
                0x000000001fff806c                _impure_ptr
 *(.jcr*)
 .jcr           0x000000001fff8070        0x0 /Users/scottd/workspace/tools/gcc-arm-none-eabi-4_8-2014q3/bin/../lib/gcc/arm-none-eabi/4.8.4/armv7e-m/crtbegin.o
 .jcr           0x000000001fff8070        0x4 /Users/scottd/workspace/tools/gcc-arm-none-eabi-4_8-2014q3/bin/../lib/gcc/arm-none-eabi/4.8.4/armv7e-m/crtend.o
                0x000000001fff8074                . = ALIGN (0x4)
                0x000000001fff8074                __data_end__ = .
                0x0000000000003c44                __DATA_END = (__DATA_ROM + (__data_end__ - __data_start__))
                0x0000000000040000                text_end = (ORIGIN (m_text) + 0x3fbf0)
                0x0000000000000001                ASSERT ((__DATA_END <= text_end), region m_text overflowed with text and data)
                0x0000000000000800                USB_RAM_GAP = DEFINED (__usb_ram_size__)?__usb_ram_size__:0x800

.igot.plt       0x000000001fff8074        0x0 load address 0x0000000000003c44
 .igot.plt      0x0000000000000000        0x0 /Users/scottd/workspace/tools/gcc-arm-none-eabi-4_8-2014q3/bin/../lib/gcc/arm-none-eabi/4.8.4/armv7e-m/crtbegin.o

.bss            0x000000001fff8074      0x990 load address 0x0000000000003c44
                0x000000001fff8074                . = ALIGN (0x4)
                0x000000001fff8074                __START_BSS = .
                0x000000001fff8074                __bss_start__ = .
 *(.bss)
 .bss           0x000000001fff8074       0x1c /Users/scottd/workspace/tools/gcc-arm-none-eabi-4_8-2014q3/bin/../lib/gcc/arm-none-eabi/4.8.4/armv7e-m/crtbegin.o
 *(.bss*)
 .bss.g_xtal0Freq
                0x000000001fff8090        0x4 /var/folders/xk/_z_dkq7d30gc4hlq2bvsjy2m0000gq/T//ccBi8N0K.ltrans0.ltrans.o
                0x000000001fff8090                g_xtal0Freq
 .bss.g_xtal32Freq
                0x000000001fff8094        0x4 /var/folders/xk/_z_dkq7d30gc4hlq2bvsjy2m0000gq/T//ccBi8N0K.ltrans0.ltrans.o
                0x000000001fff8094                g_xtal32Freq
 .bss.s_debugConsole.4825
                0x000000001fff8098       0x10 /var/folders/xk/_z_dkq7d30gc4hlq2bvsjy2m0000gq/T//ccBi8N0K.ltrans0.ltrans.o
                0x000000001fff8098                s_debugConsole.4825
 .bss.s_uartHandle.5163
                0x000000001fff80a8       0x18 /var/folders/xk/_z_dkq7d30gc4hlq2bvsjy2m0000gq/T//ccBi8N0K.ltrans0.ltrans.o
                0x000000001fff80a8                s_uartHandle.5163
 .bss.s_uartIsr.5164
                0x000000001fff80c0        0x4 /var/folders/xk/_z_dkq7d30gc4hlq2bvsjy2m0000gq/T//ccBi8N0K.ltrans0.ltrans.o
                0x000000001fff80c0                s_uartIsr.5164
 .bss.__malloc_sbrk_start
                0x000000001fff80c4        0x4 /Users/scottd/workspace/tools/gcc-arm-none-eabi-4_8-2014q3/bin/../lib/gcc/arm-none-eabi/4.8.4/../../../../arm-none-eabi/lib/armv7e-m/libg_s.a(lib_a-nano-mallocr.o)
                0x000000001fff80c4                __malloc_sbrk_start
 .bss.__malloc_free_list
                0x000000001fff80c8        0x4 /Users/scottd/workspace/tools/gcc-arm-none-eabi-4_8-2014q3/bin/../lib/gcc/arm-none-eabi/4.8.4/../../../../arm-none-eabi/lib/armv7e-m/libg_s.a(lib_a-nano-mallocr.o)
                0x000000001fff80c8                __malloc_free_list
 .bss.heap_end.4246
                0x000000001fff80cc        0x4 /Users/scottd/workspace/tools/gcc-arm-none-eabi-4_8-2014q3/bin/../lib/gcc/arm-none-eabi/4.8.4/../../../../arm-none-eabi/lib/armv7e-m/libnosys.a(sbrk.o)
                0x000000001fff8200                . = ALIGN (0x200)
 *fill*         0x000000001fff80d0      0x130 
                0x000000001fff8200                USB_RAM_START = .
                0x000000001fff8a00                . = (. + USB_RAM_GAP)
 *fill*         0x000000001fff8200      0x800 
 *(COMMON)
 COMMON         0x000000001fff8a00        0x4 /Users/scottd/workspace/tools/gcc-arm-none-eabi-4_8-2014q3/bin/../lib/gcc/arm-none-eabi/4.8.4/../../../../arm-none-eabi/lib/armv7e-m/libg_s.a(lib_a-reent.o)
                0x000000001fff8a00                errno
                0x000000001fff8a04                . = ALIGN (0x4)
                0x000000001fff8a04                __bss_end__ = .
                0x000000001fff8a04                __END_BSS = .

.heap           0x0000000020000000      0x400
                0x0000000020000000                . = ALIGN (0x8)
                0x0000000020000000                __end__ = .
                0x0000000020000000                PROVIDE (end, .)
                0x0000000020000000                __HeapBase = .
                0x0000000020000400                . = (. + HEAP_SIZE)
 *fill*         0x0000000020000000      0x400 
                0x0000000020000400                __HeapLimit = .
                0x0000000020000400                __heap_limit = .

.stack          0x0000000020000400      0x400
                0x0000000020000400                . = ALIGN (0x8)
                0x0000000020000800                . = (. + STACK_SIZE)
 *fill*         0x0000000020000400      0x400 

m_usb_bdt       0x000000001fff8200        0x0
 *(m_usb_bdt)
                0x000000001fff8200                USB_RAM_BDT_END = .

m_usb_global
 *(m_usb_global)
                0x0000000020008000                __StackTop = (ORIGIN (m_data_2) + 0x8000)
                0x0000000020007c00                __StackLimit = (__StackTop - STACK_SIZE)
                0x0000000020008000                PROVIDE (__stack, __StackTop)

.ARM.attributes
                0x0000000000000000       0x2a
 *(.ARM.attributes)
 .ARM.attributes
                0x0000000000000000       0x1e /Users/scottd/workspace/tools/gcc-arm-none-eabi-4_8-2014q3/bin/../lib/gcc/arm-none-eabi/4.8.4/armv7e-m/crti.o
 .ARM.attributes
                0x000000000000001e       0x2e /Users/scottd/workspace/tools/gcc-arm-none-eabi-4_8-2014q3/bin/../lib/gcc/arm-none-eabi/4.8.4/armv7e-m/crtbegin.o
 .ARM.attributes
                0x000000000000004c       0x1c /Users/scottd/workspace/tools/gcc-arm-none-eabi-4_8-2014q3/bin/../lib/gcc/arm-none-eabi/4.8.4/../../../../arm-none-eabi/lib/armv7e-m/crt0.o
 .ARM.attributes
                0x0000000000000068       0x1b build/debug/TEENSY_32/SDK_2.0_MK20DX256xxx10/devices/MK20D10/gcc/startup_MK20D10.o
 .ARM.attributes
                0x0000000000000083       0x31 /var/folders/xk/_z_dkq7d30gc4hlq2bvsjy2m0000gq/T//ccBi8N0K.ltrans0.ltrans.o
 .ARM.attributes
                0x00000000000000b4       0x31 /var/folders/xk/_z_dkq7d30gc4hlq2bvsjy2m0000gq/T//ccBi8N0K.ltrans1.ltrans.o
 .ARM.attributes
                0x00000000000000e5       0x31 /var/folders/xk/_z_dkq7d30gc4hlq2bvsjy2m0000gq/T//ccBi8N0K.ltrans2.ltrans.o
 .ARM.attributes
                0x0000000000000116       0x31 /var/folders/xk/_z_dkq7d30gc4hlq2bvsjy2m0000gq/T//ccBi8N0K.ltrans3.ltrans.o
 .ARM.attributes
                0x0000000000000147       0x1e /Users/scottd/workspace/tools/gcc-arm-none-eabi-4_8-2014q3/bin/../lib/gcc/arm-none-eabi/4.8.4/armv7e-m/libgcc.a(_aeabi_ldivmod.o)
 .ARM.attributes
                0x0000000000000165       0x1e /Users/scottd/workspace/tools/gcc-arm-none-eabi-4_8-2014q3/bin/../lib/gcc/arm-none-eabi/4.8.4/armv7e-m/libgcc.a(_aeabi_uldivmod.o)
 .ARM.attributes
                0x0000000000000183       0x2e /Users/scottd/workspace/tools/gcc-arm-none-eabi-4_8-2014q3/bin/../lib/gcc/arm-none-eabi/4.8.4/armv7e-m/libgcc.a(bpabi.o)
 .ARM.attributes
                0x00000000000001b1       0x1e /Users/scottd/workspace/tools/gcc-arm-none-eabi-4_8-2014q3/bin/../lib/gcc/arm-none-eabi/4.8.4/armv7e-m/libgcc.a(_dvmd_tls.o)
 .ARM.attributes
                0x00000000000001cf       0x2e /Users/scottd/workspace/tools/gcc-arm-none-eabi-4_8-2014q3/bin/../lib/gcc/arm-none-eabi/4.8.4/armv7e-m/libgcc.a(_divdi3.o)
 .ARM.attributes
                0x00000000000001fd       0x2e /Users/scottd/workspace/tools/gcc-arm-none-eabi-4_8-2014q3/bin/../lib/gcc/arm-none-eabi/4.8.4/armv7e-m/libgcc.a(_udivdi3.o)
 .ARM.attributes
                0x000000000000022b       0x2e /Users/scottd/workspace/tools/gcc-arm-none-eabi-4_8-2014q3/bin/../lib/gcc/arm-none-eabi/4.8.4/../../../../arm-none-eabi/lib/armv7e-m/libg_s.a(lib_a-assert.o)
 .ARM.attributes
                0x0000000000000259       0x2e /Users/scottd/workspace/tools/gcc-arm-none-eabi-4_8-2014q3/bin/../lib/gcc/arm-none-eabi/4.8.4/../../../../arm-none-eabi/lib/armv7e-m/libg_s.a(lib_a-exit.o)
 .ARM.attributes
                0x0000000000000287       0x2e /Users/scottd/workspace/tools/gcc-arm-none-eabi-4_8-2014q3/bin/../lib/gcc/arm-none-eabi/4.8.4/../../../../arm-none-eabi/lib/armv7e-m/libg_s.a(lib_a-fprintf.o)
 .ARM.attributes
                0x00000000000002b5       0x2e /Users/scottd/workspace/tools/gcc-arm-none-eabi-4_8-2014q3/bin/../lib/gcc/arm-none-eabi/4.8.4/../../../../arm-none-eabi/lib/armv7e-m/libg_s.a(lib_a-impure.o)
 .ARM.attributes
                0x00000000000002e3       0x2e /Users/scottd/workspace/tools/gcc-arm-none-eabi-4_8-2014q3/bin/../lib/gcc/arm-none-eabi/4.8.4/../../../../arm-none-eabi/lib/armv7e-m/libg_s.a(lib_a-init.o)
 .ARM.attributes
                0x0000000000000311       0x2e /Users/scottd/workspace/tools/gcc-arm-none-eabi-4_8-2014q3/bin/../lib/gcc/arm-none-eabi/4.8.4/../../../../arm-none-eabi/lib/armv7e-m/libg_s.a(lib_a-memset.o)
 .ARM.attributes
                0x000000000000033f       0x2e /Users/scottd/workspace/tools/gcc-arm-none-eabi-4_8-2014q3/bin/../lib/gcc/arm-none-eabi/4.8.4/../../../../arm-none-eabi/lib/armv7e-m/libg_s.a(lib_a-vfprintf.o)
 .ARM.attributes
                0x000000000000036d       0x2e /Users/scottd/workspace/tools/gcc-arm-none-eabi-4_8-2014q3/bin/../lib/gcc/arm-none-eabi/4.8.4/../../../../arm-none-eabi/lib/armv7e-m/libg_s.a(lib_a-vfprintf_i.o)
 .ARM.attributes
                0x000000000000039b       0x2e /Users/scottd/workspace/tools/gcc-arm-none-eabi-4_8-2014q3/bin/../lib/gcc/arm-none-eabi/4.8.4/../../../../arm-none-eabi/lib/armv7e-m/libg_s.a(lib_a-wbuf.o)
 .ARM.attributes
                0x00000000000003c9       0x2e /Users/scottd/workspace/tools/gcc-arm-none-eabi-4_8-2014q3/bin/../lib/gcc/arm-none-eabi/4.8.4/../../../../arm-none-eabi/lib/armv7e-m/libg_s.a(lib_a-wsetup.o)
 .ARM.attributes
                0x00000000000003f7       0x2e /Users/scottd/workspace/tools/gcc-arm-none-eabi-4_8-2014q3/bin/../lib/gcc/arm-none-eabi/4.8.4/../../../../arm-none-eabi/lib/armv7e-m/libg_s.a(lib_a-abort.o)
 .ARM.attributes
                0x0000000000000425       0x2e /Users/scottd/workspace/tools/gcc-arm-none-eabi-4_8-2014q3/bin/../lib/gcc/arm-none-eabi/4.8.4/../../../../arm-none-eabi/lib/armv7e-m/libg_s.a(lib_a-fflush.o)
 .ARM.attributes
                0x0000000000000453       0x2e /Users/scottd/workspace/tools/gcc-arm-none-eabi-4_8-2014q3/bin/../lib/gcc/arm-none-eabi/4.8.4/../../../../arm-none-eabi/lib/armv7e-m/libg_s.a(lib_a-findfp.o)
 .ARM.attributes
                0x0000000000000481       0x2e /Users/scottd/workspace/tools/gcc-arm-none-eabi-4_8-2014q3/bin/../lib/gcc/arm-none-eabi/4.8.4/../../../../arm-none-eabi/lib/armv7e-m/libg_s.a(lib_a-makebuf.o)
 .ARM.attributes
                0x00000000000004af       0x2e /Users/scottd/workspace/tools/gcc-arm-none-eabi-4_8-2014q3/bin/../lib/gcc/arm-none-eabi/4.8.4/../../../../arm-none-eabi/lib/armv7e-m/libg_s.a(lib_a-memchr-stub.o)
 .ARM.attributes
                0x00000000000004dd       0x2e /Users/scottd/workspace/tools/gcc-arm-none-eabi-4_8-2014q3/bin/../lib/gcc/arm-none-eabi/4.8.4/../../../../arm-none-eabi/lib/armv7e-m/libg_s.a(lib_a-nano-freer.o)
 .ARM.attributes
                0x000000000000050b       0x2e /Users/scottd/workspace/tools/gcc-arm-none-eabi-4_8-2014q3/bin/../lib/gcc/arm-none-eabi/4.8.4/../../../../arm-none-eabi/lib/armv7e-m/libg_s.a(lib_a-nano-mallocr.o)
 .ARM.attributes
                0x0000000000000539       0x2e /Users/scottd/workspace/tools/gcc-arm-none-eabi-4_8-2014q3/bin/../lib/gcc/arm-none-eabi/4.8.4/../../../../arm-none-eabi/lib/armv7e-m/libg_s.a(lib_a-sbrkr.o)
 .ARM.attributes
                0x0000000000000567       0x2e /Users/scottd/workspace/tools/gcc-arm-none-eabi-4_8-2014q3/bin/../lib/gcc/arm-none-eabi/4.8.4/../../../../arm-none-eabi/lib/armv7e-m/libg_s.a(lib_a-signal.o)
 .ARM.attributes
                0x0000000000000595       0x2e /Users/scottd/workspace/tools/gcc-arm-none-eabi-4_8-2014q3/bin/../lib/gcc/arm-none-eabi/4.8.4/../../../../arm-none-eabi/lib/armv7e-m/libg_s.a(lib_a-signalr.o)
 .ARM.attributes
                0x00000000000005c3       0x2e /Users/scottd/workspace/tools/gcc-arm-none-eabi-4_8-2014q3/bin/../lib/gcc/arm-none-eabi/4.8.4/../../../../arm-none-eabi/lib/armv7e-m/libg_s.a(lib_a-stdio.o)
 .ARM.attributes
                0x00000000000005f1       0x2e /Users/scottd/workspace/tools/gcc-arm-none-eabi-4_8-2014q3/bin/../lib/gcc/arm-none-eabi/4.8.4/../../../../arm-none-eabi/lib/armv7e-m/libg_s.a(lib_a-strlen.o)
 .ARM.attributes
                0x000000000000061f       0x2e /Users/scottd/workspace/tools/gcc-arm-none-eabi-4_8-2014q3/bin/../lib/gcc/arm-none-eabi/4.8.4/../../../../arm-none-eabi/lib/armv7e-m/libg_s.a(lib_a-writer.o)
 .ARM.attributes
                0x000000000000064d       0x2e /Users/scottd/workspace/tools/gcc-arm-none-eabi-4_8-2014q3/bin/../lib/gcc/arm-none-eabi/4.8.4/../../../../arm-none-eabi/lib/armv7e-m/libg_s.a(lib_a-closer.o)
 .ARM.attributes
                0x000000000000067b       0x2e /Users/scottd/workspace/tools/gcc-arm-none-eabi-4_8-2014q3/bin/../lib/gcc/arm-none-eabi/4.8.4/../../../../arm-none-eabi/lib/armv7e-m/libg_s.a(lib_a-fstatr.o)
 .ARM.attributes
                0x00000000000006a9       0x2e /Users/scottd/workspace/tools/gcc-arm-none-eabi-4_8-2014q3/bin/../lib/gcc/arm-none-eabi/4.8.4/../../../../arm-none-eabi/lib/armv7e-m/libg_s.a(lib_a-isattyr.o)
 .ARM.attributes
                0x00000000000006d7       0x2e /Users/scottd/workspace/tools/gcc-arm-none-eabi-4_8-2014q3/bin/../lib/gcc/arm-none-eabi/4.8.4/../../../../arm-none-eabi/lib/armv7e-m/libg_s.a(lib_a-lseekr.o)
 .ARM.attributes
                0x0000000000000705       0x2e /Users/scottd/workspace/tools/gcc-arm-none-eabi-4_8-2014q3/bin/../lib/gcc/arm-none-eabi/4.8.4/../../../../arm-none-eabi/lib/armv7e-m/libg_s.a(lib_a-readr.o)
 .ARM.attributes
                0x0000000000000733       0x2e /Users/scottd/workspace/tools/gcc-arm-none-eabi-4_8-2014q3/bin/../lib/gcc/arm-none-eabi/4.8.4/../../../../arm-none-eabi/lib/armv7e-m/libg_s.a(lib_a-reent.o)
 .ARM.attributes
                0x0000000000000761       0x2e /Users/scottd/workspace/tools/gcc-arm-none-eabi-4_8-2014q3/bin/../lib/gcc/arm-none-eabi/4.8.4/../../../../arm-none-eabi/lib/armv7e-m/libnosys.a(close.o)
 .ARM.attributes
                0x000000000000078f       0x2e /Users/scottd/workspace/tools/gcc-arm-none-eabi-4_8-2014q3/bin/../lib/gcc/arm-none-eabi/4.8.4/../../../../arm-none-eabi/lib/armv7e-m/libnosys.a(fstat.o)
 .ARM.attributes
                0x00000000000007bd       0x2e /Users/scottd/workspace/tools/gcc-arm-none-eabi-4_8-2014q3/bin/../lib/gcc/arm-none-eabi/4.8.4/../../../../arm-none-eabi/lib/armv7e-m/libnosys.a(getpid.o)
 .ARM.attributes
                0x00000000000007eb       0x2e /Users/scottd/workspace/tools/gcc-arm-none-eabi-4_8-2014q3/bin/../lib/gcc/arm-none-eabi/4.8.4/../../../../arm-none-eabi/lib/armv7e-m/libnosys.a(isatty.o)
 .ARM.attributes
                0x0000000000000819       0x2e /Users/scottd/workspace/tools/gcc-arm-none-eabi-4_8-2014q3/bin/../lib/gcc/arm-none-eabi/4.8.4/../../../../arm-none-eabi/lib/armv7e-m/libnosys.a(kill.o)
 .ARM.attributes
                0x0000000000000847       0x2e /Users/scottd/workspace/tools/gcc-arm-none-eabi-4_8-2014q3/bin/../lib/gcc/arm-none-eabi/4.8.4/../../../../arm-none-eabi/lib/armv7e-m/libnosys.a(lseek.o)
 .ARM.attributes
                0x0000000000000875       0x2e /Users/scottd/workspace/tools/gcc-arm-none-eabi-4_8-2014q3/bin/../lib/gcc/arm-none-eabi/4.8.4/../../../../arm-none-eabi/lib/armv7e-m/libnosys.a(sbrk.o)
 .ARM.attributes
                0x00000000000008a3       0x2e /Users/scottd/workspace/tools/gcc-arm-none-eabi-4_8-2014q3/bin/../lib/gcc/arm-none-eabi/4.8.4/../../../../arm-none-eabi/lib/armv7e-m/libnosys.a(_exit.o)
 .ARM.attributes
                0x00000000000008d1       0x2e /Users/scottd/workspace/tools/gcc-arm-none-eabi-4_8-2014q3/bin/../lib/gcc/arm-none-eabi/4.8.4/armv7e-m/crtend.o
 .ARM.attributes
                0x00000000000008ff       0x1e /Users/scottd/workspace/tools/gcc-arm-none-eabi-4_8-2014q3/bin/../lib/gcc/arm-none-eabi/4.8.4/armv7e-m/crtn.o
                0x0000000000000001                ASSERT ((__StackLimit >= __HeapLimit), region m_data_2 overflowed with stack and heap)
OUTPUT(build/debug/TEENSY_32/vl6180.elf elf32-littlearm)

.debug_line     0x0000000000000000     0x1c72
 .debug_line    0x0000000000000000      0x188 build/debug/TEENSY_32/SDK_2.0_MK20DX256xxx10/devices/MK20D10/gcc/startup_MK20D10.o
 .debug_line    0x0000000000000188      0x745 /var/folders/xk/_z_dkq7d30gc4hlq2bvsjy2m0000gq/T//ccBi8N0K.ltrans0.ltrans.o
 .debug_line    0x00000000000008cd      0x5ff /var/folders/xk/_z_dkq7d30gc4hlq2bvsjy2m0000gq/T//ccBi8N0K.ltrans1.ltrans.o
 .debug_line    0x0000000000000ecc      0x509 /var/folders/xk/_z_dkq7d30gc4hlq2bvsjy2m0000gq/T//ccBi8N0K.ltrans2.ltrans.o
 .debug_line    0x00000000000013d5      0x89d /var/folders/xk/_z_dkq7d30gc4hlq2bvsjy2m0000gq/T//ccBi8N0K.ltrans3.ltrans.o

.debug_info     0x0000000000000000     0x5b0f
 .debug_info    0x0000000000000000       0xa3 build/debug/TEENSY_32/SDK_2.0_MK20DX256xxx10/devices/MK20D10/gcc/startup_MK20D10.o
 .debug_info    0x00000000000000a3     0x233d /var/folders/xk/_z_dkq7d30gc4hlq2bvsjy2m0000gq/T//ccBi8N0K.ltrans0.ltrans.o
 .debug_info    0x00000000000023e0     0x13f5 /var/folders/xk/_z_dkq7d30gc4hlq2bvsjy2m0000gq/T//ccBi8N0K.ltrans1.ltrans.o
 .debug_info    0x00000000000037d5      0xdc4 /var/folders/xk/_z_dkq7d30gc4hlq2bvsjy2m0000gq/T//ccBi8N0K.ltrans2.ltrans.o
 .debug_info    0x0000000000004599     0x1576 /var/folders/xk/_z_dkq7d30gc4hlq2bvsjy2m0000gq/T//ccBi8N0K.ltrans3.ltrans.o

.debug_abbrev   0x0000000000000000      0xd08
 .debug_abbrev  0x0000000000000000       0x14 build/debug/TEENSY_32/SDK_2.0_MK20DX256xxx10/devices/MK20D10/gcc/startup_MK20D10.o
 .debug_abbrev  0x0000000000000014      0x3d2 /var/folders/xk/_z_dkq7d30gc4hlq2bvsjy2m0000gq/T//ccBi8N0K.ltrans0.ltrans.o
 .debug_abbrev  0x00000000000003e6      0x399 /var/folders/xk/_z_dkq7d30gc4hlq2bvsjy2m0000gq/T//ccBi8N0K.ltrans1.ltrans.o
 .debug_abbrev  0x000000000000077f      0x274 /var/folders/xk/_z_dkq7d30gc4hlq2bvsjy2m0000gq/T//ccBi8N0K.ltrans2.ltrans.o
 .debug_abbrev  0x00000000000009f3      0x315 /var/folders/xk/_z_dkq7d30gc4hlq2bvsjy2m0000gq/T//ccBi8N0K.ltrans3.ltrans.o

.debug_aranges  0x0000000000000000      0x520
 .debug_aranges
                0x0000000000000000       0x20 build/debug/TEENSY_32/SDK_2.0_MK20DX256xxx10/devices/MK20D10/gcc/startup_MK20D10.o
 .debug_aranges
                0x0000000000000020      0x150 /var/folders/xk/_z_dkq7d30gc4hlq2bvsjy2m0000gq/T//ccBi8N0K.ltrans0.ltrans.o
 .debug_aranges
                0x0000000000000170       0xe8 /var/folders/xk/_z_dkq7d30gc4hlq2bvsjy2m0000gq/T//ccBi8N0K.ltrans1.ltrans.o
 .debug_aranges
                0x0000000000000258       0xa8 /var/folders/xk/_z_dkq7d30gc4hlq2bvsjy2m0000gq/T//ccBi8N0K.ltrans2.ltrans.o
 .debug_aranges
                0x0000000000000300      0x220 /var/folders/xk/_z_dkq7d30gc4hlq2bvsjy2m0000gq/T//ccBi8N0K.ltrans3.ltrans.o

.debug_ranges   0x0000000000000000      0x4c0
 .debug_ranges  0x0000000000000000      0x140 /var/folders/xk/_z_dkq7d30gc4hlq2bvsjy2m0000gq/T//ccBi8N0K.ltrans0.ltrans.o
 .debug_ranges  0x0000000000000140       0xd8 /var/folders/xk/_z_dkq7d30gc4hlq2bvsjy2m0000gq/T//ccBi8N0K.ltrans1.ltrans.o
 .debug_ranges  0x0000000000000218       0x98 /var/folders/xk/_z_dkq7d30gc4hlq2bvsjy2m0000gq/T//ccBi8N0K.ltrans2.ltrans.o
 .debug_ranges  0x00000000000002b0      0x210 /var/folders/xk/_z_dkq7d30gc4hlq2bvsjy2m0000gq/T//ccBi8N0K.ltrans3.ltrans.o

.debug_str      0x0000000000000000     0x309f
 .debug_str     0x0000000000000000     0x220b /var/folders/xk/_z_dkq7d30gc4hlq2bvsjy2m0000gq/T//ccBi8N0K.ltrans0.ltrans.o
                                       0x22b9 (size before relaxing)
 .debug_str     0x000000000000220b      0x28f /var/folders/xk/_z_dkq7d30gc4hlq2bvsjy2m0000gq/T//ccBi8N0K.ltrans1.ltrans.o
                                       0x1238 (size before relaxing)
 .debug_str     0x000000000000249a      0x30a /var/folders/xk/_z_dkq7d30gc4hlq2bvsjy2m0000gq/T//ccBi8N0K.ltrans2.ltrans.o
                                        0x94a (size before relaxing)
 .debug_str     0x00000000000027a4      0x8fb /var/folders/xk/_z_dkq7d30gc4hlq2bvsjy2m0000gq/T//ccBi8N0K.ltrans3.ltrans.o
                                       0x1251 (size before relaxing)

.comment        0x0000000000000000       0x70
 .comment       0x0000000000000000       0x70 /var/folders/xk/_z_dkq7d30gc4hlq2bvsjy2m0000gq/T//ccBi8N0K.ltrans0.ltrans.o
                                         0x71 (size before relaxing)
 .comment       0x0000000000000000       0x71 /var/folders/xk/_z_dkq7d30gc4hlq2bvsjy2m0000gq/T//ccBi8N0K.ltrans1.ltrans.o
 .comment       0x0000000000000000       0x71 /var/folders/xk/_z_dkq7d30gc4hlq2bvsjy2m0000gq/T//ccBi8N0K.ltrans2.ltrans.o
 .comment       0x0000000000000000       0x71 /var/folders/xk/_z_dkq7d30gc4hlq2bvsjy2m0000gq/T//ccBi8N0K.ltrans3.ltrans.o

.debug_frame    0x0000000000000000     0x1b0c
 .debug_frame   0x0000000000000000      0x488 /var/folders/xk/_z_dkq7d30gc4hlq2bvsjy2m0000gq/T//ccBi8N0K.ltrans0.ltrans.o
 .debug_frame   0x0000000000000488      0x328 /var/folders/xk/_z_dkq7d30gc4hlq2bvsjy2m0000gq/T//ccBi8N0K.ltrans1.ltrans.o
 .debug_frame   0x00000000000007b0      0x254 /var/folders/xk/_z_dkq7d30gc4hlq2bvsjy2m0000gq/T//ccBi8N0K.ltrans2.ltrans.o
 .debug_frame   0x0000000000000a04      0x754 /var/folders/xk/_z_dkq7d30gc4hlq2bvsjy2m0000gq/T//ccBi8N0K.ltrans3.ltrans.o
 .debug_frame   0x0000000000001158       0x50 /Users/scottd/workspace/tools/gcc-arm-none-eabi-4_8-2014q3/bin/../lib/gcc/arm-none-eabi/4.8.4/armv7e-m/libgcc.a(bpabi.o)
 .debug_frame   0x00000000000011a8       0x34 /Users/scottd/workspace/tools/gcc-arm-none-eabi-4_8-2014q3/bin/../lib/gcc/arm-none-eabi/4.8.4/armv7e-m/libgcc.a(_divdi3.o)
 .debug_frame   0x00000000000011dc       0x34 /Users/scottd/workspace/tools/gcc-arm-none-eabi-4_8-2014q3/bin/../lib/gcc/arm-none-eabi/4.8.4/armv7e-m/libgcc.a(_udivdi3.o)
 .debug_frame   0x0000000000001210       0x48 /Users/scottd/workspace/tools/gcc-arm-none-eabi-4_8-2014q3/bin/../lib/gcc/arm-none-eabi/4.8.4/../../../../arm-none-eabi/lib/armv7e-m/libg_s.a(lib_a-assert.o)
 .debug_frame   0x0000000000001258       0x28 /Users/scottd/workspace/tools/gcc-arm-none-eabi-4_8-2014q3/bin/../lib/gcc/arm-none-eabi/4.8.4/../../../../arm-none-eabi/lib/armv7e-m/libg_s.a(lib_a-exit.o)
 .debug_frame   0x0000000000001280       0x58 /Users/scottd/workspace/tools/gcc-arm-none-eabi-4_8-2014q3/bin/../lib/gcc/arm-none-eabi/4.8.4/../../../../arm-none-eabi/lib/armv7e-m/libg_s.a(lib_a-fprintf.o)
 .debug_frame   0x00000000000012d8       0x2c /Users/scottd/workspace/tools/gcc-arm-none-eabi-4_8-2014q3/bin/../lib/gcc/arm-none-eabi/4.8.4/../../../../arm-none-eabi/lib/armv7e-m/libg_s.a(lib_a-init.o)
 .debug_frame   0x0000000000001304       0x20 /Users/scottd/workspace/tools/gcc-arm-none-eabi-4_8-2014q3/bin/../lib/gcc/arm-none-eabi/4.8.4/../../../../arm-none-eabi/lib/armv7e-m/libg_s.a(lib_a-memset.o)
 .debug_frame   0x0000000000001324       0xa8 /Users/scottd/workspace/tools/gcc-arm-none-eabi-4_8-2014q3/bin/../lib/gcc/arm-none-eabi/4.8.4/../../../../arm-none-eabi/lib/armv7e-m/libg_s.a(lib_a-vfprintf.o)
 .debug_frame   0x00000000000013cc       0x60 /Users/scottd/workspace/tools/gcc-arm-none-eabi-4_8-2014q3/bin/../lib/gcc/arm-none-eabi/4.8.4/../../../../arm-none-eabi/lib/armv7e-m/libg_s.a(lib_a-vfprintf_i.o)
 .debug_frame   0x000000000000142c       0x3c /Users/scottd/workspace/tools/gcc-arm-none-eabi-4_8-2014q3/bin/../lib/gcc/arm-none-eabi/4.8.4/../../../../arm-none-eabi/lib/armv7e-m/libg_s.a(lib_a-wbuf.o)
 .debug_frame   0x0000000000001468       0x2c /Users/scottd/workspace/tools/gcc-arm-none-eabi-4_8-2014q3/bin/../lib/gcc/arm-none-eabi/4.8.4/../../../../arm-none-eabi/lib/armv7e-m/libg_s.a(lib_a-wsetup.o)
 .debug_frame   0x0000000000001494       0x28 /Users/scottd/workspace/tools/gcc-arm-none-eabi-4_8-2014q3/bin/../lib/gcc/arm-none-eabi/4.8.4/../../../../arm-none-eabi/lib/armv7e-m/libg_s.a(lib_a-abort.o)
 .debug_frame   0x00000000000014bc       0x5c /Users/scottd/workspace/tools/gcc-arm-none-eabi-4_8-2014q3/bin/../lib/gcc/arm-none-eabi/4.8.4/../../../../arm-none-eabi/lib/armv7e-m/libg_s.a(lib_a-fflush.o)
 .debug_frame   0x0000000000001518      0x12c /Users/scottd/workspace/tools/gcc-arm-none-eabi-4_8-2014q3/bin/../lib/gcc/arm-none-eabi/4.8.4/../../../../arm-none-eabi/lib/armv7e-m/libg_s.a(lib_a-findfp.o)
 .debug_frame   0x0000000000001644       0x30 /Users/scottd/workspace/tools/gcc-arm-none-eabi-4_8-2014q3/bin/../lib/gcc/arm-none-eabi/4.8.4/../../../../arm-none-eabi/lib/armv7e-m/libg_s.a(lib_a-makebuf.o)
 .debug_frame   0x0000000000001674       0x28 /Users/scottd/workspace/tools/gcc-arm-none-eabi-4_8-2014q3/bin/../lib/gcc/arm-none-eabi/4.8.4/../../../../arm-none-eabi/lib/armv7e-m/libg_s.a(lib_a-memchr-stub.o)
 .debug_frame   0x000000000000169c       0x2c /Users/scottd/workspace/tools/gcc-arm-none-eabi-4_8-2014q3/bin/../lib/gcc/arm-none-eabi/4.8.4/../../../../arm-none-eabi/lib/armv7e-m/libg_s.a(lib_a-nano-freer.o)
 .debug_frame   0x00000000000016c8       0x2c /Users/scottd/workspace/tools/gcc-arm-none-eabi-4_8-2014q3/bin/../lib/gcc/arm-none-eabi/4.8.4/../../../../arm-none-eabi/lib/armv7e-m/libg_s.a(lib_a-nano-mallocr.o)
 .debug_frame   0x00000000000016f4       0x2c /Users/scottd/workspace/tools/gcc-arm-none-eabi-4_8-2014q3/bin/../lib/gcc/arm-none-eabi/4.8.4/../../../../arm-none-eabi/lib/armv7e-m/libg_s.a(lib_a-sbrkr.o)
 .debug_frame   0x0000000000001720       0xc0 /Users/scottd/workspace/tools/gcc-arm-none-eabi-4_8-2014q3/bin/../lib/gcc/arm-none-eabi/4.8.4/../../../../arm-none-eabi/lib/armv7e-m/libg_s.a(lib_a-signal.o)
 .debug_frame   0x00000000000017e0       0x3c /Users/scottd/workspace/tools/gcc-arm-none-eabi-4_8-2014q3/bin/../lib/gcc/arm-none-eabi/4.8.4/../../../../arm-none-eabi/lib/armv7e-m/libg_s.a(lib_a-signalr.o)
 .debug_frame   0x000000000000181c       0x80 /Users/scottd/workspace/tools/gcc-arm-none-eabi-4_8-2014q3/bin/../lib/gcc/arm-none-eabi/4.8.4/../../../../arm-none-eabi/lib/armv7e-m/libg_s.a(lib_a-stdio.o)
 .debug_frame   0x000000000000189c       0x20 /Users/scottd/workspace/tools/gcc-arm-none-eabi-4_8-2014q3/bin/../lib/gcc/arm-none-eabi/4.8.4/../../../../arm-none-eabi/lib/armv7e-m/libg_s.a(lib_a-strlen.o)
 .debug_frame   0x00000000000018bc       0x2c /Users/scottd/workspace/tools/gcc-arm-none-eabi-4_8-2014q3/bin/../lib/gcc/arm-none-eabi/4.8.4/../../../../arm-none-eabi/lib/armv7e-m/libg_s.a(lib_a-writer.o)
 .debug_frame   0x00000000000018e8       0x2c /Users/scottd/workspace/tools/gcc-arm-none-eabi-4_8-2014q3/bin/../lib/gcc/arm-none-eabi/4.8.4/../../../../arm-none-eabi/lib/armv7e-m/libg_s.a(lib_a-closer.o)
 .debug_frame   0x0000000000001914       0x2c /Users/scottd/workspace/tools/gcc-arm-none-eabi-4_8-2014q3/bin/../lib/gcc/arm-none-eabi/4.8.4/../../../../arm-none-eabi/lib/armv7e-m/libg_s.a(lib_a-fstatr.o)
 .debug_frame   0x0000000000001940       0x2c /Users/scottd/workspace/tools/gcc-arm-none-eabi-4_8-2014q3/bin/../lib/gcc/arm-none-eabi/4.8.4/../../../../arm-none-eabi/lib/armv7e-m/libg_s.a(lib_a-isattyr.o)
 .debug_frame   0x000000000000196c       0x2c /Users/scottd/workspace/tools/gcc-arm-none-eabi-4_8-2014q3/bin/../lib/gcc/arm-none-eabi/4.8.4/../../../../arm-none-eabi/lib/armv7e-m/libg_s.a(lib_a-lseekr.o)
 .debug_frame   0x0000000000001998       0x2c /Users/scottd/workspace/tools/gcc-arm-none-eabi-4_8-2014q3/bin/../lib/gcc/arm-none-eabi/4.8.4/../../../../arm-none-eabi/lib/armv7e-m/libg_s.a(lib_a-readr.o)
 .debug_frame   0x00000000000019c4       0x48 /Users/scottd/workspace/tools/gcc-arm-none-eabi-4_8-2014q3/bin/../lib/gcc/arm-none-eabi/4.8.4/../../../../arm-none-eabi/lib/armv7e-m/libg_s.a(lib_a-reent.o)
 .debug_frame   0x0000000000001a0c       0x20 /Users/scottd/workspace/tools/gcc-arm-none-eabi-4_8-2014q3/bin/../lib/gcc/arm-none-eabi/4.8.4/../../../../arm-none-eabi/lib/armv7e-m/libnosys.a(close.o)
 .debug_frame   0x0000000000001a2c       0x20 /Users/scottd/workspace/tools/gcc-arm-none-eabi-4_8-2014q3/bin/../lib/gcc/arm-none-eabi/4.8.4/../../../../arm-none-eabi/lib/armv7e-m/libnosys.a(fstat.o)
 .debug_frame   0x0000000000001a4c       0x20 /Users/scottd/workspace/tools/gcc-arm-none-eabi-4_8-2014q3/bin/../lib/gcc/arm-none-eabi/4.8.4/../../../../arm-none-eabi/lib/armv7e-m/libnosys.a(getpid.o)
 .debug_frame   0x0000000000001a6c       0x20 /Users/scottd/workspace/tools/gcc-arm-none-eabi-4_8-2014q3/bin/../lib/gcc/arm-none-eabi/4.8.4/../../../../arm-none-eabi/lib/armv7e-m/libnosys.a(isatty.o)
 .debug_frame   0x0000000000001a8c       0x20 /Users/scottd/workspace/tools/gcc-arm-none-eabi-4_8-2014q3/bin/../lib/gcc/arm-none-eabi/4.8.4/../../../../arm-none-eabi/lib/armv7e-m/libnosys.a(kill.o)
 .debug_frame   0x0000000000001aac       0x20 /Users/scottd/workspace/tools/gcc-arm-none-eabi-4_8-2014q3/bin/../lib/gcc/arm-none-eabi/4.8.4/../../../../arm-none-eabi/lib/armv7e-m/libnosys.a(lseek.o)
 .debug_frame   0x0000000000001acc       0x20 /Users/scottd/workspace/tools/gcc-arm-none-eabi-4_8-2014q3/bin/../lib/gcc/arm-none-eabi/4.8.4/../../../../arm-none-eabi/lib/armv7e-m/libnosys.a(sbrk.o)
 .debug_frame   0x0000000000001aec       0x20 /Users/scottd/workspace/tools/gcc-arm-none-eabi-4_8-2014q3/bin/../lib/gcc/arm-none-eabi/4.8.4/../../../../arm-none-eabi/lib/armv7e-m/libnosys.a(_exit.o)

.stab           0x0000000000000000       0x9c
 .stab          0x0000000000000000       0x24 /Users/scottd/workspace/tools/gcc-arm-none-eabi-4_8-2014q3/bin/../lib/gcc/arm-none-eabi/4.8.4/../../../../arm-none-eabi/lib/armv7e-m/libnosys.a(close.o)
 .stab          0x0000000000000024       0x18 /Users/scottd/workspace/tools/gcc-arm-none-eabi-4_8-2014q3/bin/../lib/gcc/arm-none-eabi/4.8.4/../../../../arm-none-eabi/lib/armv7e-m/libnosys.a(fstat.o)
                                         0x24 (size before relaxing)
 .stab          0x000000000000003c       0x18 /Users/scottd/workspace/tools/gcc-arm-none-eabi-4_8-2014q3/bin/../lib/gcc/arm-none-eabi/4.8.4/../../../../arm-none-eabi/lib/armv7e-m/libnosys.a(getpid.o)
                                         0x24 (size before relaxing)
 .stab          0x0000000000000054       0x18 /Users/scottd/workspace/tools/gcc-arm-none-eabi-4_8-2014q3/bin/../lib/gcc/arm-none-eabi/4.8.4/../../../../arm-none-eabi/lib/armv7e-m/libnosys.a(isatty.o)
                                         0x24 (size before relaxing)
 .stab          0x000000000000006c       0x18 /Users/scottd/workspace/tools/gcc-arm-none-eabi-4_8-2014q3/bin/../lib/gcc/arm-none-eabi/4.8.4/../../../../arm-none-eabi/lib/armv7e-m/libnosys.a(kill.o)
                                         0x24 (size before relaxing)
 .stab          0x0000000000000084       0x18 /Users/scottd/workspace/tools/gcc-arm-none-eabi-4_8-2014q3/bin/../lib/gcc/arm-none-eabi/4.8.4/../../../../arm-none-eabi/lib/armv7e-m/libnosys.a(lseek.o)
                                         0x24 (size before relaxing)

.stabstr        0x0000000000000000      0x14f
 .stabstr       0x0000000000000000      0x14f /Users/scottd/workspace/tools/gcc-arm-none-eabi-4_8-2014q3/bin/../lib/gcc/arm-none-eabi/4.8.4/../../../../arm-none-eabi/lib/armv7e-m/libnosys.a(close.o)

Cross Reference Table

Symbol                                            File
ADC0_IRQHandler                                   build/debug/TEENSY_32/SDK_2.0_MK20DX256xxx10/devices/MK20D10/gcc/startup_MK20D10.o
ADC1_IRQHandler                                   build/debug/TEENSY_32/SDK_2.0_MK20DX256xxx10/devices/MK20D10/gcc/startup_MK20D10.o
BusFault_Handler                                  build/debug/TEENSY_32/SDK_2.0_MK20DX256xxx10/devices/MK20D10/gcc/startup_MK20D10.o
CAN0_Bus_Off_IRQHandler                           build/debug/TEENSY_32/SDK_2.0_MK20DX256xxx10/devices/MK20D10/gcc/startup_MK20D10.o
CAN0_DriverIRQHandler                             build/debug/TEENSY_32/SDK_2.0_MK20DX256xxx10/devices/MK20D10/gcc/startup_MK20D10.o
CAN0_Error_IRQHandler                             build/debug/TEENSY_32/SDK_2.0_MK20DX256xxx10/devices/MK20D10/gcc/startup_MK20D10.o
CAN0_ORed_Message_buffer_IRQHandler               build/debug/TEENSY_32/SDK_2.0_MK20DX256xxx10/devices/MK20D10/gcc/startup_MK20D10.o
CAN0_Rx_Warning_IRQHandler                        build/debug/TEENSY_32/SDK_2.0_MK20DX256xxx10/devices/MK20D10/gcc/startup_MK20D10.o
CAN0_Tx_Warning_IRQHandler                        build/debug/TEENSY_32/SDK_2.0_MK20DX256xxx10/devices/MK20D10/gcc/startup_MK20D10.o
CAN0_Wake_Up_IRQHandler                           build/debug/TEENSY_32/SDK_2.0_MK20DX256xxx10/devices/MK20D10/gcc/startup_MK20D10.o
CAN1_Bus_Off_IRQHandler                           build/debug/TEENSY_32/SDK_2.0_MK20DX256xxx10/devices/MK20D10/gcc/startup_MK20D10.o
CAN1_DriverIRQHandler                             build/debug/TEENSY_32/SDK_2.0_MK20DX256xxx10/devices/MK20D10/gcc/startup_MK20D10.o
CAN1_Error_IRQHandler                             build/debug/TEENSY_32/SDK_2.0_MK20DX256xxx10/devices/MK20D10/gcc/startup_MK20D10.o
CAN1_ORed_Message_buffer_IRQHandler               build/debug/TEENSY_32/SDK_2.0_MK20DX256xxx10/devices/MK20D10/gcc/startup_MK20D10.o
CAN1_Rx_Warning_IRQHandler                        build/debug/TEENSY_32/SDK_2.0_MK20DX256xxx10/devices/MK20D10/gcc/startup_MK20D10.o
CAN1_Tx_Warning_IRQHandler                        build/debug/TEENSY_32/SDK_2.0_MK20DX256xxx10/devices/MK20D10/gcc/startup_MK20D10.o
CAN1_Wake_Up_IRQHandler                           build/debug/TEENSY_32/SDK_2.0_MK20DX256xxx10/devices/MK20D10/gcc/startup_MK20D10.o
CLOCK_BootToPeeMode                               /var/folders/xk/_z_dkq7d30gc4hlq2bvsjy2m0000gq/T//ccBi8N0K.ltrans2.ltrans.o
                                                  /var/folders/xk/_z_dkq7d30gc4hlq2bvsjy2m0000gq/T//ccBi8N0K.ltrans3.ltrans.o
CLOCK_EnablePll0                                  /var/folders/xk/_z_dkq7d30gc4hlq2bvsjy2m0000gq/T//ccBi8N0K.ltrans3.ltrans.o
                                                  /var/folders/xk/_z_dkq7d30gc4hlq2bvsjy2m0000gq/T//ccBi8N0K.ltrans2.ltrans.o
CLOCK_ExternalModeToFbeModeQuick                  /var/folders/xk/_z_dkq7d30gc4hlq2bvsjy2m0000gq/T//ccBi8N0K.ltrans3.ltrans.o
                                                  /var/folders/xk/_z_dkq7d30gc4hlq2bvsjy2m0000gq/T//ccBi8N0K.ltrans2.ltrans.o
CLOCK_FllStableDelay.4306                         /var/folders/xk/_z_dkq7d30gc4hlq2bvsjy2m0000gq/T//ccBi8N0K.ltrans3.ltrans.o
                                                  /var/folders/xk/_z_dkq7d30gc4hlq2bvsjy2m0000gq/T//ccBi8N0K.ltrans2.ltrans.o
CLOCK_GetMode                                     /var/folders/xk/_z_dkq7d30gc4hlq2bvsjy2m0000gq/T//ccBi8N0K.ltrans3.ltrans.o
                                                  /var/folders/xk/_z_dkq7d30gc4hlq2bvsjy2m0000gq/T//ccBi8N0K.ltrans2.ltrans.o
CLOCK_SetBlpeMode                                 /var/folders/xk/_z_dkq7d30gc4hlq2bvsjy2m0000gq/T//ccBi8N0K.ltrans3.ltrans.o
                                                  /var/folders/xk/_z_dkq7d30gc4hlq2bvsjy2m0000gq/T//ccBi8N0K.ltrans2.ltrans.o
CLOCK_SetBlpiMode                                 /var/folders/xk/_z_dkq7d30gc4hlq2bvsjy2m0000gq/T//ccBi8N0K.ltrans3.ltrans.o
                                                  /var/folders/xk/_z_dkq7d30gc4hlq2bvsjy2m0000gq/T//ccBi8N0K.ltrans2.ltrans.o
CLOCK_SetExternalRefClkConfig                     /var/folders/xk/_z_dkq7d30gc4hlq2bvsjy2m0000gq/T//ccBi8N0K.ltrans3.ltrans.o
                                                  /var/folders/xk/_z_dkq7d30gc4hlq2bvsjy2m0000gq/T//ccBi8N0K.ltrans2.ltrans.o
CLOCK_SetFbeMode                                  /var/folders/xk/_z_dkq7d30gc4hlq2bvsjy2m0000gq/T//ccBi8N0K.ltrans3.ltrans.o
                                                  /var/folders/xk/_z_dkq7d30gc4hlq2bvsjy2m0000gq/T//ccBi8N0K.ltrans2.ltrans.o
CLOCK_SetFbiMode                                  /var/folders/xk/_z_dkq7d30gc4hlq2bvsjy2m0000gq/T//ccBi8N0K.ltrans3.ltrans.o
                                                  /var/folders/xk/_z_dkq7d30gc4hlq2bvsjy2m0000gq/T//ccBi8N0K.ltrans2.ltrans.o
CLOCK_SetFeeMode                                  /var/folders/xk/_z_dkq7d30gc4hlq2bvsjy2m0000gq/T//ccBi8N0K.ltrans3.ltrans.o
                                                  /var/folders/xk/_z_dkq7d30gc4hlq2bvsjy2m0000gq/T//ccBi8N0K.ltrans2.ltrans.o
CLOCK_SetFeiMode                                  /var/folders/xk/_z_dkq7d30gc4hlq2bvsjy2m0000gq/T//ccBi8N0K.ltrans3.ltrans.o
                                                  /var/folders/xk/_z_dkq7d30gc4hlq2bvsjy2m0000gq/T//ccBi8N0K.ltrans2.ltrans.o
CLOCK_SetInternalRefClkConfig                     /var/folders/xk/_z_dkq7d30gc4hlq2bvsjy2m0000gq/T//ccBi8N0K.ltrans3.ltrans.o
                                                  /var/folders/xk/_z_dkq7d30gc4hlq2bvsjy2m0000gq/T//ccBi8N0K.ltrans2.ltrans.o
CLOCK_SetPbeMode                                  /var/folders/xk/_z_dkq7d30gc4hlq2bvsjy2m0000gq/T//ccBi8N0K.ltrans3.ltrans.o
                                                  /var/folders/xk/_z_dkq7d30gc4hlq2bvsjy2m0000gq/T//ccBi8N0K.ltrans2.ltrans.o
CLOCK_SetPeeMode                                  /var/folders/xk/_z_dkq7d30gc4hlq2bvsjy2m0000gq/T//ccBi8N0K.ltrans3.ltrans.o
                                                  /var/folders/xk/_z_dkq7d30gc4hlq2bvsjy2m0000gq/T//ccBi8N0K.ltrans2.ltrans.o
CMP0_IRQHandler                                   build/debug/TEENSY_32/SDK_2.0_MK20DX256xxx10/devices/MK20D10/gcc/startup_MK20D10.o
CMP1_IRQHandler                                   build/debug/TEENSY_32/SDK_2.0_MK20DX256xxx10/devices/MK20D10/gcc/startup_MK20D10.o
CMP2_IRQHandler                                   build/debug/TEENSY_32/SDK_2.0_MK20DX256xxx10/devices/MK20D10/gcc/startup_MK20D10.o
CMT_IRQHandler                                    build/debug/TEENSY_32/SDK_2.0_MK20DX256xxx10/devices/MK20D10/gcc/startup_MK20D10.o
DAC0_IRQHandler                                   build/debug/TEENSY_32/SDK_2.0_MK20DX256xxx10/devices/MK20D10/gcc/startup_MK20D10.o
DAC1_IRQHandler                                   build/debug/TEENSY_32/SDK_2.0_MK20DX256xxx10/devices/MK20D10/gcc/startup_MK20D10.o
DMA0_DriverIRQHandler                             build/debug/TEENSY_32/SDK_2.0_MK20DX256xxx10/devices/MK20D10/gcc/startup_MK20D10.o
DMA0_IRQHandler                                   build/debug/TEENSY_32/SDK_2.0_MK20DX256xxx10/devices/MK20D10/gcc/startup_MK20D10.o
DMA10_DriverIRQHandler                            build/debug/TEENSY_32/SDK_2.0_MK20DX256xxx10/devices/MK20D10/gcc/startup_MK20D10.o
DMA10_IRQHandler                                  build/debug/TEENSY_32/SDK_2.0_MK20DX256xxx10/devices/MK20D10/gcc/startup_MK20D10.o
DMA11_DriverIRQHandler                            build/debug/TEENSY_32/SDK_2.0_MK20DX256xxx10/devices/MK20D10/gcc/startup_MK20D10.o