Archive member included to satisfy reference by file (symbol)

/usr/local/Cellar/arm-none-eabi-gcc/5.0-2016-q1-update/bin/../lib/gcc/arm-none-eabi/5.3.1/../../../../arm-none-eabi/lib/armv7e-m/fpu/libm.a(lib_a-s_modf.o)
                              build/debug/FRDM-K66F/SDK_2.1_FRDM-K66F-GCC-Full/devices/MK66F18/utilities/fsl_debug_console.o (modf)
/usr/local/Cellar/arm-none-eabi-gcc/5.0-2016-q1-update/bin/../lib/gcc/arm-none-eabi/5.3.1/../../../../arm-none-eabi/lib/armv7e-m/fpu/libm.a(lib_a-w_pow.o)
                              build/debug/FRDM-K66F/SDK_2.1_FRDM-K66F-GCC-Full/devices/MK66F18/utilities/fsl_debug_console.o (pow)
/usr/local/Cellar/arm-none-eabi-gcc/5.0-2016-q1-update/bin/../lib/gcc/arm-none-eabi/5.3.1/../../../../arm-none-eabi/lib/armv7e-m/fpu/libm.a(lib_a-e_pow.o)
                              /usr/local/Cellar/arm-none-eabi-gcc/5.0-2016-q1-update/bin/../lib/gcc/arm-none-eabi/5.3.1/../../../../arm-none-eabi/lib/armv7e-m/fpu/libm.a(lib_a-w_pow.o) (__ieee754_pow)
/usr/local/Cellar/arm-none-eabi-gcc/5.0-2016-q1-update/bin/../lib/gcc/arm-none-eabi/5.3.1/../../../../arm-none-eabi/lib/armv7e-m/fpu/libm.a(lib_a-e_sqrt.o)
                              /usr/local/Cellar/arm-none-eabi-gcc/5.0-2016-q1-update/bin/../lib/gcc/arm-none-eabi/5.3.1/../../../../arm-none-eabi/lib/armv7e-m/fpu/libm.a(lib_a-e_pow.o) (__ieee754_sqrt)
/usr/local/Cellar/arm-none-eabi-gcc/5.0-2016-q1-update/bin/../lib/gcc/arm-none-eabi/5.3.1/../../../../arm-none-eabi/lib/armv7e-m/fpu/libm.a(lib_a-s_fabs.o)
                              /usr/local/Cellar/arm-none-eabi-gcc/5.0-2016-q1-update/bin/../lib/gcc/arm-none-eabi/5.3.1/../../../../arm-none-eabi/lib/armv7e-m/fpu/libm.a(lib_a-e_pow.o) (fabs)
/usr/local/Cellar/arm-none-eabi-gcc/5.0-2016-q1-update/bin/../lib/gcc/arm-none-eabi/5.3.1/../../../../arm-none-eabi/lib/armv7e-m/fpu/libm.a(lib_a-s_finite.o)
                              /usr/local/Cellar/arm-none-eabi-gcc/5.0-2016-q1-update/bin/../lib/gcc/arm-none-eabi/5.3.1/../../../../arm-none-eabi/lib/armv7e-m/fpu/libm.a(lib_a-w_pow.o) (finite)
/usr/local/Cellar/arm-none-eabi-gcc/5.0-2016-q1-update/bin/../lib/gcc/arm-none-eabi/5.3.1/../../../../arm-none-eabi/lib/armv7e-m/fpu/libm.a(lib_a-s_lib_ver.o)
                              /usr/local/Cellar/arm-none-eabi-gcc/5.0-2016-q1-update/bin/../lib/gcc/arm-none-eabi/5.3.1/../../../../arm-none-eabi/lib/armv7e-m/fpu/libm.a(lib_a-w_pow.o) (__fdlib_version)
/usr/local/Cellar/arm-none-eabi-gcc/5.0-2016-q1-update/bin/../lib/gcc/arm-none-eabi/5.3.1/../../../../arm-none-eabi/lib/armv7e-m/fpu/libm.a(lib_a-s_matherr.o)
                              /usr/local/Cellar/arm-none-eabi-gcc/5.0-2016-q1-update/bin/../lib/gcc/arm-none-eabi/5.3.1/../../../../arm-none-eabi/lib/armv7e-m/fpu/libm.a(lib_a-w_pow.o) (matherr)
/usr/local/Cellar/arm-none-eabi-gcc/5.0-2016-q1-update/bin/../lib/gcc/arm-none-eabi/5.3.1/../../../../arm-none-eabi/lib/armv7e-m/fpu/libm.a(lib_a-s_nan.o)
                              /usr/local/Cellar/arm-none-eabi-gcc/5.0-2016-q1-update/bin/../lib/gcc/arm-none-eabi/5.3.1/../../../../arm-none-eabi/lib/armv7e-m/fpu/libm.a(lib_a-e_pow.o) (nan)
/usr/local/Cellar/arm-none-eabi-gcc/5.0-2016-q1-update/bin/../lib/gcc/arm-none-eabi/5.3.1/../../../../arm-none-eabi/lib/armv7e-m/fpu/libm.a(lib_a-s_rint.o)
                              /usr/local/Cellar/arm-none-eabi-gcc/5.0-2016-q1-update/bin/../lib/gcc/arm-none-eabi/5.3.1/../../../../arm-none-eabi/lib/armv7e-m/fpu/libm.a(lib_a-w_pow.o) (rint)
/usr/local/Cellar/arm-none-eabi-gcc/5.0-2016-q1-update/bin/../lib/gcc/arm-none-eabi/5.3.1/../../../../arm-none-eabi/lib/armv7e-m/fpu/libm.a(lib_a-s_scalbn.o)
                              /usr/local/Cellar/arm-none-eabi-gcc/5.0-2016-q1-update/bin/../lib/gcc/arm-none-eabi/5.3.1/../../../../arm-none-eabi/lib/armv7e-m/fpu/libm.a(lib_a-e_pow.o) (scalbn)
/usr/local/Cellar/arm-none-eabi-gcc/5.0-2016-q1-update/bin/../lib/gcc/arm-none-eabi/5.3.1/../../../../arm-none-eabi/lib/armv7e-m/fpu/libm.a(lib_a-s_copysign.o)
                              /usr/local/Cellar/arm-none-eabi-gcc/5.0-2016-q1-update/bin/../lib/gcc/arm-none-eabi/5.3.1/../../../../arm-none-eabi/lib/armv7e-m/fpu/libm.a(lib_a-s_scalbn.o) (copysign)
/usr/local/Cellar/arm-none-eabi-gcc/5.0-2016-q1-update/bin/../lib/gcc/arm-none-eabi/5.3.1/armv7e-m/fpu/libgcc.a(_arm_addsubdf3.o)
                              build/debug/FRDM-K66F/SDK_2.1_FRDM-K66F-GCC-Full/devices/MK66F18/utilities/fsl_debug_console.o (__aeabi_dsub)
/usr/local/Cellar/arm-none-eabi-gcc/5.0-2016-q1-update/bin/../lib/gcc/arm-none-eabi/5.3.1/armv7e-m/fpu/libgcc.a(_arm_muldivdf3.o)
                              build/debug/FRDM-K66F/SDK_2.1_FRDM-K66F-GCC-Full/devices/MK66F18/utilities/fsl_debug_console.o (__aeabi_dmul)
/usr/local/Cellar/arm-none-eabi-gcc/5.0-2016-q1-update/bin/../lib/gcc/arm-none-eabi/5.3.1/armv7e-m/fpu/libgcc.a(_arm_cmpdf2.o)
                              build/debug/FRDM-K66F/SDK_2.1_FRDM-K66F-GCC-Full/devices/MK66F18/utilities/fsl_debug_console.o (__aeabi_dcmpeq)
[...]
Memory Configuration

Name             Origin             Length             Attributes
m_interrupts     0x0000000000000000 0x0000000000000400 xr
m_flash_config   0x0000000000000400 0x0000000000000010 xr
m_text           0x0000000000000410 0x00000000001ffbf0 xr
m_data           0x000000001fff0000 0x0000000000010000 rw
m_data_2         0x0000000020000000 0x0000000000030000 rw
*default*        0x0000000000000000 0xffffffffffffffff

Linker script and memory map

LOAD /usr/local/Cellar/arm-none-eabi-gcc/5.0-2016-q1-update/bin/../lib/gcc/arm-none-eabi/5.3.1/armv7e-m/fpu/crti.o
LOAD /usr/local/Cellar/arm-none-eabi-gcc/5.0-2016-q1-update/bin/../lib/gcc/arm-none-eabi/5.3.1/armv7e-m/fpu/crtbegin.o
LOAD /usr/local/Cellar/arm-none-eabi-gcc/5.0-2016-q1-update/bin/../lib/gcc/arm-none-eabi/5.3.1/../../../../arm-none-eabi/lib/armv7e-m/fpu/crt0.o
LOAD build/debug/FRDM-K66F/SDK_2.1_FRDM-K66F-GCC-Full/devices/MK66F18/gcc/startup_MK66F18.o
LOAD build/debug/FRDM-K66F/source/board.o
LOAD build/debug/FRDM-K66F/source/clock_config.o
LOAD build/debug/FRDM-K66F/source/pin_mux.o
LOAD build/debug/FRDM-K66F/source/main.o
LOAD build/debug/FRDM-K66F/SDK_2.1_FRDM-K66F-GCC-Full/devices/MK66F18/system_MK66F18.o
LOAD build/debug/FRDM-K66F/SDK_2.1_FRDM-K66F-GCC-Full/devices/MK66F18/drivers/fsl_clock.o
LOAD build/debug/FRDM-K66F/SDK_2.1_FRDM-K66F-GCC-Full/devices/MK66F18/utilities/fsl_debug_console.o
LOAD build/debug/FRDM-K66F/SDK_2.1_FRDM-K66F-GCC-Full/devices/MK66F18/drivers/fsl_uart.o
LOAD build/debug/FRDM-K66F/SDK_2.1_FRDM-K66F-GCC-Full/devices/MK66F18/drivers/fsl_lpuart.o
LOAD build/debug/FRDM-K66F/SDK_2.1_FRDM-K66F-GCC-Full/devices/MK66F18/drivers/fsl_lptmr.o
LOAD build/debug/FRDM-K66F/SDK_2.1_FRDM-K66F-GCC-Full/devices/MK66F18/drivers/fsl_adc16.o
LOAD build/debug/FRDM-K66F/SDK_2.1_FRDM-K66F-GCC-Full/devices/MK66F18/drivers/fsl_pmc.o
LOAD build/debug/FRDM-K66F/SDK_2.1_FRDM-K66F-GCC-Full/devices/MK66F18/drivers/fsl_smc.o
LOAD build/debug/FRDM-K66F/SDK_2.1_FRDM-K66F-GCC-Full/devices/MK66F18/drivers/fsl_i2c.o
LOAD /usr/local/Cellar/arm-none-eabi-gcc/5.0-2016-q1-update/bin/../lib/gcc/arm-none-eabi/5.3.1/../../../../arm-none-eabi/lib/armv7e-m/fpu/libm.a
LOAD /Users/scottd/workspace/github/scottdarch/Noer/FRDMK66NoEr/CMSIS_5/CMSIS/Lib/GCC/libarm_cortexM4lf_math.a
START GROUP
LOAD /usr/local/Cellar/arm-none-eabi-gcc/5.0-2016-q1-update/bin/../lib/gcc/arm-none-eabi/5.3.1/armv7e-m/fpu/libgcc.a
LOAD /usr/local/Cellar/arm-none-eabi-gcc/5.0-2016-q1-update/bin/../lib/gcc/arm-none-eabi/5.3.1/../../../../arm-none-eabi/lib/armv7e-m/fpu/libg_nano.a
LOAD /usr/local/Cellar/arm-none-eabi-gcc/5.0-2016-q1-update/bin/../lib/gcc/arm-none-eabi/5.3.1/../../../../arm-none-eabi/lib/armv7e-m/fpu/libc_nano.a
END GROUP
START GROUP
LOAD /usr/local/Cellar/arm-none-eabi-gcc/5.0-2016-q1-update/bin/../lib/gcc/arm-none-eabi/5.3.1/armv7e-m/fpu/libgcc.a
LOAD /usr/local/Cellar/arm-none-eabi-gcc/5.0-2016-q1-update/bin/../lib/gcc/arm-none-eabi/5.3.1/../../../../arm-none-eabi/lib/armv7e-m/fpu/libc_nano.a
LOAD /usr/local/Cellar/arm-none-eabi-gcc/5.0-2016-q1-update/bin/../lib/gcc/arm-none-eabi/5.3.1/../../../../arm-none-eabi/lib/armv7e-m/fpu/libnosys.a
END GROUP
START GROUP
LOAD /usr/local/Cellar/arm-none-eabi-gcc/5.0-2016-q1-update/bin/../lib/gcc/arm-none-eabi/5.3.1/armv7e-m/fpu/libgcc.a
LOAD /usr/local/Cellar/arm-none-eabi-gcc/5.0-2016-q1-update/bin/../lib/gcc/arm-none-eabi/5.3.1/../../../../arm-none-eabi/lib/armv7e-m/fpu/libc_nano.a
LOAD /usr/local/Cellar/arm-none-eabi-gcc/5.0-2016-q1-update/bin/../lib/gcc/arm-none-eabi/5.3.1/../../../../arm-none-eabi/lib/armv7e-m/fpu/libnosys.a
END GROUP
LOAD /usr/local/Cellar/arm-none-eabi-gcc/5.0-2016-q1-update/bin/../lib/gcc/arm-none-eabi/5.3.1/armv7e-m/fpu/crtend.o
LOAD /usr/local/Cellar/arm-none-eabi-gcc/5.0-2016-q1-update/bin/../lib/gcc/arm-none-eabi/5.3.1/armv7e-m/fpu/crtn.o
                0x0000000000000400                HEAP_SIZE = DEFINED (__heap_size__)?__heap_size__:0x400
                0x0000000000000400                STACK_SIZE = DEFINED (__stack_size__)?__stack_size__:0x400
                0x0000000000000000                M_VECTOR_RAM_SIZE = DEFINED (__ram_vector_table__)?0x400:0x0

.interrupts     0x0000000000000000      0x400
                0x0000000000000000                __VECTOR_TABLE = .
                0x0000000000000000                . = ALIGN (0x4)
 *(.isr_vector)
 .isr_vector    0x0000000000000000      0x400 build/debug/FRDM-K66F/SDK_2.1_FRDM-K66F-GCC-Full/devices/MK66F18/gcc/startup_MK66F18.o
                0x0000000000000000                __isr_vector
                0x0000000000000400                . = ALIGN (0x4)

.flash_config   0x0000000000000400       0x10
                0x0000000000000400                . = ALIGN (0x4)
 *(.FlashConfig)
 .FlashConfig   0x0000000000000400       0x10 build/debug/FRDM-K66F/SDK_2.1_FRDM-K66F-GCC-Full/devices/MK66F18/gcc/startup_MK66F18.o
                0x0000000000000410                . = ALIGN (0x4)

.text           0x0000000000000410     0x7fe0
                0x0000000000000410                . = ALIGN (0x4)
 *(.text)
 .text          0x0000000000000410       0x5c /usr/local/Cellar/arm-none-eabi-gcc/5.0-2016-q1-update/bin/../lib/gcc/arm-none-eabi/5.3.1/armv7e-m/fpu/crtbegin.o
 .text          0x000000000000046c       0x74 /usr/local/Cellar/arm-none-eabi-gcc/5.0-2016-q1-update/bin/../lib/gcc/arm-none-eabi/5.3.1/../../../../arm-none-eabi/lib/armv7e-m/fpu/crt0.o
                0x000000000000046c                _mainCRTStartup
                0x000000000000046c                _start
 .text          0x00000000000004e0      0x1f8 build/debug/FRDM-K66F/SDK_2.1_FRDM-K66F-GCC-Full/devices/MK66F18/gcc/startup_MK66F18.o
                0x00000000000004e0                Reset_Handler
                0x0000000000000524                DebugMon_Handler
                0x0000000000000524                DMA3_DMA19_DriverIRQHandler
                0x0000000000000524                PORTB_IRQHandler
                0x0000000000000524                UART2_ERR_DriverIRQHandler
                0x0000000000000524                SPI2_DriverIRQHandler
                0x0000000000000524                ADC1_IRQHandler
                0x0000000000000524                TPM2_IRQHandler
                0x0000000000000524                PIT2_IRQHandler
                0x0000000000000524                RTC_IRQHandler
                0x0000000000000524                UART3_ERR_DriverIRQHandler
                0x0000000000000524                PDB0_IRQHandler
                0x0000000000000524                CMP3_IRQHandler
                0x0000000000000524                FTM1_IRQHandler
                0x0000000000000524                DMA12_DMA28_DriverIRQHandler
                0x0000000000000524                PIT3_IRQHandler
                0x0000000000000524                RTC_Seconds_IRQHandler
                0x0000000000000524                MCG_IRQHandler
                0x0000000000000524                FTFE_IRQHandler
                0x0000000000000524                DMA10_DMA26_DriverIRQHandler
                0x0000000000000524                UART0_ERR_DriverIRQHandler
                0x0000000000000524                Read_Collision_IRQHandler
                0x0000000000000524                DMA1_DMA17_DriverIRQHandler
                0x0000000000000524                USBHSDCD_IRQHandler
                0x0000000000000524                USBDCD_IRQHandler
                0x0000000000000524                DMA8_DMA24_DriverIRQHandler
                0x0000000000000524                DMA6_DMA22_DriverIRQHandler
                0x0000000000000524                I2S0_Rx_DriverIRQHandler
                0x0000000000000524                USB0_IRQHandler
                0x0000000000000524                UART4_ERR_DriverIRQHandler
                0x0000000000000524                WDOG_EWM_IRQHandler
                0x0000000000000524                MemManage_Handler
                0x0000000000000524                DMA11_DMA27_DriverIRQHandler
                0x0000000000000524                DMA4_DMA20_DriverIRQHandler
                0x0000000000000524                DMA9_DMA25_DriverIRQHandler
                0x0000000000000524                RNG_IRQHandler
                0x0000000000000524                ENET_Receive_DriverIRQHandler
                0x0000000000000524                DAC0_IRQHandler
                0x0000000000000524                Reserved46_IRQHandler
                0x0000000000000524                ENET_Error_DriverIRQHandler
                0x0000000000000524                SPI0_DriverIRQHandler
                0x0000000000000524                TPM1_IRQHandler
                0x0000000000000524                PIT1_IRQHandler
                0x0000000000000524                LVD_LVW_IRQHandler
                0x0000000000000524                FTM0_IRQHandler
                0x0000000000000524                PORTA_IRQHandler
                0x0000000000000524                DAC1_IRQHandler
                0x0000000000000524                MCM_IRQHandler
                0x0000000000000524                CAN0_DriverIRQHandler
                0x0000000000000524                FTM3_IRQHandler
                0x0000000000000524                PORTE_IRQHandler
                0x0000000000000524                DMA5_DMA21_DriverIRQHandler
                0x0000000000000524                FTM2_IRQHandler
                0x0000000000000524                LPTMR0_IRQHandler
                0x0000000000000524                BusFault_Handler
                0x0000000000000524                DMA15_DMA31_DriverIRQHandler
                0x0000000000000524                UART1_ERR_DriverIRQHandler
                0x0000000000000524                ENET_Transmit_DriverIRQHandler
                0x0000000000000524                CAN1_DriverIRQHandler
                0x0000000000000524                CMP0_IRQHandler
                0x0000000000000524                PORTC_IRQHandler
                0x0000000000000524                DMA13_DMA29_DriverIRQHandler
                0x0000000000000524                SPI1_DriverIRQHandler
                0x0000000000000524                Reserved85_IRQHandler
                0x0000000000000524                DMA_Error_DriverIRQHandler
                0x0000000000000524                USBHS_IRQHandler
                0x0000000000000524                SDHC_DriverIRQHandler
                0x0000000000000524                PIT0_IRQHandler
                0x0000000000000524                DMA7_DMA23_DriverIRQHandler
                0x0000000000000524                CMP2_IRQHandler
                0x0000000000000524                LLWU_IRQHandler
                0x0000000000000524                I2S0_Tx_DriverIRQHandler
                0x0000000000000524                Reserved84_IRQHandler
                0x0000000000000524                TSI0_IRQHandler
                0x0000000000000524                DMA14_DMA30_DriverIRQHandler
                0x0000000000000524                ENET_1588_Timer_DriverIRQHandler
                0x0000000000000524                SWI_IRQHandler
                0x0000000000000524                ADC0_IRQHandler
                0x0000000000000524                UsageFault_Handler
                0x0000000000000524                CMT_IRQHandler
                0x0000000000000524                DMA0_DMA16_DriverIRQHandler
                0x0000000000000524                DefaultISR
                0x0000000000000524                DMA2_DMA18_DriverIRQHandler
                0x0000000000000524                CMP1_IRQHandler
                0x0000000000000524                Reserved71_IRQHandler
                0x0000000000000524                PORTD_IRQHandler
                0x0000000000000528                NMI_Handler
                0x000000000000052c                HardFault_Handler
                0x0000000000000530                SVC_Handler
                0x0000000000000534                PendSV_Handler
                0x000000000000053c                DMA0_DMA16_IRQHandler
                0x0000000000000540                DMA1_DMA17_IRQHandler
                0x0000000000000544                DMA2_DMA18_IRQHandler
                0x0000000000000548                DMA3_DMA19_IRQHandler
                0x000000000000054c                DMA4_DMA20_IRQHandler
                0x0000000000000550                DMA5_DMA21_IRQHandler
                0x0000000000000554                DMA6_DMA22_IRQHandler
                0x0000000000000558                DMA7_DMA23_IRQHandler
                0x000000000000055c                DMA8_DMA24_IRQHandler
                0x0000000000000560                DMA9_DMA25_IRQHandler
                0x0000000000000564                DMA10_DMA26_IRQHandler
                0x0000000000000568                DMA11_DMA27_IRQHandler
                0x000000000000056c                DMA12_DMA28_IRQHandler
                0x0000000000000570                DMA13_DMA29_IRQHandler
                0x0000000000000574                DMA14_DMA30_IRQHandler
                0x0000000000000578                DMA15_DMA31_IRQHandler
                0x000000000000057c                DMA_Error_IRQHandler
                0x0000000000000580                I2C0_IRQHandler
                0x0000000000000584                I2C1_IRQHandler
                0x0000000000000588                SPI0_IRQHandler
                0x000000000000058c                SPI1_IRQHandler
                0x0000000000000590                I2S0_Tx_IRQHandler
                0x0000000000000594                I2S0_Rx_IRQHandler
                0x0000000000000598                UART0_RX_TX_IRQHandler
                0x000000000000059c                UART0_ERR_IRQHandler
                0x00000000000005a0                UART1_RX_TX_IRQHandler
                0x00000000000005a4                UART1_ERR_IRQHandler
                0x00000000000005a8                UART2_RX_TX_IRQHandler
                0x00000000000005ac                UART2_ERR_IRQHandler
                0x00000000000005b0                UART3_RX_TX_IRQHandler
                0x00000000000005b4                UART3_ERR_IRQHandler
                0x00000000000005b8                SPI2_IRQHandler
                0x00000000000005bc                UART4_RX_TX_IRQHandler
                0x00000000000005c0                UART4_ERR_IRQHandler
                0x00000000000005c4                I2C2_IRQHandler
                0x00000000000005c8                CAN0_ORed_Message_buffer_IRQHandler
                0x00000000000005cc                CAN0_Bus_Off_IRQHandler
                0x00000000000005d0                CAN0_Error_IRQHandler
                0x00000000000005d4                CAN0_Tx_Warning_IRQHandler
                0x00000000000005d8                CAN0_Rx_Warning_IRQHandler
                0x00000000000005dc                CAN0_Wake_Up_IRQHandler
                0x00000000000005e0                SDHC_IRQHandler
                0x00000000000005e4                ENET_1588_Timer_IRQHandler
                0x00000000000005e8                ENET_Transmit_IRQHandler
                0x00000000000005ec                ENET_Receive_IRQHandler
                0x00000000000005f0                ENET_Error_IRQHandler
                0x00000000000005f4                LPUART0_IRQHandler
                0x00000000000005f8                I2C3_IRQHandler
                0x00000000000005fc                CAN1_ORed_Message_buffer_IRQHandler
                0x0000000000000600                CAN1_Bus_Off_IRQHandler
                0x0000000000000604                CAN1_Error_IRQHandler
                0x0000000000000608                CAN1_Tx_Warning_IRQHandler
                0x000000000000060c                CAN1_Rx_Warning_IRQHandler
                0x0000000000000610                CAN1_Wake_Up_IRQHandler
 .text          0x00000000000006d8      0x370 /usr/local/Cellar/arm-none-eabi-gcc/5.0-2016-q1-update/bin/../lib/gcc/arm-none-eabi/5.3.1/armv7e-m/fpu/libgcc.a(_arm_addsubdf3.o)
                0x00000000000006d8                __aeabi_drsub
                0x00000000000006e0                __subdf3
                0x00000000000006e0                __aeabi_dsub
                0x00000000000006e4                __aeabi_dadd
                0x00000000000006e4                __adddf3
                0x000000000000095c                __aeabi_ui2d
                0x000000000000095c                __floatunsidf
                0x000000000000097c                __floatsidf
                0x000000000000097c                __aeabi_i2d
                0x00000000000009a0                __extendsfdf2
                0x00000000000009a0                __aeabi_f2d
                0x00000000000009dc                __aeabi_ul2d
                0x00000000000009dc                __floatundidf
                0x00000000000009ec                __aeabi_l2d
                0x00000000000009ec                __floatdidf
 .text          0x0000000000000a48      0x424 /usr/local/Cellar/arm-none-eabi-gcc/5.0-2016-q1-update/bin/../lib/gcc/arm-none-eabi/5.3.1/armv7e-m/fpu/libgcc.a(_arm_muldivdf3.o)
                0x0000000000000a48                __aeabi_dmul
                0x0000000000000a48                __muldf3
                0x0000000000000c9c                __aeabi_ddiv
                0x0000000000000c9c                __divdf3
 .text          0x0000000000000e6c      0x110 /usr/local/Cellar/arm-none-eabi-gcc/5.0-2016-q1-update/bin/../lib/gcc/arm-none-eabi/5.3.1/armv7e-m/fpu/libgcc.a(_arm_cmpdf2.o)
                0x0000000000000e6c                __gtdf2
                0x0000000000000e6c                __gedf2
                0x0000000000000e74                __ltdf2
                0x0000000000000e74                __ledf2
                0x0000000000000e7c                __eqdf2
                0x0000000000000e7c                __nedf2
                0x0000000000000e7c                __cmpdf2
                0x0000000000000ef8                __aeabi_cdrcmple
                0x0000000000000f08                __aeabi_cdcmple
                0x0000000000000f08                __aeabi_cdcmpeq
                0x0000000000000f18                __aeabi_dcmpeq
                0x0000000000000f2c                __aeabi_dcmplt
                0x0000000000000f40                __aeabi_dcmple
                0x0000000000000f54                __aeabi_dcmpge
                0x0000000000000f68                __aeabi_dcmpgt
 .text          0x0000000000000f7c       0x2c /usr/local/Cellar/arm-none-eabi-gcc/5.0-2016-q1-update/bin/../lib/gcc/arm-none-eabi/5.3.1/armv7e-m/fpu/libgcc.a(_arm_unorddf2.o)
                0x0000000000000f7c                __aeabi_dcmpun
                0x0000000000000f7c                __unorddf2
 .text          0x0000000000000fa8       0x50 /usr/local/Cellar/arm-none-eabi-gcc/5.0-2016-q1-update/bin/../lib/gcc/arm-none-eabi/5.3.1/armv7e-m/fpu/libgcc.a(_arm_fixdfsi.o)
                0x0000000000000fa8                __fixdfsi
                0x0000000000000fa8                __aeabi_d2iz
 .text          0x0000000000000ff8       0xa0 /usr/local/Cellar/arm-none-eabi-gcc/5.0-2016-q1-update/bin/../lib/gcc/arm-none-eabi/5.3.1/armv7e-m/fpu/libgcc.a(_aeabi_ldivmod.o)
                0x0000000000000ff8                __aeabi_ldivmod
 .text          0x0000000000001098       0x30 /usr/local/Cellar/arm-none-eabi-gcc/5.0-2016-q1-update/bin/../lib/gcc/arm-none-eabi/5.3.1/armv7e-m/fpu/libgcc.a(_aeabi_uldivmod.o)
                0x0000000000001098                __aeabi_uldivmod
 .text          0x00000000000010c8       0x30 /usr/local/Cellar/arm-none-eabi-gcc/5.0-2016-q1-update/bin/../lib/gcc/arm-none-eabi/5.3.1/armv7e-m/fpu/libgcc.a(_fixdfdi.o)
                0x00000000000010c8                __aeabi_d2lz
                0x00000000000010c8                __fixdfdi
 .text          0x00000000000010f8       0x48 /usr/local/Cellar/arm-none-eabi-gcc/5.0-2016-q1-update/bin/../lib/gcc/arm-none-eabi/5.3.1/armv7e-m/fpu/libgcc.a(_fixunsdfdi.o)
                0x00000000000010f8                __aeabi_d2ulz
                0x00000000000010f8                __fixunsdfdi
 .text          0x0000000000001140      0x2e4 /usr/local/Cellar/arm-none-eabi-gcc/5.0-2016-q1-update/bin/../lib/gcc/arm-none-eabi/5.3.1/armv7e-m/fpu/libgcc.a(_udivmoddi4.o)
                0x0000000000001140                __udivmoddi4
 .text          0x0000000000001424        0x4 /usr/local/Cellar/arm-none-eabi-gcc/5.0-2016-q1-update/bin/../lib/gcc/arm-none-eabi/5.3.1/armv7e-m/fpu/libgcc.a(_dvmd_tls.o)
                0x0000000000001424                __aeabi_ldiv0
                0x0000000000001424                __aeabi_idiv0
 .text          0x0000000000001428       0x40 /usr/local/Cellar/arm-none-eabi-gcc/5.0-2016-q1-update/bin/../lib/gcc/arm-none-eabi/5.3.1/armv7e-m/fpu/libgcc.a(_arm_fixunsdfsi.o)
                0x0000000000001428                __fixunsdfsi
                0x0000000000001428                __aeabi_d2uiz
 .text          0x0000000000001468       0x10 /usr/local/Cellar/arm-none-eabi-gcc/5.0-2016-q1-update/bin/../lib/gcc/arm-none-eabi/5.3.1/../../../../arm-none-eabi/lib/armv7e-m/fpu/libg_nano.a(lib_a-strlen.o)
                0x0000000000001468                strlen
 *fill*         0x0000000000001478        0x8 
 .text          0x0000000000001480       0xa0 /usr/local/Cellar/arm-none-eabi-gcc/5.0-2016-q1-update/bin/../lib/gcc/arm-none-eabi/5.3.1/../../../../arm-none-eabi/lib/armv7e-m/fpu/libg_nano.a(lib_a-memchr.o)
                0x0000000000001480                memchr
 *(.text*)
 .text.BOARD_InitDebugConsole
                0x0000000000001520       0x30 build/debug/FRDM-K66F/source/board.o
                0x0000000000001520                BOARD_InitDebugConsole
 .text.CLOCK_EnableClock
                0x0000000000001550       0x38 build/debug/FRDM-K66F/source/clock_config.o
 .text.CLOCK_DisableClock
                0x0000000000001588       0x38 build/debug/FRDM-K66F/source/clock_config.o
 .text.CLOCK_SetSdhc0Clock
                0x00000000000015c0       0x3c build/debug/FRDM-K66F/source/clock_config.o
 .text.CLOCK_SetEnetTime0Clock
                0x00000000000015fc       0x3c build/debug/FRDM-K66F/source/clock_config.o
 .text.CLOCK_SetRmii0Clock
                0x0000000000001638       0x3c build/debug/FRDM-K66F/source/clock_config.o
 .text.CLOCK_SetLpuartClock
                0x0000000000001674       0x3c build/debug/FRDM-K66F/source/clock_config.o
 .text.CLOCK_SetTpmClock
                0x00000000000016b0       0x3c build/debug/FRDM-K66F/source/clock_config.o
 .text.CLOCK_SetTraceClock
                0x00000000000016ec       0x58 build/debug/FRDM-K66F/source/clock_config.o
 .text.CLOCK_SetClkOutClock
                0x0000000000001744       0x38 build/debug/FRDM-K66F/source/clock_config.o
 .text.CLOCK_SetRtcClkOutClock
                0x000000000000177c       0x3c build/debug/FRDM-K66F/source/clock_config.o
 .text.CLOCK_SetSimSafeDivs
                0x00000000000017b8       0x24 build/debug/FRDM-K66F/source/clock_config.o
 .text.CLOCK_SetXtal0Freq
                0x00000000000017dc       0x20 build/debug/FRDM-K66F/source/clock_config.o
 .text.CLOCK_SetXtal32Freq
                0x00000000000017fc       0x20 build/debug/FRDM-K66F/source/clock_config.o
 .text.SMC_SetPowerModeProtection
                0x000000000000181c       0x20 build/debug/FRDM-K66F/source/clock_config.o
 .text.SMC_GetPowerModeState
                0x000000000000183c       0x1c build/debug/FRDM-K66F/source/clock_config.o
 .text.RTC_SetOscCapLoad
                0x0000000000001858       0x34 build/debug/FRDM-K66F/source/clock_config.o
 .text.CLOCK_CONFIG_SetRtcClock
                0x000000000000188c       0x94 build/debug/FRDM-K66F/source/clock_config.o
 .text.CLOCK_CONFIG_EnableUsbhs0PhyPllClock
                0x0000000000001920       0xfc build/debug/FRDM-K66F/source/clock_config.o
 .text.CLOCK_CONFIG_EnableUsbhs0PfdClock
                0x0000000000001a1c       0xb8 build/debug/FRDM-K66F/source/clock_config.o
 .text.CLOCK_CONFIG_SetUsbSlowClock
                0x0000000000001ad4       0x3c build/debug/FRDM-K66F/source/clock_config.o
 .text.CLOCK_CONFIG_SetFllExtRefDiv
                0x0000000000001b10       0x3c build/debug/FRDM-K66F/source/clock_config.o
 .text.BOARD_BootClockHSRUN
                0x0000000000001b4c      0x13c build/debug/FRDM-K66F/source/clock_config.o
                0x0000000000001b4c                BOARD_BootClockHSRUN
 .text.CLOCK_EnableClock
                0x0000000000001c88       0x38 build/debug/FRDM-K66F/source/pin_mux.o
 .text.PORT_SetPinConfig
                0x0000000000001cc0       0x4c build/debug/FRDM-K66F/source/pin_mux.o
 .text.PORT_SetPinMux
                0x0000000000001d0c       0x3c build/debug/FRDM-K66F/source/pin_mux.o
 .text.PORT_EnablePinsDigitalFilter
                0x0000000000001d48       0x44 build/debug/FRDM-K66F/source/pin_mux.o
 .text.BOARD_InitPins
                0x0000000000001d8c       0x68 build/debug/FRDM-K66F/source/pin_mux.o
                0x0000000000001d8c                BOARD_InitPins
 .text.BOARD_InitBUTTONs
                0x0000000000001df4       0x68 build/debug/FRDM-K66F/source/pin_mux.o
                0x0000000000001df4                BOARD_InitBUTTONs
 .text.BOARD_InitLEDs
                0x0000000000001e5c       0x94 build/debug/FRDM-K66F/source/pin_mux.o
                0x0000000000001e5c                BOARD_InitLEDs
 .text.BOARD_InitDEBUG_UART
                0x0000000000001ef0       0x5c build/debug/FRDM-K66F/source/pin_mux.o
                0x0000000000001ef0                BOARD_InitDEBUG_UART
 .text.BOARD_InitSDHC0
                0x0000000000001f4c      0x10c build/debug/FRDM-K66F/source/pin_mux.o
                0x0000000000001f4c                BOARD_InitSDHC0
 .text.BOARD_InitUSB
                0x0000000000002058       0x3c build/debug/FRDM-K66F/source/pin_mux.o
                0x0000000000002058                BOARD_InitUSB
 .text.BOARD_InitVL6180
                0x0000000000002094       0x9c build/debug/FRDM-K66F/source/pin_mux.o
                0x0000000000002094                BOARD_InitVL6180
 .text.GPIO_WritePinOutput
                0x0000000000002130       0x38 build/debug/FRDM-K66F/source/main.o
 .text.GPIO_SetPinsOutput
                0x0000000000002168       0x1c build/debug/FRDM-K66F/source/main.o
 .text.GPIO_ClearPinsOutput
                0x0000000000002184       0x1c build/debug/FRDM-K66F/source/main.o
 .text.Delay    0x00000000000021a0       0x40 build/debug/FRDM-K66F/source/main.o
                0x00000000000021a0                Delay
 .text.SysTick_Handler
                0x00000000000021e0       0x10 build/debug/FRDM-K66F/source/main.o
                0x00000000000021e0                SysTick_Handler
 .text.main     0x00000000000021f0      0x16c build/debug/FRDM-K66F/source/main.o
                0x00000000000021f0                main
 .text.SystemInit
                0x000000000000235c       0x40 build/debug/FRDM-K66F/SDK_2.1_FRDM-K66F-GCC-Full/devices/MK66F18/system_MK66F18.o
                0x000000000000235c                SystemInit
 .text.CLOCK_EnableClock
                0x000000000000239c       0x38 build/debug/FRDM-K66F/SDK_2.1_FRDM-K66F-GCC-Full/devices/MK66F18/drivers/fsl_clock.o
 .text.CLOCK_DisableClock
                0x00000000000023d4       0x38 build/debug/FRDM-K66F/SDK_2.1_FRDM-K66F-GCC-Full/devices/MK66F18/drivers/fsl_clock.o
 .text.CLOCK_SetEr32kClock
                0x000000000000240c       0x30 build/debug/FRDM-K66F/SDK_2.1_FRDM-K66F-GCC-Full/devices/MK66F18/drivers/fsl_clock.o
 .text.CLOCK_SetPllFllSelClock
                0x000000000000243c       0x58 build/debug/FRDM-K66F/SDK_2.1_FRDM-K66F-GCC-Full/devices/MK66F18/drivers/fsl_clock.o
 .text.OSC_SetExtRefClkConfig
                0x0000000000002494       0x40 build/debug/FRDM-K66F/SDK_2.1_FRDM-K66F-GCC-Full/devices/MK66F18/drivers/fsl_clock.o
 .text.OSC_SetCapLoad
                0x00000000000024d4       0x34 build/debug/FRDM-K66F/SDK_2.1_FRDM-K66F-GCC-Full/devices/MK66F18/drivers/fsl_clock.o
 .text.CLOCK_GetMcgExtClkFreq
                0x0000000000002508       0x90 build/debug/FRDM-K66F/SDK_2.1_FRDM-K66F-GCC-Full/devices/MK66F18/drivers/fsl_clock.o
 .text.CLOCK_GetFllExtRefClkFreq
                0x0000000000002598       0xcc build/debug/FRDM-K66F/SDK_2.1_FRDM-K66F-GCC-Full/devices/MK66F18/drivers/fsl_clock.o
 .text.CLOCK_GetInternalRefClkSelectFreq
                0x0000000000002664       0x44 build/debug/FRDM-K66F/SDK_2.1_FRDM-K66F-GCC-Full/devices/MK66F18/drivers/fsl_clock.o
 .text.CLOCK_GetFllRefClkFreq
                0x00000000000026a8       0x30 build/debug/FRDM-K66F/SDK_2.1_FRDM-K66F-GCC-Full/devices/MK66F18/drivers/fsl_clock.o
 .text.CLOCK_GetPll0RefFreq
                0x00000000000026d8       0x14 build/debug/FRDM-K66F/SDK_2.1_FRDM-K66F-GCC-Full/devices/MK66F18/drivers/fsl_clock.o
 .text.CLOCK_GetOscRangeFromFreq
                0x00000000000026ec       0x3c build/debug/FRDM-K66F/SDK_2.1_FRDM-K66F-GCC-Full/devices/MK66F18/drivers/fsl_clock.o
 .text.CLOCK_GetOsc0ErClkUndivFreq
                0x0000000000002728       0x4c build/debug/FRDM-K66F/SDK_2.1_FRDM-K66F-GCC-Full/devices/MK66F18/drivers/fsl_clock.o
                0x0000000000002728                CLOCK_GetOsc0ErClkUndivFreq
 .text.CLOCK_GetOsc0ErClkDivFreq
                0x0000000000002774       0x5c build/debug/FRDM-K66F/SDK_2.1_FRDM-K66F-GCC-Full/devices/MK66F18/drivers/fsl_clock.o
                0x0000000000002774                CLOCK_GetOsc0ErClkDivFreq
 .text.CLOCK_GetEr32kClkFreq
                0x00000000000027d0       0x88 build/debug/FRDM-K66F/SDK_2.1_FRDM-K66F-GCC-Full/devices/MK66F18/drivers/fsl_clock.o
                0x00000000000027d0                CLOCK_GetEr32kClkFreq
 .text.CLOCK_GetPllFllSelClkFreq
                0x0000000000002858       0x9c build/debug/FRDM-K66F/SDK_2.1_FRDM-K66F-GCC-Full/devices/MK66F18/drivers/fsl_clock.o
                0x0000000000002858                CLOCK_GetPllFllSelClkFreq
 .text.CLOCK_GetCoreSysClkFreq
                0x00000000000028f4       0x2c build/debug/FRDM-K66F/SDK_2.1_FRDM-K66F-GCC-Full/devices/MK66F18/drivers/fsl_clock.o
                0x00000000000028f4                CLOCK_GetCoreSysClkFreq
 .text.CLOCK_GetFreq
                0x0000000000002920      0x174 build/debug/FRDM-K66F/SDK_2.1_FRDM-K66F-GCC-Full/devices/MK66F18/drivers/fsl_clock.o
                0x0000000000002920                CLOCK_GetFreq
 .text.CLOCK_SetSimConfig
                0x0000000000002a94       0x4c build/debug/FRDM-K66F/SDK_2.1_FRDM-K66F-GCC-Full/devices/MK66F18/drivers/fsl_clock.o
                0x0000000000002a94                CLOCK_SetSimConfig
 .text.CLOCK_EnableUsbfs0Clock
                0x0000000000002ae0      0x130 build/debug/FRDM-K66F/SDK_2.1_FRDM-K66F-GCC-Full/devices/MK66F18/drivers/fsl_clock.o
                0x0000000000002ae0                CLOCK_EnableUsbfs0Clock
 .text.CLOCK_GetOutClkFreq
                0x0000000000002c10       0xa4 build/debug/FRDM-K66F/SDK_2.1_FRDM-K66F-GCC-Full/devices/MK66F18/drivers/fsl_clock.o
                0x0000000000002c10                CLOCK_GetOutClkFreq
 .text.CLOCK_GetFllFreq
                0x0000000000002cb4       0x7c build/debug/FRDM-K66F/SDK_2.1_FRDM-K66F-GCC-Full/devices/MK66F18/drivers/fsl_clock.o
                0x0000000000002cb4                CLOCK_GetFllFreq
 .text.CLOCK_GetInternalRefClkFreq
                0x0000000000002d30       0x28 build/debug/FRDM-K66F/SDK_2.1_FRDM-K66F-GCC-Full/devices/MK66F18/drivers/fsl_clock.o
                0x0000000000002d30                CLOCK_GetInternalRefClkFreq
 .text.CLOCK_GetFixedFreqClkFreq
                0x0000000000002d58       0x38 build/debug/FRDM-K66F/SDK_2.1_FRDM-K66F-GCC-Full/devices/MK66F18/drivers/fsl_clock.o
                0x0000000000002d58                CLOCK_GetFixedFreqClkFreq
 .text.CLOCK_GetPll0Freq
                0x0000000000002d90       0x84 build/debug/FRDM-K66F/SDK_2.1_FRDM-K66F-GCC-Full/devices/MK66F18/drivers/fsl_clock.o
                0x0000000000002d90                CLOCK_GetPll0Freq
 .text.CLOCK_GetExtPllFreq
                0x0000000000002e14       0x18 build/debug/FRDM-K66F/SDK_2.1_FRDM-K66F-GCC-Full/devices/MK66F18/drivers/fsl_clock.o
                0x0000000000002e14                CLOCK_GetExtPllFreq
 .text.CLOCK_SetExtPllFreq
                0x0000000000002e2c       0x20 build/debug/FRDM-K66F/SDK_2.1_FRDM-K66F-GCC-Full/devices/MK66F18/drivers/fsl_clock.o
                0x0000000000002e2c                CLOCK_SetExtPllFreq
 .text.CLOCK_SetExternalRefClkConfig
                0x0000000000002e4c       0x90 build/debug/FRDM-K66F/SDK_2.1_FRDM-K66F-GCC-Full/devices/MK66F18/drivers/fsl_clock.o
                0x0000000000002e4c                CLOCK_SetExternalRefClkConfig
 .text.CLOCK_SetInternalRefClkConfig
                0x0000000000002edc      0x104 build/debug/FRDM-K66F/SDK_2.1_FRDM-K66F-GCC-Full/devices/MK66F18/drivers/fsl_clock.o
                0x0000000000002edc                CLOCK_SetInternalRefClkConfig
 .text.CLOCK_EnablePll0
                0x0000000000002fe0       0x98 build/debug/FRDM-K66F/SDK_2.1_FRDM-K66F-GCC-Full/devices/MK66F18/drivers/fsl_clock.o
                0x0000000000002fe0                CLOCK_EnablePll0
 .text.CLOCK_InitOsc0
                0x0000000000003078       0x98 build/debug/FRDM-K66F/SDK_2.1_FRDM-K66F-GCC-Full/devices/MK66F18/drivers/fsl_clock.o
                0x0000000000003078                CLOCK_InitOsc0
 .text.CLOCK_SetPbeMode
                0x0000000000003110      0x100 build/debug/FRDM-K66F/SDK_2.1_FRDM-K66F-GCC-Full/devices/MK66F18/drivers/fsl_clock.o
                0x0000000000003110                CLOCK_SetPbeMode
 .text.CLOCK_BootToPeeMode
                0x0000000000003210       0x84 build/debug/FRDM-K66F/SDK_2.1_FRDM-K66F-GCC-Full/devices/MK66F18/drivers/fsl_clock.o
                0x0000000000003210                CLOCK_BootToPeeMode
 .text.UART_EnableTx
                0x0000000000003294       0x40 build/debug/FRDM-K66F/SDK_2.1_FRDM-K66F-GCC-Full/devices/MK66F18/utilities/fsl_debug_console.o
 .text.UART_EnableRx
                0x00000000000032d4       0x40 build/debug/FRDM-K66F/SDK_2.1_FRDM-K66F-GCC-Full/devices/MK66F18/utilities/fsl_debug_console.o
 .text.LPUART_EnableTx
                0x0000000000003314       0x38 build/debug/FRDM-K66F/SDK_2.1_FRDM-K66F-GCC-Full/devices/MK66F18/utilities/fsl_debug_console.o
 .text.LPUART_EnableRx
                0x000000000000334c       0x38 build/debug/FRDM-K66F/SDK_2.1_FRDM-K66F-GCC-Full/devices/MK66F18/utilities/fsl_debug_console.o
 .text.DbgConsole_Init
                0x0000000000003384      0x104 build/debug/FRDM-K66F/SDK_2.1_FRDM-K66F-GCC-Full/devices/MK66F18/utilities/fsl_debug_console.o
                0x0000000000003384                DbgConsole_Init
 .text.DbgConsole_Printf
                0x0000000000003488       0x44 build/debug/FRDM-K66F/SDK_2.1_FRDM-K66F-GCC-Full/devices/MK66F18/utilities/fsl_debug_console.o
                0x0000000000003488                DbgConsole_Printf
 .text.DbgConsole_Putchar
                0x00000000000034cc       0x34 build/debug/FRDM-K66F/SDK_2.1_FRDM-K66F-GCC-Full/devices/MK66F18/utilities/fsl_debug_console.o
                0x00000000000034cc                DbgConsole_Putchar
 .text.DbgConsole_PrintfPaddingCharacter
                0x0000000000003500       0x40 build/debug/FRDM-K66F/SDK_2.1_FRDM-K66F-GCC-Full/devices/MK66F18/utilities/fsl_debug_console.o
 .text.DbgConsole_ConvertRadixNumToString
                0x0000000000003540      0x1d4 build/debug/FRDM-K66F/SDK_2.1_FRDM-K66F-GCC-Full/devices/MK66F18/utilities/fsl_debug_console.o
 *fill*         0x0000000000003714        0x4 
 .text.DbgConsole_ConvertFloatRadixNumToString
                0x0000000000003718      0x2e0 build/debug/FRDM-K66F/SDK_2.1_FRDM-K66F-GCC-Full/devices/MK66F18/utilities/fsl_debug_console.o
 .text.DbgConsole_PrintfFormattedData
                0x00000000000039f8      0x8e4 build/debug/FRDM-K66F/SDK_2.1_FRDM-K66F-GCC-Full/devices/MK66F18/utilities/fsl_debug_console.o
 .text._write   0x00000000000042dc       0x54 build/debug/FRDM-K66F/SDK_2.1_FRDM-K66F-GCC-Full/devices/MK66F18/utilities/fsl_debug_console.o
                0x00000000000042dc                _write
 .text._read    0x0000000000004330       0x44 build/debug/FRDM-K66F/SDK_2.1_FRDM-K66F-GCC-Full/devices/MK66F18/utilities/fsl_debug_console.o
                0x0000000000004330                _read
 .text.CLOCK_EnableClock
                0x0000000000004374       0x38 build/debug/FRDM-K66F/SDK_2.1_FRDM-K66F-GCC-Full/devices/MK66F18/drivers/fsl_uart.o
 .text.UART_GetInstance
                0x00000000000043ac       0x64 build/debug/FRDM-K66F/SDK_2.1_FRDM-K66F-GCC-Full/devices/MK66F18/drivers/fsl_uart.o
                0x00000000000043ac                UART_GetInstance
 .text.UART_Init
                0x0000000000004410      0x2c0 build/debug/FRDM-K66F/SDK_2.1_FRDM-K66F-GCC-Full/devices/MK66F18/drivers/fsl_uart.o
                0x0000000000004410                UART_Init
 .text.UART_GetDefaultConfig
                0x00000000000046d0       0x60 build/debug/FRDM-K66F/SDK_2.1_FRDM-K66F-GCC-Full/devices/MK66F18/drivers/fsl_uart.o
                0x00000000000046d0                UART_GetDefaultConfig
 .text.UART_GetStatusFlags
                0x0000000000004730       0x48 build/debug/FRDM-K66F/SDK_2.1_FRDM-K66F-GCC-Full/devices/MK66F18/drivers/fsl_uart.o
                0x0000000000004730                UART_GetStatusFlags
 .text.UART_WriteBlocking
                0x0000000000004778       0x40 build/debug/FRDM-K66F/SDK_2.1_FRDM-K66F-GCC-Full/devices/MK66F18/drivers/fsl_uart.o
                0x0000000000004778                UART_WriteBlocking
 .text.UART_ReadBlocking
                0x00000000000047b8       0xa8 build/debug/FRDM-K66F/SDK_2.1_FRDM-K66F-GCC-Full/devices/MK66F18/drivers/fsl_uart.o
                0x00000000000047b8                UART_ReadBlocking
 .text.UART0_DriverIRQHandler
                0x0000000000004860       0x24 build/debug/FRDM-K66F/SDK_2.1_FRDM-K66F-GCC-Full/devices/MK66F18/drivers/fsl_uart.o
                0x0000000000004860                UART0_DriverIRQHandler
 .text.UART0_RX_TX_DriverIRQHandler
                0x0000000000004884       0x10 build/debug/FRDM-K66F/SDK_2.1_FRDM-K66F-GCC-Full/devices/MK66F18/drivers/fsl_uart.o
                0x0000000000004884                UART0_RX_TX_DriverIRQHandler
 .text.UART1_DriverIRQHandler
                0x0000000000004894       0x24 build/debug/FRDM-K66F/SDK_2.1_FRDM-K66F-GCC-Full/devices/MK66F18/drivers/fsl_uart.o
                0x0000000000004894                UART1_DriverIRQHandler
 .text.UART1_RX_TX_DriverIRQHandler
                0x00000000000048b8       0x10 build/debug/FRDM-K66F/SDK_2.1_FRDM-K66F-GCC-Full/devices/MK66F18/drivers/fsl_uart.o
                0x00000000000048b8                UART1_RX_TX_DriverIRQHandler
 .text.UART2_DriverIRQHandler
                0x00000000000048c8       0x24 build/debug/FRDM-K66F/SDK_2.1_FRDM-K66F-GCC-Full/devices/MK66F18/drivers/fsl_uart.o
                0x00000000000048c8                UART2_DriverIRQHandler
 .text.UART2_RX_TX_DriverIRQHandler
                0x00000000000048ec       0x10 build/debug/FRDM-K66F/SDK_2.1_FRDM-K66F-GCC-Full/devices/MK66F18/drivers/fsl_uart.o
                0x00000000000048ec                UART2_RX_TX_DriverIRQHandler
 .text.UART3_DriverIRQHandler
                0x00000000000048fc       0x24 build/debug/FRDM-K66F/SDK_2.1_FRDM-K66F-GCC-Full/devices/MK66F18/drivers/fsl_uart.o
                0x00000000000048fc                UART3_DriverIRQHandler
 .text.UART3_RX_TX_DriverIRQHandler
                0x0000000000004920       0x10 build/debug/FRDM-K66F/SDK_2.1_FRDM-K66F-GCC-Full/devices/MK66F18/drivers/fsl_uart.o
                0x0000000000004920                UART3_RX_TX_DriverIRQHandler
 .text.UART4_DriverIRQHandler
                0x0000000000004930       0x24 build/debug/FRDM-K66F/SDK_2.1_FRDM-K66F-GCC-Full/devices/MK66F18/drivers/fsl_uart.o
                0x0000000000004930                UART4_DriverIRQHandler
 .text.UART4_RX_TX_DriverIRQHandler
                0x0000000000004954       0x10 build/debug/FRDM-K66F/SDK_2.1_FRDM-K66F-GCC-Full/devices/MK66F18/drivers/fsl_uart.o
                0x0000000000004954                UART4_RX_TX_DriverIRQHandler
 .text.CLOCK_EnableClock
                0x0000000000004964       0x38 build/debug/FRDM-K66F/SDK_2.1_FRDM-K66F-GCC-Full/devices/MK66F18/drivers/fsl_lpuart.o
 .text.LPUART_GetInstance
                0x000000000000499c       0x58 build/debug/FRDM-K66F/SDK_2.1_FRDM-K66F-GCC-Full/devices/MK66F18/drivers/fsl_lpuart.o
                0x000000000000499c                LPUART_GetInstance
 .text.LPUART_Init
                0x00000000000049f4      0x24c build/debug/FRDM-K66F/SDK_2.1_FRDM-K66F-GCC-Full/devices/MK66F18/drivers/fsl_lpuart.o
                0x00000000000049f4                LPUART_Init
 .text.LPUART_GetDefaultConfig
                0x0000000000004c40       0x60 build/debug/FRDM-K66F/SDK_2.1_FRDM-K66F-GCC-Full/devices/MK66F18/drivers/fsl_lpuart.o
                0x0000000000004c40                LPUART_GetDefaultConfig
 .text.LPUART_GetStatusFlags
                0x0000000000004ca0       0x1c build/debug/FRDM-K66F/SDK_2.1_FRDM-K66F-GCC-Full/devices/MK66F18/drivers/fsl_lpuart.o
                0x0000000000004ca0                LPUART_GetStatusFlags
 .text.LPUART_ClearStatusFlags
                0x0000000000004cbc       0x84 build/debug/FRDM-K66F/SDK_2.1_FRDM-K66F-GCC-Full/devices/MK66F18/drivers/fsl_lpuart.o
                0x0000000000004cbc                LPUART_ClearStatusFlags
 .text.LPUART_WriteBlocking
                0x0000000000004d40       0x60 build/debug/FRDM-K66F/SDK_2.1_FRDM-K66F-GCC-Full/devices/MK66F18/drivers/fsl_lpuart.o
                0x0000000000004d40                LPUART_WriteBlocking
 .text.LPUART_ReadBlocking
                0x0000000000004da0       0xd8 build/debug/FRDM-K66F/SDK_2.1_FRDM-K66F-GCC-Full/devices/MK66F18/drivers/fsl_lpuart.o
                0x0000000000004da0                LPUART_ReadBlocking
 .text.LPUART0_DriverIRQHandler
                0x0000000000004e78       0x24 build/debug/FRDM-K66F/SDK_2.1_FRDM-K66F-GCC-Full/devices/MK66F18/drivers/fsl_lpuart.o
                0x0000000000004e78                LPUART0_DriverIRQHandler
 .text.SMC_SetPowerModeHsrun
                0x0000000000004e9c       0x34 build/debug/FRDM-K66F/SDK_2.1_FRDM-K66F-GCC-Full/devices/MK66F18/drivers/fsl_smc.o
                0x0000000000004e9c                SMC_SetPowerModeHsrun
 .text.CLOCK_EnableClock
                0x0000000000004ed0       0x34 build/debug/FRDM-K66F/SDK_2.1_FRDM-K66F-GCC-Full/devices/MK66F18/drivers/fsl_i2c.o
 .text.I2C_MasterClearStatusFlags
                0x0000000000004f04       0x58 build/debug/FRDM-K66F/SDK_2.1_FRDM-K66F-GCC-Full/devices/MK66F18/drivers/fsl_i2c.o
 .text.I2C_GetInstance
                0x0000000000004f5c       0x5c build/debug/FRDM-K66F/SDK_2.1_FRDM-K66F-GCC-Full/devices/MK66F18/drivers/fsl_i2c.o
                0x0000000000004f5c                I2C_GetInstance
 .text.I2C_CheckAndClearError
                0x0000000000004fb8       0x44 build/debug/FRDM-K66F/SDK_2.1_FRDM-K66F-GCC-Full/devices/MK66F18/drivers/fsl_i2c.o
 .text.I2C_TransferCommonIRQHandler
                0x0000000000004ffc       0x50 build/debug/FRDM-K66F/SDK_2.1_FRDM-K66F-GCC-Full/devices/MK66F18/drivers/fsl_i2c.o
 .text.I2C_MasterInit
                0x000000000000504c       0xfc build/debug/FRDM-K66F/SDK_2.1_FRDM-K66F-GCC-Full/devices/MK66F18/drivers/fsl_i2c.o
                0x000000000000504c                I2C_MasterInit
 .text.I2C_MasterGetDefaultConfig
                0x0000000000005148       0x54 build/debug/FRDM-K66F/SDK_2.1_FRDM-K66F-GCC-Full/devices/MK66F18/drivers/fsl_i2c.o
                0x0000000000005148                I2C_MasterGetDefaultConfig
 .text.I2C_MasterSetBaudRate
                0x000000000000519c       0xd8 build/debug/FRDM-K66F/SDK_2.1_FRDM-K66F-GCC-Full/devices/MK66F18/drivers/fsl_i2c.o
                0x000000000000519c                I2C_MasterSetBaudRate
 .text.I2C_MasterStart
                0x0000000000005274       0x68 build/debug/FRDM-K66F/SDK_2.1_FRDM-K66F-GCC-Full/devices/MK66F18/drivers/fsl_i2c.o
                0x0000000000005274                I2C_MasterStart
 .text.I2C_MasterRepeatedStart
                0x00000000000052dc       0xa0 build/debug/FRDM-K66F/SDK_2.1_FRDM-K66F-GCC-Full/devices/MK66F18/drivers/fsl_i2c.o
                0x00000000000052dc                I2C_MasterRepeatedStart
 .text.I2C_MasterStop
                0x000000000000537c       0x58 build/debug/FRDM-K66F/SDK_2.1_FRDM-K66F-GCC-Full/devices/MK66F18/drivers/fsl_i2c.o
                0x000000000000537c                I2C_MasterStop
 .text.I2C_MasterGetStatusFlags
                0x00000000000053d4       0x4c build/debug/FRDM-K66F/SDK_2.1_FRDM-K66F-GCC-Full/devices/MK66F18/drivers/fsl_i2c.o
                0x00000000000053d4                I2C_MasterGetStatusFlags
 .text.I2C_MasterWriteBlocking
                0x0000000000005420       0xe0 build/debug/FRDM-K66F/SDK_2.1_FRDM-K66F-GCC-Full/devices/MK66F18/drivers/fsl_i2c.o
                0x0000000000005420                I2C_MasterWriteBlocking
 .text.I2C_MasterReadBlocking
                0x0000000000005500       0xe4 build/debug/FRDM-K66F/SDK_2.1_FRDM-K66F-GCC-Full/devices/MK66F18/drivers/fsl_i2c.o
                0x0000000000005500                I2C_MasterReadBlocking
 .text.I2C_MasterTransferBlocking
                0x00000000000055e4      0x230 build/debug/FRDM-K66F/SDK_2.1_FRDM-K66F-GCC-Full/devices/MK66F18/drivers/fsl_i2c.o
                0x00000000000055e4                I2C_MasterTransferBlocking
 .text.I2C0_DriverIRQHandler
                0x0000000000005814       0x20 build/debug/FRDM-K66F/SDK_2.1_FRDM-K66F-GCC-Full/devices/MK66F18/drivers/fsl_i2c.o
                0x0000000000005814                I2C0_DriverIRQHandler
 .text.I2C1_DriverIRQHandler
                0x0000000000005834       0x20 build/debug/FRDM-K66F/SDK_2.1_FRDM-K66F-GCC-Full/devices/MK66F18/drivers/fsl_i2c.o
                0x0000000000005834                I2C1_DriverIRQHandler
 .text.I2C2_DriverIRQHandler
                0x0000000000005854       0x20 build/debug/FRDM-K66F/SDK_2.1_FRDM-K66F-GCC-Full/devices/MK66F18/drivers/fsl_i2c.o
                0x0000000000005854                I2C2_DriverIRQHandler
 .text.I2C3_DriverIRQHandler
                0x0000000000005874       0x20 build/debug/FRDM-K66F/SDK_2.1_FRDM-K66F-GCC-Full/devices/MK66F18/drivers/fsl_i2c.o
                0x0000000000005874                I2C3_DriverIRQHandler
 .text.modf     0x0000000000005894       0xb0 /usr/local/Cellar/arm-none-eabi-gcc/5.0-2016-q1-update/bin/../lib/gcc/arm-none-eabi/5.3.1/../../../../arm-none-eabi/lib/armv7e-m/fpu/libm.a(lib_a-s_modf.o)
                0x0000000000005894                modf
 *fill*         0x0000000000005944        0x4 
 .text.pow      0x0000000000005948      0x338 /usr/local/Cellar/arm-none-eabi-gcc/5.0-2016-q1-update/bin/../lib/gcc/arm-none-eabi/5.3.1/../../../../arm-none-eabi/lib/armv7e-m/fpu/libm.a(lib_a-w_pow.o)
                0x0000000000005948                pow
 .text.__ieee754_pow
                0x0000000000005c80      0xb10 /usr/local/Cellar/arm-none-eabi-gcc/5.0-2016-q1-update/bin/../lib/gcc/arm-none-eabi/5.3.1/../../../../arm-none-eabi/lib/armv7e-m/fpu/libm.a(lib_a-e_pow.o)
                0x0000000000005c80                __ieee754_pow
 .text.__ieee754_sqrt
                0x0000000000006790      0x1a0 /usr/local/Cellar/arm-none-eabi-gcc/5.0-2016-q1-update/bin/../lib/gcc/arm-none-eabi/5.3.1/../../../../arm-none-eabi/lib/armv7e-m/fpu/libm.a(lib_a-e_sqrt.o)
                0x0000000000006790                __ieee754_sqrt
 .text.fabs     0x0000000000006930       0x10 /usr/local/Cellar/arm-none-eabi-gcc/5.0-2016-q1-update/bin/../lib/gcc/arm-none-eabi/5.3.1/../../../../arm-none-eabi/lib/armv7e-m/fpu/libm.a(lib_a-s_fabs.o)
                0x0000000000006930                fabs
 .text.finite   0x0000000000006940       0x10 /usr/local/Cellar/arm-none-eabi-gcc/5.0-2016-q1-update/bin/../lib/gcc/arm-none-eabi/5.3.1/../../../../arm-none-eabi/lib/armv7e-m/fpu/libm.a(lib_a-s_finite.o)
                0x0000000000006940                finite
 .text.matherr  0x0000000000006950        0x4 /usr/local/Cellar/arm-none-eabi-gcc/5.0-2016-q1-update/bin/../lib/gcc/arm-none-eabi/5.3.1/../../../../arm-none-eabi/lib/armv7e-m/fpu/libm.a(lib_a-s_matherr.o)
                0x0000000000006950                matherr
 *fill*         0x0000000000006954        0x4 
 .text.nan      0x0000000000006958       0x10 /usr/local/Cellar/arm-none-eabi-gcc/5.0-2016-q1-update/bin/../lib/gcc/arm-none-eabi/5.3.1/../../../../arm-none-eabi/lib/armv7e-m/fpu/libm.a(lib_a-s_nan.o)
                0x0000000000006958                nan
 .text.rint     0x0000000000006968      0x128 /usr/local/Cellar/arm-none-eabi-gcc/5.0-2016-q1-update/bin/../lib/gcc/arm-none-eabi/5.3.1/../../../../arm-none-eabi/lib/armv7e-m/fpu/libm.a(lib_a-s_rint.o)
                0x0000000000006968                rint
 .text.scalbn   0x0000000000006a90      0x10c /usr/local/Cellar/arm-none-eabi-gcc/5.0-2016-q1-update/bin/../lib/gcc/arm-none-eabi/5.3.1/../../../../arm-none-eabi/lib/armv7e-m/fpu/libm.a(lib_a-s_scalbn.o)
                0x0000000000006a90                scalbn
 .text.copysign
                0x0000000000006b9c       0x1c /usr/local/Cellar/arm-none-eabi-gcc/5.0-2016-q1-update/bin/../lib/gcc/arm-none-eabi/5.3.1/../../../../arm-none-eabi/lib/armv7e-m/fpu/libm.a(lib_a-s_copysign.o)
                0x0000000000006b9c                copysign
 .text.__assert_func
                0x0000000000006bb8       0x3c /usr/local/Cellar/arm-none-eabi-gcc/5.0-2016-q1-update/bin/../lib/gcc/arm-none-eabi/5.3.1/../../../../arm-none-eabi/lib/armv7e-m/fpu/libg_nano.a(lib_a-assert.o)
                0x0000000000006bb8                __assert_func
 .text.__errno  0x0000000000006bf4        0xc /usr/local/Cellar/arm-none-eabi-gcc/5.0-2016-q1-update/bin/../lib/gcc/arm-none-eabi/5.3.1/../../../../arm-none-eabi/lib/armv7e-m/fpu/libg_nano.a(lib_a-errno.o)
                0x0000000000006bf4                __errno
 .text.exit     0x0000000000006c00       0x28 /usr/local/Cellar/arm-none-eabi-gcc/5.0-2016-q1-update/bin/../lib/gcc/arm-none-eabi/5.3.1/../../../../arm-none-eabi/lib/armv7e-m/fpu/libg_nano.a(lib_a-exit.o)
                0x0000000000006c00                exit
 .text.fprintf  0x0000000000006c28       0x24 /usr/local/Cellar/arm-none-eabi-gcc/5.0-2016-q1-update/bin/../lib/gcc/arm-none-eabi/5.3.1/../../../../arm-none-eabi/lib/armv7e-m/fpu/libg_nano.a(lib_a-fprintf.o)
                0x0000000000006c28                fprintf
                0x0000000000006c28                fiprintf
 .text.__libc_init_array
                0x0000000000006c4c       0x4c /usr/local/Cellar/arm-none-eabi-gcc/5.0-2016-q1-update/bin/../lib/gcc/arm-none-eabi/5.3.1/../../../../arm-none-eabi/lib/armv7e-m/fpu/libg_nano.a(lib_a-init.o)
                0x0000000000006c4c                __libc_init_array
 .text.memset   0x0000000000006c98       0x10 /usr/local/Cellar/arm-none-eabi-gcc/5.0-2016-q1-update/bin/../lib/gcc/arm-none-eabi/5.3.1/../../../../arm-none-eabi/lib/armv7e-m/fpu/libg_nano.a(lib_a-memset.o)
                0x0000000000006c98                memset
 .text.__sfputc_r
                0x0000000000006ca8       0x30 /usr/local/Cellar/arm-none-eabi-gcc/5.0-2016-q1-update/bin/../lib/gcc/arm-none-eabi/5.3.1/../../../../arm-none-eabi/lib/armv7e-m/fpu/libg_nano.a(lib_a-nano-vfprintf.o)
 .text.__sfputs_r
                0x0000000000006cd8       0x24 /usr/local/Cellar/arm-none-eabi-gcc/5.0-2016-q1-update/bin/../lib/gcc/arm-none-eabi/5.3.1/../../../../arm-none-eabi/lib/armv7e-m/fpu/libg_nano.a(lib_a-nano-vfprintf.o)
                0x0000000000006cd8                __sfputs_r
 .text._vfprintf_r
                0x0000000000006cfc      0x238 /usr/local/Cellar/arm-none-eabi-gcc/5.0-2016-q1-update/bin/../lib/gcc/arm-none-eabi/5.3.1/../../../../arm-none-eabi/lib/armv7e-m/fpu/libg_nano.a(lib_a-nano-vfprintf.o)
                0x0000000000006cfc                _vfiprintf_r
                0x0000000000006cfc                _vfprintf_r
 .text._printf_common
                0x0000000000006f34       0xec /usr/local/Cellar/arm-none-eabi-gcc/5.0-2016-q1-update/bin/../lib/gcc/arm-none-eabi/5.3.1/../../../../arm-none-eabi/lib/armv7e-m/fpu/libg_nano.a(lib_a-nano-vfprintf_i.o)
                0x0000000000006f34                _printf_common
 .text._printf_i
                0x0000000000007020      0x24c /usr/local/Cellar/arm-none-eabi-gcc/5.0-2016-q1-update/bin/../lib/gcc/arm-none-eabi/5.3.1/../../../../arm-none-eabi/lib/armv7e-m/fpu/libg_nano.a(lib_a-nano-vfprintf_i.o)
                0x0000000000007020                _printf_i
 .text.__swbuf_r
                0x000000000000726c       0xa8 /usr/local/Cellar/arm-none-eabi-gcc/5.0-2016-q1-update/bin/../lib/gcc/arm-none-eabi/5.3.1/../../../../arm-none-eabi/lib/armv7e-m/fpu/libg_nano.a(lib_a-wbuf.o)
                0x000000000000726c                __swbuf_r
 .text.__swsetup_r
                0x0000000000007314       0xdc /usr/local/Cellar/arm-none-eabi-gcc/5.0-2016-q1-update/bin/../lib/gcc/arm-none-eabi/5.3.1/../../../../arm-none-eabi/lib/armv7e-m/fpu/libg_nano.a(lib_a-wsetup.o)
                0x0000000000007314                __swsetup_r
 .text.abort    0x00000000000073f0        0xe /usr/local/Cellar/arm-none-eabi-gcc/5.0-2016-q1-update/bin/../lib/gcc/arm-none-eabi/5.3.1/../../../../arm-none-eabi/lib/armv7e-m/fpu/libg_nano.a(lib_a-abort.o)
                0x00000000000073f0                abort
 *fill*         0x00000000000073fe        0x2 
 .text.__sflush_r
                0x0000000000007400      0x110 /usr/local/Cellar/arm-none-eabi-gcc/5.0-2016-q1-update/bin/../lib/gcc/arm-none-eabi/5.3.1/../../../../arm-none-eabi/lib/armv7e-m/fpu/libg_nano.a(lib_a-fflush.o)
                0x0000000000007400                __sflush_r
 .text._fflush_r
                0x0000000000007510       0x54 /usr/local/Cellar/arm-none-eabi-gcc/5.0-2016-q1-update/bin/../lib/gcc/arm-none-eabi/5.3.1/../../../../arm-none-eabi/lib/armv7e-m/fpu/libg_nano.a(lib_a-fflush.o)
                0x0000000000007510                _fflush_r
 .text._cleanup_r
                0x0000000000007564        0xc /usr/local/Cellar/arm-none-eabi-gcc/5.0-2016-q1-update/bin/../lib/gcc/arm-none-eabi/5.3.1/../../../../arm-none-eabi/lib/armv7e-m/fpu/libg_nano.a(lib_a-findfp.o)
                0x0000000000007564                _cleanup_r
 .text.std.isra.0
                0x0000000000007570       0x48 /usr/local/Cellar/arm-none-eabi-gcc/5.0-2016-q1-update/bin/../lib/gcc/arm-none-eabi/5.3.1/../../../../arm-none-eabi/lib/armv7e-m/fpu/libg_nano.a(lib_a-findfp.o)
 .text.__sfmoreglue
                0x00000000000075b8       0x2c /usr/local/Cellar/arm-none-eabi-gcc/5.0-2016-q1-update/bin/../lib/gcc/arm-none-eabi/5.3.1/../../../../arm-none-eabi/lib/armv7e-m/fpu/libg_nano.a(lib_a-findfp.o)
                0x00000000000075b8                __sfmoreglue
 .text.__sinit  0x00000000000075e4       0x60 /usr/local/Cellar/arm-none-eabi-gcc/5.0-2016-q1-update/bin/../lib/gcc/arm-none-eabi/5.3.1/../../../../arm-none-eabi/lib/armv7e-m/fpu/libg_nano.a(lib_a-findfp.o)
                0x00000000000075e4                __sinit
 .text.__sfp    0x0000000000007644       0x78 /usr/local/Cellar/arm-none-eabi-gcc/5.0-2016-q1-update/bin/../lib/gcc/arm-none-eabi/5.3.1/../../../../arm-none-eabi/lib/armv7e-m/fpu/libg_nano.a(lib_a-findfp.o)
                0x0000000000007644                __sfp
 .text._fwalk_reent
                0x00000000000076bc       0x3c /usr/local/Cellar/arm-none-eabi-gcc/5.0-2016-q1-update/bin/../lib/gcc/arm-none-eabi/5.3.1/../../../../arm-none-eabi/lib/armv7e-m/fpu/libg_nano.a(lib_a-fwalk.o)
                0x00000000000076bc                _fwalk_reent
 .text.__swhatbuf_r
                0x00000000000076f8       0x46 /usr/local/Cellar/arm-none-eabi-gcc/5.0-2016-q1-update/bin/../lib/gcc/arm-none-eabi/5.3.1/../../../../arm-none-eabi/lib/armv7e-m/fpu/libg_nano.a(lib_a-makebuf.o)
                0x00000000000076f8                __swhatbuf_r
 *fill*         0x000000000000773e        0x2 
 .text.__smakebuf_r
                0x0000000000007740       0x78 /usr/local/Cellar/arm-none-eabi-gcc/5.0-2016-q1-update/bin/../lib/gcc/arm-none-eabi/5.3.1/../../../../arm-none-eabi/lib/armv7e-m/fpu/libg_nano.a(lib_a-makebuf.o)
                0x0000000000007740                __smakebuf_r
 .text._free_r  0x00000000000077b8       0x8c /usr/local/Cellar/arm-none-eabi-gcc/5.0-2016-q1-update/bin/../lib/gcc/arm-none-eabi/5.3.1/../../../../arm-none-eabi/lib/armv7e-m/fpu/libg_nano.a(lib_a-nano-freer.o)
                0x00000000000077b8                _free_r
 .text._malloc_r
                0x0000000000007844       0xa8 /usr/local/Cellar/arm-none-eabi-gcc/5.0-2016-q1-update/bin/../lib/gcc/arm-none-eabi/5.3.1/../../../../arm-none-eabi/lib/armv7e-m/fpu/libg_nano.a(lib_a-nano-mallocr.o)
                0x0000000000007844                _malloc_r
 .text._sbrk_r  0x00000000000078ec       0x20 /usr/local/Cellar/arm-none-eabi-gcc/5.0-2016-q1-update/bin/../lib/gcc/arm-none-eabi/5.3.1/../../../../arm-none-eabi/lib/armv7e-m/fpu/libg_nano.a(lib_a-sbrkr.o)
                0x00000000000078ec                _sbrk_r
 .text._raise_r
                0x000000000000790c       0x54 /usr/local/Cellar/arm-none-eabi-gcc/5.0-2016-q1-update/bin/../lib/gcc/arm-none-eabi/5.3.1/../../../../arm-none-eabi/lib/armv7e-m/fpu/libg_nano.a(lib_a-signal.o)
                0x000000000000790c                _raise_r
 .text.raise    0x0000000000007960       0x10 /usr/local/Cellar/arm-none-eabi-gcc/5.0-2016-q1-update/bin/../lib/gcc/arm-none-eabi/5.3.1/../../../../arm-none-eabi/lib/armv7e-m/fpu/libg_nano.a(lib_a-signal.o)
                0x0000000000007960                raise
 .text._kill_r  0x0000000000007970       0x24 /usr/local/Cellar/arm-none-eabi-gcc/5.0-2016-q1-update/bin/../lib/gcc/arm-none-eabi/5.3.1/../../../../arm-none-eabi/lib/armv7e-m/fpu/libg_nano.a(lib_a-signalr.o)
                0x0000000000007970                _kill_r
 .text._getpid_r
                0x0000000000007994        0x4 /usr/local/Cellar/arm-none-eabi-gcc/5.0-2016-q1-update/bin/../lib/gcc/arm-none-eabi/5.3.1/../../../../arm-none-eabi/lib/armv7e-m/fpu/libg_nano.a(lib_a-signalr.o)
                0x0000000000007994                _getpid_r
 .text.__sread  0x0000000000007998       0x22 /usr/local/Cellar/arm-none-eabi-gcc/5.0-2016-q1-update/bin/../lib/gcc/arm-none-eabi/5.3.1/../../../../arm-none-eabi/lib/armv7e-m/fpu/libg_nano.a(lib_a-stdio.o)
                0x0000000000007998                __sread
 .text.__swrite
                0x00000000000079ba       0x38 /usr/local/Cellar/arm-none-eabi-gcc/5.0-2016-q1-update/bin/../lib/gcc/arm-none-eabi/5.3.1/../../../../arm-none-eabi/lib/armv7e-m/fpu/libg_nano.a(lib_a-stdio.o)
                0x00000000000079ba                __swrite
 .text.__sseek  0x00000000000079f2       0x24 /usr/local/Cellar/arm-none-eabi-gcc/5.0-2016-q1-update/bin/../lib/gcc/arm-none-eabi/5.3.1/../../../../arm-none-eabi/lib/armv7e-m/fpu/libg_nano.a(lib_a-stdio.o)
                0x00000000000079f2                __sseek
 .text.__sclose
                0x0000000000007a16        0x8 /usr/local/Cellar/arm-none-eabi-gcc/5.0-2016-q1-update/bin/../lib/gcc/arm-none-eabi/5.3.1/../../../../arm-none-eabi/lib/armv7e-m/fpu/libg_nano.a(lib_a-stdio.o)
                0x0000000000007a16                __sclose
 *fill*         0x0000000000007a1e        0x2 
 .text._write_r
                0x0000000000007a20       0x24 /usr/local/Cellar/arm-none-eabi-gcc/5.0-2016-q1-update/bin/../lib/gcc/arm-none-eabi/5.3.1/../../../../arm-none-eabi/lib/armv7e-m/fpu/libg_nano.a(lib_a-writer.o)
                0x0000000000007a20                _write_r
 .text._close_r
                0x0000000000007a44       0x20 /usr/local/Cellar/arm-none-eabi-gcc/5.0-2016-q1-update/bin/../lib/gcc/arm-none-eabi/5.3.1/../../../../arm-none-eabi/lib/armv7e-m/fpu/libg_nano.a(lib_a-closer.o)
                0x0000000000007a44                _close_r
 .text._fstat_r
                0x0000000000007a64       0x24 /usr/local/Cellar/arm-none-eabi-gcc/5.0-2016-q1-update/bin/../lib/gcc/arm-none-eabi/5.3.1/../../../../arm-none-eabi/lib/armv7e-m/fpu/libg_nano.a(lib_a-fstatr.o)
                0x0000000000007a64                _fstat_r
 .text._isatty_r
                0x0000000000007a88       0x20 /usr/local/Cellar/arm-none-eabi-gcc/5.0-2016-q1-update/bin/../lib/gcc/arm-none-eabi/5.3.1/../../../../arm-none-eabi/lib/armv7e-m/fpu/libg_nano.a(lib_a-isattyr.o)
                0x0000000000007a88                _isatty_r
 .text._lseek_r
                0x0000000000007aa8       0x24 /usr/local/Cellar/arm-none-eabi-gcc/5.0-2016-q1-update/bin/../lib/gcc/arm-none-eabi/5.3.1/../../../../arm-none-eabi/lib/armv7e-m/fpu/libg_nano.a(lib_a-lseekr.o)
                0x0000000000007aa8                _lseek_r
 .text._read_r  0x0000000000007acc       0x24 /usr/local/Cellar/arm-none-eabi-gcc/5.0-2016-q1-update/bin/../lib/gcc/arm-none-eabi/5.3.1/../../../../arm-none-eabi/lib/armv7e-m/fpu/libg_nano.a(lib_a-readr.o)
                0x0000000000007acc                _read_r
 .text._close   0x0000000000007af0       0x10 /usr/local/Cellar/arm-none-eabi-gcc/5.0-2016-q1-update/bin/../lib/gcc/arm-none-eabi/5.3.1/../../../../arm-none-eabi/lib/armv7e-m/fpu/libnosys.a(close.o)
                0x0000000000007af0                _close
 .text._fstat   0x0000000000007b00       0x10 /usr/local/Cellar/arm-none-eabi-gcc/5.0-2016-q1-update/bin/../lib/gcc/arm-none-eabi/5.3.1/../../../../arm-none-eabi/lib/armv7e-m/fpu/libnosys.a(fstat.o)
                0x0000000000007b00                _fstat
 .text._getpid  0x0000000000007b10       0x10 /usr/local/Cellar/arm-none-eabi-gcc/5.0-2016-q1-update/bin/../lib/gcc/arm-none-eabi/5.3.1/../../../../arm-none-eabi/lib/armv7e-m/fpu/libnosys.a(getpid.o)
                0x0000000000007b10                _getpid
 .text._isatty  0x0000000000007b20       0x10 /usr/local/Cellar/arm-none-eabi-gcc/5.0-2016-q1-update/bin/../lib/gcc/arm-none-eabi/5.3.1/../../../../arm-none-eabi/lib/armv7e-m/fpu/libnosys.a(isatty.o)
                0x0000000000007b20                _isatty
 .text._kill    0x0000000000007b30       0x10 /usr/local/Cellar/arm-none-eabi-gcc/5.0-2016-q1-update/bin/../lib/gcc/arm-none-eabi/5.3.1/../../../../arm-none-eabi/lib/armv7e-m/fpu/libnosys.a(kill.o)
                0x0000000000007b30                _kill
 .text._lseek   0x0000000000007b40       0x10 /usr/local/Cellar/arm-none-eabi-gcc/5.0-2016-q1-update/bin/../lib/gcc/arm-none-eabi/5.3.1/../../../../arm-none-eabi/lib/armv7e-m/fpu/libnosys.a(lseek.o)
                0x0000000000007b40                _lseek
 .text._sbrk    0x0000000000007b50       0x1c /usr/local/Cellar/arm-none-eabi-gcc/5.0-2016-q1-update/bin/../lib/gcc/arm-none-eabi/5.3.1/../../../../arm-none-eabi/lib/armv7e-m/fpu/libnosys.a(sbrk.o)
                0x0000000000007b50                _sbrk
 .text._exit    0x0000000000007b6c        0x4 /usr/local/Cellar/arm-none-eabi-gcc/5.0-2016-q1-update/bin/../lib/gcc/arm-none-eabi/5.3.1/../../../../arm-none-eabi/lib/armv7e-m/fpu/libnosys.a(_exit.o)
                0x0000000000007b6c                _exit
 *(.rodata)
 .rodata        0x0000000000007b70       0x46 build/debug/FRDM-K66F/source/pin_mux.o
 *fill*         0x0000000000007bb6        0x2 
 .rodata        0x0000000000007bb8       0x18 build/debug/FRDM-K66F/source/main.o
 .rodata        0x0000000000007bd0      0x10b build/debug/FRDM-K66F/SDK_2.1_FRDM-K66F-GCC-Full/devices/MK66F18/drivers/fsl_clock.o
 *fill*         0x0000000000007cdb        0x1 
 .rodata        0x0000000000007cdc      0x152 build/debug/FRDM-K66F/SDK_2.1_FRDM-K66F-GCC-Full/devices/MK66F18/drivers/fsl_uart.o
 *fill*         0x0000000000007e2e        0x2 
 .rodata        0x0000000000007e30       0xde build/debug/FRDM-K66F/SDK_2.1_FRDM-K66F-GCC-Full/devices/MK66F18/drivers/fsl_lpuart.o
 *fill*         0x0000000000007f0e        0x2 
 .rodata        0x0000000000007f10       0xf4 build/debug/FRDM-K66F/SDK_2.1_FRDM-K66F-GCC-Full/devices/MK66F18/drivers/fsl_i2c.o
 *(.rodata*)
 .rodata.mcgConfig_BOARD_BootClockHSRUN
                0x0000000000008004        0xc build/debug/FRDM-K66F/source/clock_config.o
                0x0000000000008004                mcgConfig_BOARD_BootClockHSRUN
 .rodata.simConfig_BOARD_BootClockHSRUN
                0x0000000000008010        0x8 build/debug/FRDM-K66F/source/clock_config.o
                0x0000000000008010                simConfig_BOARD_BootClockHSRUN
 .rodata.oscConfig_BOARD_BootClockHSRUN
                0x0000000000008018        0x8 build/debug/FRDM-K66F/source/clock_config.o
                0x0000000000008018                oscConfig_BOARD_BootClockHSRUN
 .rodata.__func__.7068
                0x0000000000008020       0x12 build/debug/FRDM-K66F/source/pin_mux.o
 *fill*         0x0000000000008032        0x2 
 .rodata.__func__.7026
                0x0000000000008034       0x17 build/debug/FRDM-K66F/SDK_2.1_FRDM-K66F-GCC-Full/devices/MK66F18/drivers/fsl_clock.o
 *fill*         0x000000000000804b        0x1 
 .rodata.__func__.7071
                0x000000000000804c       0x1c build/debug/FRDM-K66F/SDK_2.1_FRDM-K66F-GCC-Full/devices/MK66F18/drivers/fsl_clock.o
 .rodata.__func__.7075
                0x0000000000008068       0x1a build/debug/FRDM-K66F/SDK_2.1_FRDM-K66F-GCC-Full/devices/MK66F18/drivers/fsl_clock.o
 *fill*         0x0000000000008082        0x2 
 .rodata.__func__.7083
                0x0000000000008084       0x16 build/debug/FRDM-K66F/SDK_2.1_FRDM-K66F-GCC-Full/devices/MK66F18/drivers/fsl_clock.o
 *fill*         0x000000000000809a        0x2 
 .rodata.__func__.7142
                0x000000000000809c       0x18 build/debug/FRDM-K66F/SDK_2.1_FRDM-K66F-GCC-Full/devices/MK66F18/drivers/fsl_clock.o
 .rodata.fllFactorTable.7204
                0x00000000000080b4       0x10 build/debug/FRDM-K66F/SDK_2.1_FRDM-K66F-GCC-Full/devices/MK66F18/drivers/fsl_clock.o
 .rodata.__func__.7219
                0x00000000000080c4       0x12 build/debug/FRDM-K66F/SDK_2.1_FRDM-K66F-GCC-Full/devices/MK66F18/drivers/fsl_clock.o
 *fill*         0x00000000000080d6        0x2 
 .rodata.__func__.7273
                0x00000000000080d8       0x11 build/debug/FRDM-K66F/SDK_2.1_FRDM-K66F-GCC-Full/devices/MK66F18/drivers/fsl_clock.o
 *fill*         0x00000000000080e9        0x3 
 .rodata.__func__.7419
                0x00000000000080ec       0x11 build/debug/FRDM-K66F/SDK_2.1_FRDM-K66F-GCC-Full/devices/MK66F18/drivers/fsl_clock.o
 *fill*         0x00000000000080fd        0x3 
 .rodata.__func__.7486
                0x0000000000008100       0x14 build/debug/FRDM-K66F/SDK_2.1_FRDM-K66F-GCC-Full/devices/MK66F18/drivers/fsl_clock.o
 .rodata.s_uartBases
                0x0000000000008114       0x14 build/debug/FRDM-K66F/SDK_2.1_FRDM-K66F-GCC-Full/devices/MK66F18/drivers/fsl_uart.o
 .rodata.s_uartClock
                0x0000000000008128       0x14 build/debug/FRDM-K66F/SDK_2.1_FRDM-K66F-GCC-Full/devices/MK66F18/drivers/fsl_uart.o
 .rodata.__func__.7224
                0x000000000000813c       0x11 build/debug/FRDM-K66F/SDK_2.1_FRDM-K66F-GCC-Full/devices/MK66F18/drivers/fsl_uart.o
 *fill*         0x000000000000814d        0x3 
 .rodata.__func__.7240
                0x0000000000008150        0xa build/debug/FRDM-K66F/SDK_2.1_FRDM-K66F-GCC-Full/devices/MK66F18/drivers/fsl_uart.o
 *fill*         0x000000000000815a        0x2 
 .rodata.__func__.7258
                0x000000000000815c       0x16 build/debug/FRDM-K66F/SDK_2.1_FRDM-K66F-GCC-Full/devices/MK66F18/drivers/fsl_uart.o
 *fill*         0x0000000000008172        0x2 
 .rodata.__func__.7318
                0x0000000000008174       0x12 build/debug/FRDM-K66F/SDK_2.1_FRDM-K66F-GCC-Full/devices/MK66F18/drivers/fsl_uart.o
 *fill*         0x0000000000008186        0x2 
 .rodata.__func__.7219
                0x0000000000008188       0x13 build/debug/FRDM-K66F/SDK_2.1_FRDM-K66F-GCC-Full/devices/MK66F18/drivers/fsl_lpuart.o
 *fill*         0x000000000000819b        0x1 
 .rodata.__func__.7257
                0x000000000000819c        0xc build/debug/FRDM-K66F/SDK_2.1_FRDM-K66F-GCC-Full/devices/MK66F18/drivers/fsl_lpuart.o
 .rodata.__func__.7279
                0x00000000000081a8       0x18 build/debug/FRDM-K66F/SDK_2.1_FRDM-K66F-GCC-Full/devices/MK66F18/drivers/fsl_lpuart.o
 .rodata.__func__.7325
                0x00000000000081c0       0x15 build/debug/FRDM-K66F/SDK_2.1_FRDM-K66F-GCC-Full/devices/MK66F18/drivers/fsl_lpuart.o
 *fill*         0x00000000000081d5        0x3 
 .rodata.__func__.7337
                0x00000000000081d8       0x14 build/debug/FRDM-K66F/SDK_2.1_FRDM-K66F-GCC-Full/devices/MK66F18/drivers/fsl_lpuart.o
 .rodata.s_i2cDividerTable
                0x00000000000081ec       0x80 build/debug/FRDM-K66F/SDK_2.1_FRDM-K66F-GCC-Full/devices/MK66F18/drivers/fsl_i2c.o
 .rodata.s_i2cBases
                0x000000000000826c       0x10 build/debug/FRDM-K66F/SDK_2.1_FRDM-K66F-GCC-Full/devices/MK66F18/drivers/fsl_i2c.o
 .rodata.s_i2cClocks
                0x000000000000827c       0x10 build/debug/FRDM-K66F/SDK_2.1_FRDM-K66F-GCC-Full/devices/MK66F18/drivers/fsl_i2c.o
 .rodata.__func__.7136
                0x000000000000828c       0x10 build/debug/FRDM-K66F/SDK_2.1_FRDM-K66F-GCC-Full/devices/MK66F18/drivers/fsl_i2c.o
 .rodata.__func__.7192
                0x000000000000829c       0x10 build/debug/FRDM-K66F/SDK_2.1_FRDM-K66F-GCC-Full/devices/MK66F18/drivers/fsl_i2c.o
 .rodata.__func__.7201
                0x00000000000082ac       0x1c build/debug/FRDM-K66F/SDK_2.1_FRDM-K66F-GCC-Full/devices/MK66F18/drivers/fsl_i2c.o
 .rodata.__func__.7299
                0x00000000000082c8       0x1c build/debug/FRDM-K66F/SDK_2.1_FRDM-K66F-GCC-Full/devices/MK66F18/drivers/fsl_i2c.o
 .rodata.str1.4
                0x00000000000082e4        0x4 /usr/local/Cellar/arm-none-eabi-gcc/5.0-2016-q1-update/bin/../lib/gcc/arm-none-eabi/5.3.1/../../../../arm-none-eabi/lib/armv7e-m/fpu/libm.a(lib_a-w_pow.o)
 .rodata.str1.4
                0x00000000000082e8        0x4 /usr/local/Cellar/arm-none-eabi-gcc/5.0-2016-q1-update/bin/../lib/gcc/arm-none-eabi/5.3.1/../../../../arm-none-eabi/lib/armv7e-m/fpu/libm.a(lib_a-e_pow.o)
                                          0x1 (size before relaxing)
 *fill*         0x00000000000082ec        0x4 
 .rodata.TWO52  0x00000000000082f0       0x10 /usr/local/Cellar/arm-none-eabi-gcc/5.0-2016-q1-update/bin/../lib/gcc/arm-none-eabi/5.3.1/../../../../arm-none-eabi/lib/armv7e-m/fpu/libm.a(lib_a-s_rint.o)
 .rodata.str1.1
                0x0000000000008300       0x3c /usr/local/Cellar/arm-none-eabi-gcc/5.0-2016-q1-update/bin/../lib/gcc/arm-none-eabi/5.3.1/../../../../arm-none-eabi/lib/armv7e-m/fpu/libg_nano.a(lib_a-assert.o)
                                         0x3d (size before relaxing)
 .rodata.str1.1
                0x000000000000833c        0x2 /usr/local/Cellar/arm-none-eabi-gcc/5.0-2016-q1-update/bin/../lib/gcc/arm-none-eabi/5.3.1/../../../../arm-none-eabi/lib/armv7e-m/fpu/libg_nano.a(lib_a-impure.o)
 *fill*         0x000000000000833e        0x2 
 .rodata._global_impure_ptr
                0x0000000000008340        0x4 /usr/local/Cellar/arm-none-eabi-gcc/5.0-2016-q1-update/bin/../lib/gcc/arm-none-eabi/5.3.1/../../../../arm-none-eabi/lib/armv7e-m/fpu/libg_nano.a(lib_a-impure.o)
                0x0000000000008340                _global_impure_ptr
 .rodata.str1.1
                0x0000000000008344       0x11 /usr/local/Cellar/arm-none-eabi-gcc/5.0-2016-q1-update/bin/../lib/gcc/arm-none-eabi/5.3.1/../../../../arm-none-eabi/lib/armv7e-m/fpu/libg_nano.a(lib_a-nano-vfprintf.o)
 .rodata.str1.1
                0x0000000000008355       0x22 /usr/local/Cellar/arm-none-eabi-gcc/5.0-2016-q1-update/bin/../lib/gcc/arm-none-eabi/5.3.1/../../../../arm-none-eabi/lib/armv7e-m/fpu/libg_nano.a(lib_a-nano-vfprintf_i.o)
 *fill*         0x0000000000008377        0x1 
 .rodata.__sf_fake_stdin
                0x0000000000008378       0x20 /usr/local/Cellar/arm-none-eabi-gcc/5.0-2016-q1-update/bin/../lib/gcc/arm-none-eabi/5.3.1/../../../../arm-none-eabi/lib/armv7e-m/fpu/libg_nano.a(lib_a-findfp.o)
                0x0000000000008378                __sf_fake_stdin
 .rodata.__sf_fake_stdout
                0x0000000000008398       0x20 /usr/local/Cellar/arm-none-eabi-gcc/5.0-2016-q1-update/bin/../lib/gcc/arm-none-eabi/5.3.1/../../../../arm-none-eabi/lib/armv7e-m/fpu/libg_nano.a(lib_a-findfp.o)
                0x0000000000008398                __sf_fake_stdout
 .rodata.__sf_fake_stderr
                0x00000000000083b8       0x20 /usr/local/Cellar/arm-none-eabi-gcc/5.0-2016-q1-update/bin/../lib/gcc/arm-none-eabi/5.3.1/../../../../arm-none-eabi/lib/armv7e-m/fpu/libg_nano.a(lib_a-findfp.o)
                0x00000000000083b8                __sf_fake_stderr
 *(.glue_7)
 .glue_7        0x00000000000083d8        0x0 linker stubs
 *(.glue_7t)
 .glue_7t       0x00000000000083d8        0x0 linker stubs
 *(.eh_frame)
 .eh_frame      0x00000000000083d8        0x0 /usr/local/Cellar/arm-none-eabi-gcc/5.0-2016-q1-update/bin/../lib/gcc/arm-none-eabi/5.3.1/armv7e-m/fpu/crtbegin.o
 *(.init)
 .init          0x00000000000083d8        0x4 /usr/local/Cellar/arm-none-eabi-gcc/5.0-2016-q1-update/bin/../lib/gcc/arm-none-eabi/5.3.1/armv7e-m/fpu/crti.o
                0x00000000000083d8                _init
 .init          0x00000000000083dc        0x8 /usr/local/Cellar/arm-none-eabi-gcc/5.0-2016-q1-update/bin/../lib/gcc/arm-none-eabi/5.3.1/armv7e-m/fpu/crtn.o
 *(.fini)
 .fini          0x00000000000083e4        0x4 /usr/local/Cellar/arm-none-eabi-gcc/5.0-2016-q1-update/bin/../lib/gcc/arm-none-eabi/5.3.1/armv7e-m/fpu/crti.o
                0x00000000000083e4                _fini
 .fini          0x00000000000083e8        0x8 /usr/local/Cellar/arm-none-eabi-gcc/5.0-2016-q1-update/bin/../lib/gcc/arm-none-eabi/5.3.1/armv7e-m/fpu/crtn.o
                0x00000000000083f0                . = ALIGN (0x4)

.vfp11_veneer   0x00000000000083f0        0x0
 .vfp11_veneer  0x00000000000083f0        0x0 linker stubs

.v4_bx          0x00000000000083f0        0x0
 .v4_bx         0x00000000000083f0        0x0 linker stubs

.iplt           0x00000000000083f0        0x0
 .iplt          0x00000000000083f0        0x0 /usr/local/Cellar/arm-none-eabi-gcc/5.0-2016-q1-update/bin/../lib/gcc/arm-none-eabi/5.3.1/armv7e-m/fpu/crtbegin.o

.ARM.extab
 *(.ARM.extab* .gnu.linkonce.armextab.*)

.ARM            0x00000000000083f0        0x8
                0x00000000000083f0                __exidx_start = .
 *(.ARM.exidx*)
 .ARM.exidx     0x00000000000083f0        0x8 /usr/local/Cellar/arm-none-eabi-gcc/5.0-2016-q1-update/bin/../lib/gcc/arm-none-eabi/5.3.1/../../../../arm-none-eabi/lib/armv7e-m/fpu/crt0.o
 .ARM.exidx     0x00000000000083f8        0x0 /usr/local/Cellar/arm-none-eabi-gcc/5.0-2016-q1-update/bin/../lib/gcc/arm-none-eabi/5.3.1/armv7e-m/fpu/libgcc.a(_udivmoddi4.o)
                                          0x8 (size before relaxing)
                0x00000000000083f8                __exidx_end = .

.rel.dyn        0x00000000000083f8        0x0
 .rel.iplt      0x00000000000083f8        0x0 /usr/local/Cellar/arm-none-eabi-gcc/5.0-2016-q1-update/bin/../lib/gcc/arm-none-eabi/5.3.1/armv7e-m/fpu/crtbegin.o

.ctors          0x00000000000083f8        0x0
                0x00000000000083f8                __CTOR_LIST__ = .
 *crtbegin.o(.ctors)
 *crtbegin?.o(.ctors)
 *(EXCLUDE_FILE(*crtend.o *crtend?.o) .ctors)
 *(SORT(.ctors.*))
 *(.ctors)
                0x00000000000083f8                __CTOR_END__ = .

.dtors          0x00000000000083f8        0x0
                0x00000000000083f8                __DTOR_LIST__ = .
 *crtbegin.o(.dtors)
 *crtbegin?.o(.dtors)
 *(EXCLUDE_FILE(*crtend.o *crtend?.o) .dtors)
 *(SORT(.dtors.*))
 *(.dtors)
                0x00000000000083f8                __DTOR_END__ = .

.preinit_array  0x00000000000083f8        0x0
                0x00000000000083f8                PROVIDE (__preinit_array_start, .)
 *(.preinit_array*)
                0x00000000000083f8                PROVIDE (__preinit_array_end, .)

.init_array     0x00000000000083f8        0x4
                0x00000000000083f8                PROVIDE (__init_array_start, .)
 *(SORT(.init_array.*))
 *(.init_array*)
 .init_array    0x00000000000083f8        0x4 /usr/local/Cellar/arm-none-eabi-gcc/5.0-2016-q1-update/bin/../lib/gcc/arm-none-eabi/5.3.1/armv7e-m/fpu/crtbegin.o
                0x00000000000083fc                PROVIDE (__init_array_end, .)

.fini_array     0x00000000000083fc        0x4
                [!provide]                        PROVIDE (__fini_array_start, .)
 *(SORT(.fini_array.*))
 *(.fini_array*)
 .fini_array    0x00000000000083fc        0x4 /usr/local/Cellar/arm-none-eabi-gcc/5.0-2016-q1-update/bin/../lib/gcc/arm-none-eabi/5.3.1/armv7e-m/fpu/crtbegin.o
                [!provide]                        PROVIDE (__fini_array_end, .)
                0x0000000000008400                __etext = .
                0x0000000000008400                __DATA_ROM = .

.interrupts_ram
                0x000000001fff0000        0x0
                0x000000001fff0000                . = ALIGN (0x4)
                0x000000001fff0000                __VECTOR_RAM__ = .
                0x000000001fff0000                __interrupts_ram_start__ = .
 *(.m_interrupts_ram)
                0x000000001fff0000                . = (. + M_VECTOR_RAM_SIZE)
                0x000000001fff0000                . = ALIGN (0x4)
                0x000000001fff0000                __interrupts_ram_end__ = .
                0x0000000000000000                __VECTOR_RAM = DEFINED (__ram_vector_table__)?__VECTOR_RAM__:ORIGIN (m_interrupts)
                0x0000000000000000                __RAM_VECTOR_TABLE_SIZE_BYTES = DEFINED (__ram_vector_table__)?(__interrupts_ram_end__ - __interrupts_ram_start__):0x0

.data           0x000000001fff0000       0x78 load address 0x0000000000008400
                0x000000001fff0000                . = ALIGN (0x4)
                0x000000001fff0000                __DATA_RAM = .
                0x000000001fff0000                __data_start__ = .
 *(.data)
 *(.data*)
 .data.SystemCoreClock
                0x000000001fff0000        0x4 build/debug/FRDM-K66F/SDK_2.1_FRDM-K66F-GCC-Full/devices/MK66F18/system_MK66F18.o
                0x000000001fff0000                SystemCoreClock
 .data.s_slowIrcFreq
                0x000000001fff0004        0x4 build/debug/FRDM-K66F/SDK_2.1_FRDM-K66F-GCC-Full/devices/MK66F18/drivers/fsl_clock.o
 .data.s_fastIrcFreq
                0x000000001fff0008        0x4 build/debug/FRDM-K66F/SDK_2.1_FRDM-K66F-GCC-Full/devices/MK66F18/drivers/fsl_clock.o
 .data.__fdlib_version
                0x000000001fff000c        0x1 /usr/local/Cellar/arm-none-eabi-gcc/5.0-2016-q1-update/bin/../lib/gcc/arm-none-eabi/5.3.1/../../../../arm-none-eabi/lib/armv7e-m/fpu/libm.a(lib_a-s_lib_ver.o)
                0x000000001fff000c                __fdlib_version
 *fill*         0x000000001fff000d        0x3 
 .data.impure_data
                0x000000001fff0010       0x60 /usr/local/Cellar/arm-none-eabi-gcc/5.0-2016-q1-update/bin/../lib/gcc/arm-none-eabi/5.3.1/../../../../arm-none-eabi/lib/armv7e-m/fpu/libg_nano.a(lib_a-impure.o)
 .data._impure_ptr
                0x000000001fff0070        0x4 /usr/local/Cellar/arm-none-eabi-gcc/5.0-2016-q1-update/bin/../lib/gcc/arm-none-eabi/5.3.1/../../../../arm-none-eabi/lib/armv7e-m/fpu/libg_nano.a(lib_a-impure.o)
                0x000000001fff0070                _impure_ptr
 *(.jcr*)
 .jcr           0x000000001fff0074        0x0 /usr/local/Cellar/arm-none-eabi-gcc/5.0-2016-q1-update/bin/../lib/gcc/arm-none-eabi/5.3.1/armv7e-m/fpu/crtbegin.o
 .jcr           0x000000001fff0074        0x4 /usr/local/Cellar/arm-none-eabi-gcc/5.0-2016-q1-update/bin/../lib/gcc/arm-none-eabi/5.3.1/armv7e-m/fpu/crtend.o
                0x000000001fff0078                . = ALIGN (0x4)
                0x000000001fff0078                __data_end__ = .
                0x0000000000008478                __DATA_END = (__DATA_ROM + (__data_end__ - __data_start__))
                0x0000000000200000                text_end = (ORIGIN (m_text) + LENGTH (m_text))
                0x0000000000000001                ASSERT ((__DATA_END <= text_end), region m_text overflowed with text and data)
                0x0000000000000000                USB_RAM_GAP = DEFINED (__usb_ram_size__)?__usb_ram_size__:0x0

.igot.plt       0x000000001fff0078        0x0 load address 0x0000000000008478
 .igot.plt      0x000000001fff0078        0x0 /usr/local/Cellar/arm-none-eabi-gcc/5.0-2016-q1-update/bin/../lib/gcc/arm-none-eabi/5.3.1/armv7e-m/fpu/crtbegin.o

.bss            0x000000001fff0078      0x1e0 load address 0x0000000000008478
                0x000000001fff0078                . = ALIGN (0x4)
                0x000000001fff0078                __START_BSS = .
                0x000000001fff0078                __bss_start__ = .
 *(.bss)
 .bss           0x000000001fff0078       0x1c /usr/local/Cellar/arm-none-eabi-gcc/5.0-2016-q1-update/bin/../lib/gcc/arm-none-eabi/5.3.1/armv7e-m/fpu/crtbegin.o
 *(.bss*)
 .bss.s_extPllFreq
                0x000000001fff0094        0x4 build/debug/FRDM-K66F/SDK_2.1_FRDM-K66F-GCC-Full/devices/MK66F18/drivers/fsl_clock.o
 .bss.s_debugConsole
                0x000000001fff0098       0x10 build/debug/FRDM-K66F/SDK_2.1_FRDM-K66F-GCC-Full/devices/MK66F18/utilities/fsl_debug_console.o
 .bss.s_uartHandle
                0x000000001fff00a8       0x14 build/debug/FRDM-K66F/SDK_2.1_FRDM-K66F-GCC-Full/devices/MK66F18/drivers/fsl_uart.o
 .bss.s_uartIsr
                0x000000001fff00bc        0x4 build/debug/FRDM-K66F/SDK_2.1_FRDM-K66F-GCC-Full/devices/MK66F18/drivers/fsl_uart.o
 .bss.s_lpuartHandle
                0x000000001fff00c0        0x4 build/debug/FRDM-K66F/SDK_2.1_FRDM-K66F-GCC-Full/devices/MK66F18/drivers/fsl_lpuart.o
 .bss.s_lpuartIsr
                0x000000001fff00c4        0x4 build/debug/FRDM-K66F/SDK_2.1_FRDM-K66F-GCC-Full/devices/MK66F18/drivers/fsl_lpuart.o
 .bss.s_i2cHandle
                0x000000001fff00c8       0x10 build/debug/FRDM-K66F/SDK_2.1_FRDM-K66F-GCC-Full/devices/MK66F18/drivers/fsl_i2c.o
 .bss.s_i2cMasterIsr
                0x000000001fff00d8        0x4 build/debug/FRDM-K66F/SDK_2.1_FRDM-K66F-GCC-Full/devices/MK66F18/drivers/fsl_i2c.o
 .bss.s_i2cSlaveIsr
                0x000000001fff00dc        0x4 build/debug/FRDM-K66F/SDK_2.1_FRDM-K66F-GCC-Full/devices/MK66F18/drivers/fsl_i2c.o
 .bss.__malloc_sbrk_start
                0x000000001fff00e0        0x4 /usr/local/Cellar/arm-none-eabi-gcc/5.0-2016-q1-update/bin/../lib/gcc/arm-none-eabi/5.3.1/../../../../arm-none-eabi/lib/armv7e-m/fpu/libg_nano.a(lib_a-nano-mallocr.o)
                0x000000001fff00e0                __malloc_sbrk_start
 .bss.__malloc_free_list
                0x000000001fff00e4        0x4 /usr/local/Cellar/arm-none-eabi-gcc/5.0-2016-q1-update/bin/../lib/gcc/arm-none-eabi/5.3.1/../../../../arm-none-eabi/lib/armv7e-m/fpu/libg_nano.a(lib_a-nano-mallocr.o)
                0x000000001fff00e4                __malloc_free_list
 .bss.heap_end.4169
                0x000000001fff00e8        0x4 /usr/local/Cellar/arm-none-eabi-gcc/5.0-2016-q1-update/bin/../lib/gcc/arm-none-eabi/5.3.1/../../../../arm-none-eabi/lib/armv7e-m/fpu/libnosys.a(sbrk.o)
                0x000000001fff0200                . = ALIGN (0x200)
 *fill*         0x000000001fff00ec      0x114 
                0x000000001fff0200                USB_RAM_START = .
                0x000000001fff0200                . = (. + USB_RAM_GAP)
 *(COMMON)
 COMMON         0x000000001fff0200       0x4c build/debug/FRDM-K66F/source/main.o
                0x000000001fff0200                _sensor_bus_config
                0x000000001fff020c                _sensor_bus
                0x000000001fff0234                _sensor_bus_tranfer
 COMMON         0x000000001fff024c        0x8 build/debug/FRDM-K66F/SDK_2.1_FRDM-K66F-GCC-Full/devices/MK66F18/drivers/fsl_clock.o
                0x000000001fff024c                g_xtal32Freq
                0x000000001fff0250                g_xtal0Freq
 COMMON         0x000000001fff0254        0x4 /usr/local/Cellar/arm-none-eabi-gcc/5.0-2016-q1-update/bin/../lib/gcc/arm-none-eabi/5.3.1/../../../../arm-none-eabi/lib/armv7e-m/fpu/libg_nano.a(lib_a-reent.o)
                0x000000001fff0254                errno
                0x000000001fff0258                . = ALIGN (0x4)
                0x000000001fff0258                __bss_end__ = .
                0x000000001fff0258                __END_BSS = .

.heap           0x0000000020000000      0x400
                0x0000000020000000                . = ALIGN (0x8)
                0x0000000020000000                __end__ = .
                0x0000000020000000                PROVIDE (end, .)
                0x0000000020000000                __HeapBase = .
                0x0000000020000400                . = (. + HEAP_SIZE)
 *fill*         0x0000000020000000      0x400 
                0x0000000020000400                __HeapLimit = .
                0x0000000020000400                __heap_limit = .

.stack          0x0000000020000400      0x400
                0x0000000020000400                . = ALIGN (0x8)
                0x0000000020000800                . = (. + STACK_SIZE)
 *fill*         0x0000000020000400      0x400 

m_usb_bdt       0x000000001fff0200        0x0
 *(m_usb_bdt)
                0x000000001fff0200                USB_RAM_BDT_END = .

m_usb_global
 *(m_usb_global)
                0x0000000020030000                __StackTop = (ORIGIN (m_data_2) + LENGTH (m_data_2))
                0x000000002002fc00                __StackLimit = (__StackTop - STACK_SIZE)
                0x0000000020030000                PROVIDE (__stack, __StackTop)

.ARM.attributes
                0x0000000000000000       0x2e
 *(.ARM.attributes)
 .ARM.attributes
                0x0000000000000000       0x22 /usr/local/Cellar/arm-none-eabi-gcc/5.0-2016-q1-update/bin/../lib/gcc/arm-none-eabi/5.3.1/armv7e-m/fpu/crti.o
 .ARM.attributes
                0x0000000000000022       0x34 /usr/local/Cellar/arm-none-eabi-gcc/5.0-2016-q1-update/bin/../lib/gcc/arm-none-eabi/5.3.1/armv7e-m/fpu/crtbegin.o
 .ARM.attributes
                0x0000000000000056       0x20 /usr/local/Cellar/arm-none-eabi-gcc/5.0-2016-q1-update/bin/../lib/gcc/arm-none-eabi/5.3.1/../../../../arm-none-eabi/lib/armv7e-m/fpu/crt0.o
 .ARM.attributes
                0x0000000000000076       0x1f build/debug/FRDM-K66F/SDK_2.1_FRDM-K66F-GCC-Full/devices/MK66F18/gcc/startup_MK66F18.o
 .ARM.attributes
                0x0000000000000095       0x39 build/debug/FRDM-K66F/source/board.o
 .ARM.attributes
                0x00000000000000ce       0x39 build/debug/FRDM-K66F/source/clock_config.o
 .ARM.attributes
                0x0000000000000107       0x39 build/debug/FRDM-K66F/source/pin_mux.o
 .ARM.attributes
                0x0000000000000140       0x39 build/debug/FRDM-K66F/source/main.o
 .ARM.attributes
                0x0000000000000179       0x39 build/debug/FRDM-K66F/SDK_2.1_FRDM-K66F-GCC-Full/devices/MK66F18/system_MK66F18.o
 .ARM.attributes
                0x00000000000001b2       0x39 build/debug/FRDM-K66F/SDK_2.1_FRDM-K66F-GCC-Full/devices/MK66F18/drivers/fsl_clock.o
 .ARM.attributes
                0x00000000000001eb       0x39 build/debug/FRDM-K66F/SDK_2.1_FRDM-K66F-GCC-Full/devices/MK66F18/utilities/fsl_debug_console.o
 .ARM.attributes
                0x0000000000000224       0x39 build/debug/FRDM-K66F/SDK_2.1_FRDM-K66F-GCC-Full/devices/MK66F18/drivers/fsl_uart.o
 .ARM.attributes
                0x000000000000025d       0x39 build/debug/FRDM-K66F/SDK_2.1_FRDM-K66F-GCC-Full/devices/MK66F18/drivers/fsl_lpuart.o
 .ARM.attributes
                0x0000000000000296       0x39 build/debug/FRDM-K66F/SDK_2.1_FRDM-K66F-GCC-Full/devices/MK66F18/drivers/fsl_smc.o
 .ARM.attributes
                0x00000000000002cf       0x39 build/debug/FRDM-K66F/SDK_2.1_FRDM-K66F-GCC-Full/devices/MK66F18/drivers/fsl_i2c.o
 .ARM.attributes
                0x0000000000000308       0x34 /usr/local/Cellar/arm-none-eabi-gcc/5.0-2016-q1-update/bin/../lib/gcc/arm-none-eabi/5.3.1/../../../../arm-none-eabi/lib/armv7e-m/fpu/libm.a(lib_a-s_modf.o)
 .ARM.attributes
                0x000000000000033c       0x34 /usr/local/Cellar/arm-none-eabi-gcc/5.0-2016-q1-update/bin/../lib/gcc/arm-none-eabi/5.3.1/../../../../arm-none-eabi/lib/armv7e-m/fpu/libm.a(lib_a-w_pow.o)
 .ARM.attributes
                0x0000000000000370       0x34 /usr/local/Cellar/arm-none-eabi-gcc/5.0-2016-q1-update/bin/../lib/gcc/arm-none-eabi/5.3.1/../../../../arm-none-eabi/lib/armv7e-m/fpu/libm.a(lib_a-e_pow.o)
 .ARM.attributes
                0x00000000000003a4       0x34 /usr/local/Cellar/arm-none-eabi-gcc/5.0-2016-q1-update/bin/../lib/gcc/arm-none-eabi/5.3.1/../../../../arm-none-eabi/lib/armv7e-m/fpu/libm.a(lib_a-e_sqrt.o)
 .ARM.attributes
                0x00000000000003d8       0x34 /usr/local/Cellar/arm-none-eabi-gcc/5.0-2016-q1-update/bin/../lib/gcc/arm-none-eabi/5.3.1/../../../../arm-none-eabi/lib/armv7e-m/fpu/libm.a(lib_a-s_fabs.o)
 .ARM.attributes
                0x000000000000040c       0x34 /usr/local/Cellar/arm-none-eabi-gcc/5.0-2016-q1-update/bin/../lib/gcc/arm-none-eabi/5.3.1/../../../../arm-none-eabi/lib/armv7e-m/fpu/libm.a(lib_a-s_finite.o)
 .ARM.attributes
                0x0000000000000440       0x34 /usr/local/Cellar/arm-none-eabi-gcc/5.0-2016-q1-update/bin/../lib/gcc/arm-none-eabi/5.3.1/../../../../arm-none-eabi/lib/armv7e-m/fpu/libm.a(lib_a-s_lib_ver.o)
 .ARM.attributes
                0x0000000000000474       0x34 /usr/local/Cellar/arm-none-eabi-gcc/5.0-2016-q1-update/bin/../lib/gcc/arm-none-eabi/5.3.1/../../../../arm-none-eabi/lib/armv7e-m/fpu/libm.a(lib_a-s_matherr.o)
 .ARM.attributes
                0x00000000000004a8       0x34 /usr/local/Cellar/arm-none-eabi-gcc/5.0-2016-q1-update/bin/../lib/gcc/arm-none-eabi/5.3.1/../../../../arm-none-eabi/lib/armv7e-m/fpu/libm.a(lib_a-s_nan.o)
 .ARM.attributes
                0x00000000000004dc       0x34 /usr/local/Cellar/arm-none-eabi-gcc/5.0-2016-q1-update/bin/../lib/gcc/arm-none-eabi/5.3.1/../../../../arm-none-eabi/lib/armv7e-m/fpu/libm.a(lib_a-s_rint.o)
 .ARM.attributes
                0x0000000000000510       0x34 /usr/local/Cellar/arm-none-eabi-gcc/5.0-2016-q1-update/bin/../lib/gcc/arm-none-eabi/5.3.1/../../../../arm-none-eabi/lib/armv7e-m/fpu/libm.a(lib_a-s_scalbn.o)
 .ARM.attributes
                0x0000000000000544       0x34 /usr/local/Cellar/arm-none-eabi-gcc/5.0-2016-q1-update/bin/../lib/gcc/arm-none-eabi/5.3.1/../../../../arm-none-eabi/lib/armv7e-m/fpu/libm.a(lib_a-s_copysign.o)
 .ARM.attributes
                0x0000000000000578       0x22 /usr/local/Cellar/arm-none-eabi-gcc/5.0-2016-q1-update/bin/../lib/gcc/arm-none-eabi/5.3.1/armv7e-m/fpu/libgcc.a(_arm_addsubdf3.o)
 .ARM.attributes
                0x000000000000059a       0x22 /usr/local/Cellar/arm-none-eabi-gcc/5.0-2016-q1-update/bin/../lib/gcc/arm-none-eabi/5.3.1/armv7e-m/fpu/libgcc.a(_arm_muldivdf3.o)
 .ARM.attributes
                0x00000000000005bc       0x22 /usr/local/Cellar/arm-none-eabi-gcc/5.0-2016-q1-update/bin/../lib/gcc/arm-none-eabi/5.3.1/armv7e-m/fpu/libgcc.a(_arm_cmpdf2.o)
 .ARM.attributes
                0x00000000000005de       0x22 /usr/local/Cellar/arm-none-eabi-gcc/5.0-2016-q1-update/bin/../lib/gcc/arm-none-eabi/5.3.1/armv7e-m/fpu/libgcc.a(_arm_unorddf2.o)
 .ARM.attributes
                0x0000000000000600       0x22 /usr/local/Cellar/arm-none-eabi-gcc/5.0-2016-q1-update/bin/../lib/gcc/arm-none-eabi/5.3.1/armv7e-m/fpu/libgcc.a(_arm_fixdfsi.o)
 .ARM.attributes
                0x0000000000000622       0x22 /usr/local/Cellar/arm-none-eabi-gcc/5.0-2016-q1-update/bin/../lib/gcc/arm-none-eabi/5.3.1/armv7e-m/fpu/libgcc.a(_aeabi_ldivmod.o)
 .ARM.attributes
                0x0000000000000644       0x22 /usr/local/Cellar/arm-none-eabi-gcc/5.0-2016-q1-update/bin/../lib/gcc/arm-none-eabi/5.3.1/armv7e-m/fpu/libgcc.a(_aeabi_uldivmod.o)
 .ARM.attributes
                0x0000000000000666       0x34 /usr/local/Cellar/arm-none-eabi-gcc/5.0-2016-q1-update/bin/../lib/gcc/arm-none-eabi/5.3.1/armv7e-m/fpu/libgcc.a(_fixdfdi.o)
 .ARM.attributes
                0x000000000000069a       0x34 /usr/local/Cellar/arm-none-eabi-gcc/5.0-2016-q1-update/bin/../lib/gcc/arm-none-eabi/5.3.1/armv7e-m/fpu/libgcc.a(_fixunsdfdi.o)
 .ARM.attributes
                0x00000000000006ce       0x34 /usr/local/Cellar/arm-none-eabi-gcc/5.0-2016-q1-update/bin/../lib/gcc/arm-none-eabi/5.3.1/armv7e-m/fpu/libgcc.a(_udivmoddi4.o)
 .ARM.attributes
                0x0000000000000702       0x22 /usr/local/Cellar/arm-none-eabi-gcc/5.0-2016-q1-update/bin/../lib/gcc/arm-none-eabi/5.3.1/armv7e-m/fpu/libgcc.a(_dvmd_tls.o)
 .ARM.attributes
                0x0000000000000724       0x22 /usr/local/Cellar/arm-none-eabi-gcc/5.0-2016-q1-update/bin/../lib/gcc/arm-none-eabi/5.3.1/armv7e-m/fpu/libgcc.a(_arm_fixunsdfsi.o)
 .ARM.attributes
                0x0000000000000746       0x34 /usr/local/Cellar/arm-none-eabi-gcc/5.0-2016-q1-update/bin/../lib/gcc/arm-none-eabi/5.3.1/../../../../arm-none-eabi/lib/armv7e-m/fpu/libg_nano.a(lib_a-assert.o)
 .ARM.attributes
                0x000000000000077a       0x34 /usr/local/Cellar/arm-none-eabi-gcc/5.0-2016-q1-update/bin/../lib/gcc/arm-none-eabi/5.3.1/../../../../arm-none-eabi/lib/armv7e-m/fpu/libg_nano.a(lib_a-errno.o)
 .ARM.attributes
                0x00000000000007ae       0x34 /usr/local/Cellar/arm-none-eabi-gcc/5.0-2016-q1-update/bin/../lib/gcc/arm-none-eabi/5.3.1/../../../../arm-none-eabi/lib/armv7e-m/fpu/libg_nano.a(lib_a-exit.o)
 .ARM.attributes
                0x00000000000007e2       0x34 /usr/local/Cellar/arm-none-eabi-gcc/5.0-2016-q1-update/bin/../lib/gcc/arm-none-eabi/5.3.1/../../../../arm-none-eabi/lib/armv7e-m/fpu/libg_nano.a(lib_a-fprintf.o)
 .ARM.attributes
                0x0000000000000816       0x34 /usr/local/Cellar/arm-none-eabi-gcc/5.0-2016-q1-update/bin/../lib/gcc/arm-none-eabi/5.3.1/../../../../arm-none-eabi/lib/armv7e-m/fpu/libg_nano.a(lib_a-impure.o)
 .ARM.attributes
                0x000000000000084a       0x34 /usr/local/Cellar/arm-none-eabi-gcc/5.0-2016-q1-update/bin/../lib/gcc/arm-none-eabi/5.3.1/../../../../arm-none-eabi/lib/armv7e-m/fpu/libg_nano.a(lib_a-init.o)
 .ARM.attributes
                0x000000000000087e       0x34 /usr/local/Cellar/arm-none-eabi-gcc/5.0-2016-q1-update/bin/../lib/gcc/arm-none-eabi/5.3.1/../../../../arm-none-eabi/lib/armv7e-m/fpu/libg_nano.a(lib_a-memset.o)
 .ARM.attributes
                0x00000000000008b2       0x34 /usr/local/Cellar/arm-none-eabi-gcc/5.0-2016-q1-update/bin/../lib/gcc/arm-none-eabi/5.3.1/../../../../arm-none-eabi/lib/armv7e-m/fpu/libg_nano.a(lib_a-nano-vfprintf.o)
 .ARM.attributes