Archive member included because of file (symbol)

/Users/scottd/workspace/tools/gcc-arm-none-eabi-4_8-2014q3/bin/../lib/gcc/arm-none-eabi/4.8.4/../../../../arm-none-eabi/lib/armv7e-m/fpu/libg_s.a(lib_a-assert.o)
                              build/debug/FRDM-K66F/source/pin_mux.o (symbol from plugin) (__assert_func)
/Users/scottd/workspace/tools/gcc-arm-none-eabi-4_8-2014q3/bin/../lib/gcc/arm-none-eabi/4.8.4/../../../../arm-none-eabi/lib/armv7e-m/fpu/libg_s.a(lib_a-exit.o)
                              /Users/scottd/workspace/tools/gcc-arm-none-eabi-4_8-2014q3/bin/../lib/gcc/arm-none-eabi/4.8.4/../../../../arm-none-eabi/lib/armv7e-m/fpu/crt0.o (exit)
/Users/scottd/workspace/tools/gcc-arm-none-eabi-4_8-2014q3/bin/../lib/gcc/arm-none-eabi/4.8.4/../../../../arm-none-eabi/lib/armv7e-m/fpu/libg_s.a(lib_a-fprintf.o)
                              /Users/scottd/workspace/tools/gcc-arm-none-eabi-4_8-2014q3/bin/../lib/gcc/arm-none-eabi/4.8.4/../../../../arm-none-eabi/lib/armv7e-m/fpu/libg_s.a(lib_a-assert.o) (fiprintf)
/Users/scottd/workspace/tools/gcc-arm-none-eabi-4_8-2014q3/bin/../lib/gcc/arm-none-eabi/4.8.4/../../../../arm-none-eabi/lib/armv7e-m/fpu/libg_s.a(lib_a-impure.o)
                              /Users/scottd/workspace/tools/gcc-arm-none-eabi-4_8-2014q3/bin/../lib/gcc/arm-none-eabi/4.8.4/../../../../arm-none-eabi/lib/armv7e-m/fpu/libg_s.a(lib_a-exit.o) (_global_impure_ptr)
/Users/scottd/workspace/tools/gcc-arm-none-eabi-4_8-2014q3/bin/../lib/gcc/arm-none-eabi/4.8.4/../../../../arm-none-eabi/lib/armv7e-m/fpu/libg_s.a(lib_a-init.o)
                              /Users/scottd/workspace/tools/gcc-arm-none-eabi-4_8-2014q3/bin/../lib/gcc/arm-none-eabi/4.8.4/../../../../arm-none-eabi/lib/armv7e-m/fpu/crt0.o (__libc_init_array)
/Users/scottd/workspace/tools/gcc-arm-none-eabi-4_8-2014q3/bin/../lib/gcc/arm-none-eabi/4.8.4/../../../../arm-none-eabi/lib/armv7e-m/fpu/libg_s.a(lib_a-memset.o)
                              /Users/scottd/workspace/tools/gcc-arm-none-eabi-4_8-2014q3/bin/../lib/gcc/arm-none-eabi/4.8.4/../../../../arm-none-eabi/lib/armv7e-m/fpu/crt0.o (memset)
/Users/scottd/workspace/tools/gcc-arm-none-eabi-4_8-2014q3/bin/../lib/gcc/arm-none-eabi/4.8.4/../../../../arm-none-eabi/lib/armv7e-m/fpu/libg_s.a(lib_a-vfprintf.o)
                              /Users/scottd/workspace/tools/gcc-arm-none-eabi-4_8-2014q3/bin/../lib/gcc/arm-none-eabi/4.8.4/../../../../arm-none-eabi/lib/armv7e-m/fpu/libg_s.a(lib_a-fprintf.o) (_vfprintf_r)
/Users/scottd/workspace/tools/gcc-arm-none-eabi-4_8-2014q3/bin/../lib/gcc/arm-none-eabi/4.8.4/../../../../arm-none-eabi/lib/armv7e-m/fpu/libg_s.a(lib_a-vfprintf_i.o)
                              /Users/scottd/workspace/tools/gcc-arm-none-eabi-4_8-2014q3/bin/../lib/gcc/arm-none-eabi/4.8.4/../../../../arm-none-eabi/lib/armv7e-m/fpu/libg_s.a(lib_a-vfprintf.o) (_printf_i)
/Users/scottd/workspace/tools/gcc-arm-none-eabi-4_8-2014q3/bin/../lib/gcc/arm-none-eabi/4.8.4/../../../../arm-none-eabi/lib/armv7e-m/fpu/libg_s.a(lib_a-wbuf.o)
                              /Users/scottd/workspace/tools/gcc-arm-none-eabi-4_8-2014q3/bin/../lib/gcc/arm-none-eabi/4.8.4/../../../../arm-none-eabi/lib/armv7e-m/fpu/libg_s.a(lib_a-vfprintf.o) (__swbuf_r)
/Users/scottd/workspace/tools/gcc-arm-none-eabi-4_8-2014q3/bin/../lib/gcc/arm-none-eabi/4.8.4/../../../../arm-none-eabi/lib/armv7e-m/fpu/libg_s.a(lib_a-wsetup.o)
                              /Users/scottd/workspace/tools/gcc-arm-none-eabi-4_8-2014q3/bin/../lib/gcc/arm-none-eabi/4.8.4/../../../../arm-none-eabi/lib/armv7e-m/fpu/libg_s.a(lib_a-vfprintf.o) (__swsetup_r)
/Users/scottd/workspace/tools/gcc-arm-none-eabi-4_8-2014q3/bin/../lib/gcc/arm-none-eabi/4.8.4/../../../../arm-none-eabi/lib/armv7e-m/fpu/libg_s.a(lib_a-abort.o)
                              /Users/scottd/workspace/tools/gcc-arm-none-eabi-4_8-2014q3/bin/../lib/gcc/arm-none-eabi/4.8.4/../../../../arm-none-eabi/lib/armv7e-m/fpu/libg_s.a(lib_a-assert.o) (abort)
/Users/scottd/workspace/tools/gcc-arm-none-eabi-4_8-2014q3/bin/../lib/gcc/arm-none-eabi/4.8.4/../../../../arm-none-eabi/lib/armv7e-m/fpu/libg_s.a(lib_a-fflush.o)
                              /Users/scottd/workspace/tools/gcc-arm-none-eabi-4_8-2014q3/bin/../lib/gcc/arm-none-eabi/4.8.4/../../../../arm-none-eabi/lib/armv7e-m/fpu/libg_s.a(lib_a-wbuf.o) (_fflush_r)
/Users/scottd/workspace/tools/gcc-arm-none-eabi-4_8-2014q3/bin/../lib/gcc/arm-none-eabi/4.8.4/../../../../arm-none-eabi/lib/armv7e-m/fpu/libg_s.a(lib_a-findfp.o)
                              /Users/scottd/workspace/tools/gcc-arm-none-eabi-4_8-2014q3/bin/../lib/gcc/arm-none-eabi/4.8.4/../../../../arm-none-eabi/lib/armv7e-m/fpu/libg_s.a(lib_a-vfprintf.o) (__sinit)
/Users/scottd/workspace/tools/gcc-arm-none-eabi-4_8-2014q3/bin/../lib/gcc/arm-none-eabi/4.8.4/../../../../arm-none-eabi/lib/armv7e-m/fpu/libg_s.a(lib_a-fvwrite.o)
[...]
Memory Configuration

Name             Origin             Length             Attributes
m_interrupts     0x0000000000000000 0x0000000000000400 xr
m_flash_config   0x0000000000000400 0x0000000000000010 xr
m_text           0x0000000000000410 0x00000000001ffbf0 xr
m_data           0x000000001fff0000 0x0000000000010000 rw
m_data_2         0x0000000020000000 0x0000000000030000 rw
*default*        0x0000000000000000 0xffffffffffffffff

Linker script and memory map

LOAD /Users/scottd/workspace/tools/gcc-arm-none-eabi-4_8-2014q3/bin/../lib/gcc/arm-none-eabi/4.8.4/armv7e-m/fpu/crti.o
LOAD /Users/scottd/workspace/tools/gcc-arm-none-eabi-4_8-2014q3/bin/../lib/gcc/arm-none-eabi/4.8.4/armv7e-m/fpu/crtbegin.o
LOAD /Users/scottd/workspace/tools/gcc-arm-none-eabi-4_8-2014q3/bin/../lib/gcc/arm-none-eabi/4.8.4/../../../../arm-none-eabi/lib/armv7e-m/fpu/crt0.o
LOAD build/debug/FRDM-K66F/SDK_2.1_FRDM-K66F-GCC-Full/devices/MK66F18/gcc/startup_MK66F18.o
LOAD build/debug/FRDM-K66F/source/board.o
LOAD /var/folders/xk/_z_dkq7d30gc4hlq2bvsjy2m0000gq/T//ccwVh9gL.ltrans0.ltrans.o
LOAD /var/folders/xk/_z_dkq7d30gc4hlq2bvsjy2m0000gq/T//ccwVh9gL.ltrans1.ltrans.o
LOAD /var/folders/xk/_z_dkq7d30gc4hlq2bvsjy2m0000gq/T//ccwVh9gL.ltrans2.ltrans.o
LOAD /var/folders/xk/_z_dkq7d30gc4hlq2bvsjy2m0000gq/T//ccwVh9gL.ltrans3.ltrans.o
LOAD /var/folders/xk/_z_dkq7d30gc4hlq2bvsjy2m0000gq/T//ccwVh9gL.ltrans4.ltrans.o
LOAD /var/folders/xk/_z_dkq7d30gc4hlq2bvsjy2m0000gq/T//ccwVh9gL.ltrans5.ltrans.o
LOAD /Users/scottd/workspace/tools/gcc-arm-none-eabi-4_8-2014q3/bin/../lib/gcc/arm-none-eabi/4.8.4/armv7e-m/fpu/libgcc.a
LOAD /Users/scottd/workspace/tools/gcc-arm-none-eabi-4_8-2014q3/bin/../lib/gcc/arm-none-eabi/4.8.4/../../../../arm-none-eabi/lib/armv7e-m/fpu/libg_s.a
LOAD /Users/scottd/workspace/tools/gcc-arm-none-eabi-4_8-2014q3/bin/../lib/gcc/arm-none-eabi/4.8.4/../../../../arm-none-eabi/lib/armv7e-m/fpu/libc_s.a
LOAD /Users/scottd/workspace/tools/gcc-arm-none-eabi-4_8-2014q3/bin/../lib/gcc/arm-none-eabi/4.8.4/armv7e-m/fpu/libgcc.a
LOAD /Users/scottd/workspace/tools/gcc-arm-none-eabi-4_8-2014q3/bin/../lib/gcc/arm-none-eabi/4.8.4/../../../../arm-none-eabi/lib/armv7e-m/fpu/libc_s.a
LOAD /Users/scottd/workspace/tools/gcc-arm-none-eabi-4_8-2014q3/bin/../lib/gcc/arm-none-eabi/4.8.4/../../../../arm-none-eabi/lib/armv7e-m/fpu/libnosys.a
LOAD /Users/scottd/workspace/tools/gcc-arm-none-eabi-4_8-2014q3/bin/../lib/gcc/arm-none-eabi/4.8.4/armv7e-m/fpu/libgcc.a
LOAD /Users/scottd/workspace/tools/gcc-arm-none-eabi-4_8-2014q3/bin/../lib/gcc/arm-none-eabi/4.8.4/../../../../arm-none-eabi/lib/armv7e-m/fpu/libc_s.a
LOAD /Users/scottd/workspace/tools/gcc-arm-none-eabi-4_8-2014q3/bin/../lib/gcc/arm-none-eabi/4.8.4/../../../../arm-none-eabi/lib/armv7e-m/fpu/libnosys.a
LOAD build/debug/FRDM-K66F/source/clock_config.o
LOAD build/debug/FRDM-K66F/source/pin_mux.o
LOAD build/debug/FRDM-K66F/source/main.o
LOAD build/debug/FRDM-K66F/SDK_2.1_FRDM-K66F-GCC-Full/devices/MK66F18/system_MK66F18.o
LOAD build/debug/FRDM-K66F/SDK_2.1_FRDM-K66F-GCC-Full/devices/MK66F18/drivers/fsl_clock.o
LOAD build/debug/FRDM-K66F/SDK_2.1_FRDM-K66F-GCC-Full/devices/MK66F18/utilities/fsl_debug_console.o
LOAD build/debug/FRDM-K66F/SDK_2.1_FRDM-K66F-GCC-Full/devices/MK66F18/drivers/fsl_uart.o
LOAD build/debug/FRDM-K66F/SDK_2.1_FRDM-K66F-GCC-Full/devices/MK66F18/drivers/fsl_lpuart.o
LOAD build/debug/FRDM-K66F/SDK_2.1_FRDM-K66F-GCC-Full/devices/MK66F18/drivers/fsl_lptmr.o
LOAD build/debug/FRDM-K66F/SDK_2.1_FRDM-K66F-GCC-Full/devices/MK66F18/drivers/fsl_adc16.o
LOAD build/debug/FRDM-K66F/SDK_2.1_FRDM-K66F-GCC-Full/devices/MK66F18/drivers/fsl_pmc.o
LOAD build/debug/FRDM-K66F/SDK_2.1_FRDM-K66F-GCC-Full/devices/MK66F18/drivers/fsl_smc.o
LOAD /Users/scottd/workspace/tools/gcc-arm-none-eabi-4_8-2014q3/bin/../lib/gcc/arm-none-eabi/4.8.4/../../../../arm-none-eabi/lib/armv7e-m/fpu/libm.a
LOAD /Users/scottd/workspace/github/scottdarch/Noer/FRDMK66NoEr/CMSIS_5/CMSIS/Lib/GCC/libarm_cortexM4lf_math.a
START GROUP
LOAD /Users/scottd/workspace/tools/gcc-arm-none-eabi-4_8-2014q3/bin/../lib/gcc/arm-none-eabi/4.8.4/armv7e-m/fpu/libgcc.a
LOAD /Users/scottd/workspace/tools/gcc-arm-none-eabi-4_8-2014q3/bin/../lib/gcc/arm-none-eabi/4.8.4/../../../../arm-none-eabi/lib/armv7e-m/fpu/libg_s.a
LOAD /Users/scottd/workspace/tools/gcc-arm-none-eabi-4_8-2014q3/bin/../lib/gcc/arm-none-eabi/4.8.4/../../../../arm-none-eabi/lib/armv7e-m/fpu/libc_s.a
END GROUP
START GROUP
LOAD /Users/scottd/workspace/tools/gcc-arm-none-eabi-4_8-2014q3/bin/../lib/gcc/arm-none-eabi/4.8.4/armv7e-m/fpu/libgcc.a
LOAD /Users/scottd/workspace/tools/gcc-arm-none-eabi-4_8-2014q3/bin/../lib/gcc/arm-none-eabi/4.8.4/../../../../arm-none-eabi/lib/armv7e-m/fpu/libc_s.a
LOAD /Users/scottd/workspace/tools/gcc-arm-none-eabi-4_8-2014q3/bin/../lib/gcc/arm-none-eabi/4.8.4/../../../../arm-none-eabi/lib/armv7e-m/fpu/libnosys.a
END GROUP
START GROUP
LOAD /Users/scottd/workspace/tools/gcc-arm-none-eabi-4_8-2014q3/bin/../lib/gcc/arm-none-eabi/4.8.4/armv7e-m/fpu/libgcc.a
LOAD /Users/scottd/workspace/tools/gcc-arm-none-eabi-4_8-2014q3/bin/../lib/gcc/arm-none-eabi/4.8.4/../../../../arm-none-eabi/lib/armv7e-m/fpu/libc_s.a
LOAD /Users/scottd/workspace/tools/gcc-arm-none-eabi-4_8-2014q3/bin/../lib/gcc/arm-none-eabi/4.8.4/../../../../arm-none-eabi/lib/armv7e-m/fpu/libnosys.a
END GROUP
LOAD /Users/scottd/workspace/tools/gcc-arm-none-eabi-4_8-2014q3/bin/../lib/gcc/arm-none-eabi/4.8.4/armv7e-m/fpu/crtend.o
LOAD /Users/scottd/workspace/tools/gcc-arm-none-eabi-4_8-2014q3/bin/../lib/gcc/arm-none-eabi/4.8.4/armv7e-m/fpu/crtn.o
                0x0000000000000400                HEAP_SIZE = DEFINED (__heap_size__)?__heap_size__:0x400
                0x0000000000000400                STACK_SIZE = DEFINED (__stack_size__)?__stack_size__:0x400
                0x0000000000000000                M_VECTOR_RAM_SIZE = DEFINED (__ram_vector_table__)?0x400:0x0

.interrupts     0x0000000000000000      0x400
                0x0000000000000000                __VECTOR_TABLE = .
                0x0000000000000000                . = ALIGN (0x4)
 *(.isr_vector)
 .isr_vector    0x0000000000000000      0x400 build/debug/FRDM-K66F/SDK_2.1_FRDM-K66F-GCC-Full/devices/MK66F18/gcc/startup_MK66F18.o
                0x0000000000000000                __isr_vector
                0x0000000000000400                . = ALIGN (0x4)

.flash_config   0x0000000000000400       0x10
                0x0000000000000400                . = ALIGN (0x4)
 *(.FlashConfig)
 .FlashConfig   0x0000000000000400       0x10 build/debug/FRDM-K66F/SDK_2.1_FRDM-K66F-GCC-Full/devices/MK66F18/gcc/startup_MK66F18.o
                0x0000000000000410                . = ALIGN (0x4)

.text           0x0000000000000410     0x7130
                0x0000000000000410                . = ALIGN (0x4)
 *(.text)
 .text          0x0000000000000410       0x54 /Users/scottd/workspace/tools/gcc-arm-none-eabi-4_8-2014q3/bin/../lib/gcc/arm-none-eabi/4.8.4/armv7e-m/fpu/crtbegin.o
 .text          0x0000000000000464       0x74 /Users/scottd/workspace/tools/gcc-arm-none-eabi-4_8-2014q3/bin/../lib/gcc/arm-none-eabi/4.8.4/../../../../arm-none-eabi/lib/armv7e-m/fpu/crt0.o
                0x0000000000000464                _mainCRTStartup
                0x0000000000000464                _start
 .text          0x00000000000004d8      0x1f8 build/debug/FRDM-K66F/SDK_2.1_FRDM-K66F-GCC-Full/devices/MK66F18/gcc/startup_MK66F18.o
                0x00000000000004d8                Reset_Handler
                0x000000000000051c                DebugMon_Handler
                0x000000000000051c                Reserved46_IRQHandler
                0x000000000000051c                SPI2_DriverIRQHandler
                0x000000000000051c                ADC1_IRQHandler
                0x000000000000051c                TPM2_IRQHandler
                0x000000000000051c                PIT2_IRQHandler
                0x000000000000051c                RTC_IRQHandler
                0x000000000000051c                UART3_ERR_DriverIRQHandler
                0x000000000000051c                PDB0_IRQHandler
                0x000000000000051c                CMP3_IRQHandler
                0x000000000000051c                FTM1_IRQHandler
                0x000000000000051c                DMA12_DMA28_DriverIRQHandler
                0x000000000000051c                PIT3_IRQHandler
                0x000000000000051c                RTC_Seconds_IRQHandler
                0x000000000000051c                MCG_IRQHandler
                0x000000000000051c                FTFE_IRQHandler
                0x000000000000051c                DMA10_DMA26_DriverIRQHandler
                0x000000000000051c                UART0_ERR_DriverIRQHandler
                0x000000000000051c                Read_Collision_IRQHandler
                0x000000000000051c                DMA1_DMA17_DriverIRQHandler
                0x000000000000051c                USBHSDCD_IRQHandler
                0x000000000000051c                USBDCD_IRQHandler
                0x000000000000051c                DMA8_DMA24_DriverIRQHandler
                0x000000000000051c                DMA6_DMA22_DriverIRQHandler
                0x000000000000051c                I2S0_Rx_DriverIRQHandler
                0x000000000000051c                USB0_IRQHandler
                0x000000000000051c                UART4_ERR_DriverIRQHandler
                0x000000000000051c                WDOG_EWM_IRQHandler
                0x000000000000051c                MemManage_Handler
                0x000000000000051c                DMA11_DMA27_DriverIRQHandler
                0x000000000000051c                DMA4_DMA20_DriverIRQHandler
                0x000000000000051c                DMA9_DMA25_DriverIRQHandler
                0x000000000000051c                RNG_IRQHandler
                0x000000000000051c                I2C1_DriverIRQHandler
                0x000000000000051c                ENET_Receive_DriverIRQHandler
                0x000000000000051c                DAC0_IRQHandler
                0x000000000000051c                DMA3_DMA19_DriverIRQHandler
                0x000000000000051c                ENET_Error_DriverIRQHandler
                0x000000000000051c                SPI0_DriverIRQHandler
                0x000000000000051c                TPM1_IRQHandler
                0x000000000000051c                PIT1_IRQHandler
                0x000000000000051c                LVD_LVW_IRQHandler
                0x000000000000051c                FTM0_IRQHandler
                0x000000000000051c                PORTA_IRQHandler
                0x000000000000051c                DAC1_IRQHandler
                0x000000000000051c                MCM_IRQHandler
                0x000000000000051c                CAN0_DriverIRQHandler
                0x000000000000051c                FTM3_IRQHandler
                0x000000000000051c                PORTE_IRQHandler
                0x000000000000051c                DMA5_DMA21_DriverIRQHandler
                0x000000000000051c                FTM2_IRQHandler
                0x000000000000051c                LPTMR0_IRQHandler
                0x000000000000051c                BusFault_Handler
                0x000000000000051c                DMA15_DMA31_DriverIRQHandler
                0x000000000000051c                UART1_ERR_DriverIRQHandler
                0x000000000000051c                ENET_Transmit_DriverIRQHandler
                0x000000000000051c                I2C0_DriverIRQHandler
                0x000000000000051c                CAN1_DriverIRQHandler
                0x000000000000051c                CMP0_IRQHandler
                0x000000000000051c                PORTC_IRQHandler
                0x000000000000051c                DMA13_DMA29_DriverIRQHandler
                0x000000000000051c                SPI1_DriverIRQHandler
                0x000000000000051c                Reserved85_IRQHandler
                0x000000000000051c                DMA_Error_DriverIRQHandler
                0x000000000000051c                USBHS_IRQHandler
                0x000000000000051c                SDHC_DriverIRQHandler
                0x000000000000051c                PIT0_IRQHandler
                0x000000000000051c                DMA7_DMA23_DriverIRQHandler
                0x000000000000051c                I2C3_DriverIRQHandler
                0x000000000000051c                CMP2_IRQHandler
                0x000000000000051c                LLWU_IRQHandler
                0x000000000000051c                I2S0_Tx_DriverIRQHandler
                0x000000000000051c                Reserved84_IRQHandler
                0x000000000000051c                TSI0_IRQHandler
                0x000000000000051c                DMA14_DMA30_DriverIRQHandler
                0x000000000000051c                ENET_1588_Timer_DriverIRQHandler
                0x000000000000051c                I2C2_DriverIRQHandler
                0x000000000000051c                SWI_IRQHandler
                0x000000000000051c                ADC0_IRQHandler
                0x000000000000051c                UsageFault_Handler
                0x000000000000051c                CMT_IRQHandler
                0x000000000000051c                DMA0_DMA16_DriverIRQHandler
                0x000000000000051c                DefaultISR
                0x000000000000051c                DMA2_DMA18_DriverIRQHandler
                0x000000000000051c                CMP1_IRQHandler
                0x000000000000051c                Reserved71_IRQHandler
                0x000000000000051c                PORTD_IRQHandler
                0x000000000000051c                PORTB_IRQHandler
                0x000000000000051c                UART2_ERR_DriverIRQHandler
                0x0000000000000520                NMI_Handler
                0x0000000000000524                HardFault_Handler
                0x0000000000000528                SVC_Handler
                0x000000000000052c                PendSV_Handler
                0x0000000000000534                DMA0_DMA16_IRQHandler
                0x0000000000000538                DMA1_DMA17_IRQHandler
                0x000000000000053c                DMA2_DMA18_IRQHandler
                0x0000000000000540                DMA3_DMA19_IRQHandler
                0x0000000000000544                DMA4_DMA20_IRQHandler
                0x0000000000000548                DMA5_DMA21_IRQHandler
                0x000000000000054c                DMA6_DMA22_IRQHandler
                0x0000000000000550                DMA7_DMA23_IRQHandler
                0x0000000000000554                DMA8_DMA24_IRQHandler
                0x0000000000000558                DMA9_DMA25_IRQHandler
                0x000000000000055c                DMA10_DMA26_IRQHandler
                0x0000000000000560                DMA11_DMA27_IRQHandler
                0x0000000000000564                DMA12_DMA28_IRQHandler
                0x0000000000000568                DMA13_DMA29_IRQHandler
                0x000000000000056c                DMA14_DMA30_IRQHandler
                0x0000000000000570                DMA15_DMA31_IRQHandler
                0x0000000000000574                DMA_Error_IRQHandler
                0x0000000000000578                I2C0_IRQHandler
                0x000000000000057c                I2C1_IRQHandler
                0x0000000000000580                SPI0_IRQHandler
                0x0000000000000584                SPI1_IRQHandler
                0x0000000000000588                I2S0_Tx_IRQHandler
                0x000000000000058c                I2S0_Rx_IRQHandler
                0x0000000000000590                UART0_RX_TX_IRQHandler
                0x0000000000000594                UART0_ERR_IRQHandler
                0x0000000000000598                UART1_RX_TX_IRQHandler
                0x000000000000059c                UART1_ERR_IRQHandler
                0x00000000000005a0                UART2_RX_TX_IRQHandler
                0x00000000000005a4                UART2_ERR_IRQHandler
                0x00000000000005a8                UART3_RX_TX_IRQHandler
                0x00000000000005ac                UART3_ERR_IRQHandler
                0x00000000000005b0                SPI2_IRQHandler
                0x00000000000005b4                UART4_RX_TX_IRQHandler
                0x00000000000005b8                UART4_ERR_IRQHandler
                0x00000000000005bc                I2C2_IRQHandler
                0x00000000000005c0                CAN0_ORed_Message_buffer_IRQHandler
                0x00000000000005c4                CAN0_Bus_Off_IRQHandler
                0x00000000000005c8                CAN0_Error_IRQHandler
                0x00000000000005cc                CAN0_Tx_Warning_IRQHandler
                0x00000000000005d0                CAN0_Rx_Warning_IRQHandler
                0x00000000000005d4                CAN0_Wake_Up_IRQHandler
                0x00000000000005d8                SDHC_IRQHandler
                0x00000000000005dc                ENET_1588_Timer_IRQHandler
                0x00000000000005e0                ENET_Transmit_IRQHandler
                0x00000000000005e4                ENET_Receive_IRQHandler
                0x00000000000005e8                ENET_Error_IRQHandler
                0x00000000000005ec                LPUART0_IRQHandler
                0x00000000000005f0                I2C3_IRQHandler
                0x00000000000005f4                CAN1_ORed_Message_buffer_IRQHandler
                0x00000000000005f8                CAN1_Bus_Off_IRQHandler
                0x00000000000005fc                CAN1_Error_IRQHandler
                0x0000000000000600                CAN1_Tx_Warning_IRQHandler
                0x0000000000000604                CAN1_Rx_Warning_IRQHandler
                0x0000000000000608                CAN1_Wake_Up_IRQHandler
 .text          0x00000000000006d0      0x370 /Users/scottd/workspace/tools/gcc-arm-none-eabi-4_8-2014q3/bin/../lib/gcc/arm-none-eabi/4.8.4/armv7e-m/fpu/libgcc.a(_arm_addsubdf3.o)
                0x00000000000006d0                __aeabi_drsub
                0x00000000000006d8                __subdf3
                0x00000000000006d8                __aeabi_dsub
                0x00000000000006dc                __aeabi_dadd
                0x00000000000006dc                __adddf3
                0x0000000000000954                __aeabi_ui2d
                0x0000000000000954                __floatunsidf
                0x0000000000000974                __floatsidf
                0x0000000000000974                __aeabi_i2d
                0x0000000000000998                __extendsfdf2
                0x0000000000000998                __aeabi_f2d
                0x00000000000009d4                __aeabi_ul2d
                0x00000000000009d4                __floatundidf
                0x00000000000009e4                __aeabi_l2d
                0x00000000000009e4                __floatdidf
 .text          0x0000000000000a40      0x424 /Users/scottd/workspace/tools/gcc-arm-none-eabi-4_8-2014q3/bin/../lib/gcc/arm-none-eabi/4.8.4/armv7e-m/fpu/libgcc.a(_arm_muldivdf3.o)
                0x0000000000000a40                __aeabi_dmul
                0x0000000000000a40                __muldf3
                0x0000000000000c94                __aeabi_ddiv
                0x0000000000000c94                __divdf3
 .text          0x0000000000000e64      0x110 /Users/scottd/workspace/tools/gcc-arm-none-eabi-4_8-2014q3/bin/../lib/gcc/arm-none-eabi/4.8.4/armv7e-m/fpu/libgcc.a(_arm_cmpdf2.o)
                0x0000000000000e64                __gtdf2
                0x0000000000000e64                __gedf2
                0x0000000000000e6c                __ltdf2
                0x0000000000000e6c                __ledf2
                0x0000000000000e74                __eqdf2
                0x0000000000000e74                __nedf2
                0x0000000000000e74                __cmpdf2
                0x0000000000000ef0                __aeabi_cdrcmple
                0x0000000000000f00                __aeabi_cdcmple
                0x0000000000000f00                __aeabi_cdcmpeq
                0x0000000000000f10                __aeabi_dcmpeq
                0x0000000000000f24                __aeabi_dcmplt
                0x0000000000000f38                __aeabi_dcmple
                0x0000000000000f4c                __aeabi_dcmpge
                0x0000000000000f60                __aeabi_dcmpgt
 .text          0x0000000000000f74       0x50 /Users/scottd/workspace/tools/gcc-arm-none-eabi-4_8-2014q3/bin/../lib/gcc/arm-none-eabi/4.8.4/armv7e-m/fpu/libgcc.a(_arm_fixdfsi.o)
                0x0000000000000f74                __fixdfsi
                0x0000000000000f74                __aeabi_d2iz
 .text          0x0000000000000fc4       0x38 /Users/scottd/workspace/tools/gcc-arm-none-eabi-4_8-2014q3/bin/../lib/gcc/arm-none-eabi/4.8.4/armv7e-m/fpu/libgcc.a(_aeabi_ldivmod.o)
                0x0000000000000fc4                __aeabi_ldivmod
 .text          0x0000000000000ffc       0x2c /Users/scottd/workspace/tools/gcc-arm-none-eabi-4_8-2014q3/bin/../lib/gcc/arm-none-eabi/4.8.4/armv7e-m/fpu/libgcc.a(_aeabi_uldivmod.o)
                0x0000000000000ffc                __aeabi_uldivmod
 .text          0x0000000000001028       0x30 /Users/scottd/workspace/tools/gcc-arm-none-eabi-4_8-2014q3/bin/../lib/gcc/arm-none-eabi/4.8.4/armv7e-m/fpu/libgcc.a(_fixdfdi.o)
                0x0000000000001028                __aeabi_d2lz
                0x0000000000001028                __fixdfdi
 .text          0x0000000000001058       0x44 /Users/scottd/workspace/tools/gcc-arm-none-eabi-4_8-2014q3/bin/../lib/gcc/arm-none-eabi/4.8.4/armv7e-m/fpu/libgcc.a(_fixunsdfdi.o)
                0x0000000000001058                __aeabi_d2ulz
                0x0000000000001058                __fixunsdfdi
 .text          0x000000000000109c       0x60 /Users/scottd/workspace/tools/gcc-arm-none-eabi-4_8-2014q3/bin/../lib/gcc/arm-none-eabi/4.8.4/armv7e-m/fpu/libgcc.a(bpabi.o)
                0x000000000000109c                __gnu_ldivmod_helper
                0x00000000000010cc                __gnu_uldivmod_helper
 .text          0x00000000000010fc        0x4 /Users/scottd/workspace/tools/gcc-arm-none-eabi-4_8-2014q3/bin/../lib/gcc/arm-none-eabi/4.8.4/armv7e-m/fpu/libgcc.a(_dvmd_tls.o)
                0x00000000000010fc                __aeabi_ldiv0
                0x00000000000010fc                __aeabi_idiv0
 .text          0x0000000000001100       0x40 /Users/scottd/workspace/tools/gcc-arm-none-eabi-4_8-2014q3/bin/../lib/gcc/arm-none-eabi/4.8.4/armv7e-m/fpu/libgcc.a(_arm_fixunsdfsi.o)
                0x0000000000001100                __fixunsdfsi
                0x0000000000001100                __aeabi_d2uiz
 .text          0x0000000000001140      0x298 /Users/scottd/workspace/tools/gcc-arm-none-eabi-4_8-2014q3/bin/../lib/gcc/arm-none-eabi/4.8.4/armv7e-m/fpu/libgcc.a(_divdi3.o)
                0x0000000000001140                __divdi3
 .text          0x00000000000013d8      0x284 /Users/scottd/workspace/tools/gcc-arm-none-eabi-4_8-2014q3/bin/../lib/gcc/arm-none-eabi/4.8.4/armv7e-m/fpu/libgcc.a(_udivdi3.o)
                0x00000000000013d8                __udivdi3
 *(.text*)
 .text.LPUART_ReadBlocking
                0x000000000000165c       0xd8 /var/folders/xk/_z_dkq7d30gc4hlq2bvsjy2m0000gq/T//ccwVh9gL.ltrans0.ltrans.o
                0x000000000000165c                LPUART_ReadBlocking
 .text.LPUART0_DriverIRQHandler
                0x0000000000001734       0x20 /var/folders/xk/_z_dkq7d30gc4hlq2bvsjy2m0000gq/T//ccwVh9gL.ltrans0.ltrans.o
                0x0000000000001734                LPUART0_DriverIRQHandler
 .text.SMC_SetPowerModeHsrun
                0x0000000000001754       0x34 /var/folders/xk/_z_dkq7d30gc4hlq2bvsjy2m0000gq/T//ccwVh9gL.ltrans0.ltrans.o
                0x0000000000001754                SMC_SetPowerModeHsrun
 .text.UART_WriteBlocking
                0x0000000000001788       0x3c /var/folders/xk/_z_dkq7d30gc4hlq2bvsjy2m0000gq/T//ccwVh9gL.ltrans1.ltrans.o
                0x0000000000001788                UART_WriteBlocking
 .text.UART_ReadBlocking
                0x00000000000017c4       0xa8 /var/folders/xk/_z_dkq7d30gc4hlq2bvsjy2m0000gq/T//ccwVh9gL.ltrans1.ltrans.o
                0x00000000000017c4                UART_ReadBlocking
 .text.UART0_DriverIRQHandler.4169
                0x000000000000186c       0x20 /var/folders/xk/_z_dkq7d30gc4hlq2bvsjy2m0000gq/T//ccwVh9gL.ltrans1.ltrans.o
 .text.UART0_RX_TX_DriverIRQHandler
                0x000000000000188c       0x10 /var/folders/xk/_z_dkq7d30gc4hlq2bvsjy2m0000gq/T//ccwVh9gL.ltrans1.ltrans.o
                0x000000000000188c                UART0_RX_TX_DriverIRQHandler
 .text.UART1_DriverIRQHandler.4165
                0x000000000000189c       0x20 /var/folders/xk/_z_dkq7d30gc4hlq2bvsjy2m0000gq/T//ccwVh9gL.ltrans1.ltrans.o
 .text.UART1_RX_TX_DriverIRQHandler
                0x00000000000018bc       0x10 /var/folders/xk/_z_dkq7d30gc4hlq2bvsjy2m0000gq/T//ccwVh9gL.ltrans1.ltrans.o
                0x00000000000018bc                UART1_RX_TX_DriverIRQHandler
 .text.UART2_DriverIRQHandler.4161
                0x00000000000018cc       0x20 /var/folders/xk/_z_dkq7d30gc4hlq2bvsjy2m0000gq/T//ccwVh9gL.ltrans1.ltrans.o
 .text.UART2_RX_TX_DriverIRQHandler
                0x00000000000018ec       0x10 /var/folders/xk/_z_dkq7d30gc4hlq2bvsjy2m0000gq/T//ccwVh9gL.ltrans1.ltrans.o
                0x00000000000018ec                UART2_RX_TX_DriverIRQHandler
 .text.UART3_DriverIRQHandler.4157
                0x00000000000018fc       0x20 /var/folders/xk/_z_dkq7d30gc4hlq2bvsjy2m0000gq/T//ccwVh9gL.ltrans1.ltrans.o
 .text.UART3_RX_TX_DriverIRQHandler
                0x000000000000191c       0x10 /var/folders/xk/_z_dkq7d30gc4hlq2bvsjy2m0000gq/T//ccwVh9gL.ltrans1.ltrans.o
                0x000000000000191c                UART3_RX_TX_DriverIRQHandler
 .text.UART4_DriverIRQHandler.4153
                0x000000000000192c       0x20 /var/folders/xk/_z_dkq7d30gc4hlq2bvsjy2m0000gq/T//ccwVh9gL.ltrans1.ltrans.o
 .text.UART4_RX_TX_DriverIRQHandler
                0x000000000000194c       0x10 /var/folders/xk/_z_dkq7d30gc4hlq2bvsjy2m0000gq/T//ccwVh9gL.ltrans1.ltrans.o
                0x000000000000194c                UART4_RX_TX_DriverIRQHandler
 .text.CLOCK_EnableClock.5805.4145
                0x000000000000195c       0x34 /var/folders/xk/_z_dkq7d30gc4hlq2bvsjy2m0000gq/T//ccwVh9gL.ltrans1.ltrans.o
 .text.LPUART_GetInstance
                0x0000000000001990       0x54 /var/folders/xk/_z_dkq7d30gc4hlq2bvsjy2m0000gq/T//ccwVh9gL.ltrans1.ltrans.o
                0x0000000000001990                LPUART_GetInstance
 .text.LPUART_Init
                0x00000000000019e4      0x244 /var/folders/xk/_z_dkq7d30gc4hlq2bvsjy2m0000gq/T//ccwVh9gL.ltrans1.ltrans.o
                0x00000000000019e4                LPUART_Init
 .text.LPUART_GetDefaultConfig
                0x0000000000001c28       0x60 /var/folders/xk/_z_dkq7d30gc4hlq2bvsjy2m0000gq/T//ccwVh9gL.ltrans1.ltrans.o
                0x0000000000001c28                LPUART_GetDefaultConfig
 .text.LPUART_GetStatusFlags
                0x0000000000001c88       0x1c /var/folders/xk/_z_dkq7d30gc4hlq2bvsjy2m0000gq/T//ccwVh9gL.ltrans1.ltrans.o
                0x0000000000001c88                LPUART_GetStatusFlags
 .text.LPUART_ClearStatusFlags
                0x0000000000001ca4       0x84 /var/folders/xk/_z_dkq7d30gc4hlq2bvsjy2m0000gq/T//ccwVh9gL.ltrans1.ltrans.o
                0x0000000000001ca4                LPUART_ClearStatusFlags
 .text.LPUART_WriteBlocking
                0x0000000000001d28       0x5c /var/folders/xk/_z_dkq7d30gc4hlq2bvsjy2m0000gq/T//ccwVh9gL.ltrans1.ltrans.o
                0x0000000000001d28                LPUART_WriteBlocking
 .text._write   0x0000000000001d84       0x58 /var/folders/xk/_z_dkq7d30gc4hlq2bvsjy2m0000gq/T//ccwVh9gL.ltrans2.ltrans.o
                0x0000000000001d84                _write
 .text._read    0x0000000000001ddc       0x44 /var/folders/xk/_z_dkq7d30gc4hlq2bvsjy2m0000gq/T//ccwVh9gL.ltrans2.ltrans.o
                0x0000000000001ddc                _read
 .text.CLOCK_EnableClock.5501.4159
                0x0000000000001e20       0x34 /var/folders/xk/_z_dkq7d30gc4hlq2bvsjy2m0000gq/T//ccwVh9gL.ltrans2.ltrans.o
 .text.UART_GetInstance
                0x0000000000001e54       0x60 /var/folders/xk/_z_dkq7d30gc4hlq2bvsjy2m0000gq/T//ccwVh9gL.ltrans2.ltrans.o
                0x0000000000001e54                UART_GetInstance
 .text.UART_Init
                0x0000000000001eb4      0x2c8 /var/folders/xk/_z_dkq7d30gc4hlq2bvsjy2m0000gq/T//ccwVh9gL.ltrans2.ltrans.o
                0x0000000000001eb4                UART_Init
 .text.UART_GetDefaultConfig
                0x000000000000217c       0x60 /var/folders/xk/_z_dkq7d30gc4hlq2bvsjy2m0000gq/T//ccwVh9gL.ltrans2.ltrans.o
                0x000000000000217c                UART_GetDefaultConfig
 .text.UART_GetStatusFlags
                0x00000000000021dc       0x48 /var/folders/xk/_z_dkq7d30gc4hlq2bvsjy2m0000gq/T//ccwVh9gL.ltrans2.ltrans.o
                0x00000000000021dc                UART_GetStatusFlags
 .text.CLOCK_BootToPeeMode
                0x0000000000002224       0x84 /var/folders/xk/_z_dkq7d30gc4hlq2bvsjy2m0000gq/T//ccwVh9gL.ltrans3.ltrans.o
                0x0000000000002224                CLOCK_BootToPeeMode
 .text.UART_EnableTx.5231.4172
                0x00000000000022a8       0x40 /var/folders/xk/_z_dkq7d30gc4hlq2bvsjy2m0000gq/T//ccwVh9gL.ltrans3.ltrans.o
 .text.UART_EnableRx.5288.4168
                0x00000000000022e8       0x40 /var/folders/xk/_z_dkq7d30gc4hlq2bvsjy2m0000gq/T//ccwVh9gL.ltrans3.ltrans.o
 .text.LPUART_EnableTx.5292.4164
                0x0000000000002328       0x38 /var/folders/xk/_z_dkq7d30gc4hlq2bvsjy2m0000gq/T//ccwVh9gL.ltrans3.ltrans.o
 .text.LPUART_EnableRx.5306.4160
                0x0000000000002360       0x38 /var/folders/xk/_z_dkq7d30gc4hlq2bvsjy2m0000gq/T//ccwVh9gL.ltrans3.ltrans.o
 .text.DbgConsole_Init
                0x0000000000002398      0x108 /var/folders/xk/_z_dkq7d30gc4hlq2bvsjy2m0000gq/T//ccwVh9gL.ltrans3.ltrans.o
                0x0000000000002398                DbgConsole_Init
 .text.DbgConsole_Printf
                0x00000000000024a0       0x44 /var/folders/xk/_z_dkq7d30gc4hlq2bvsjy2m0000gq/T//ccwVh9gL.ltrans3.ltrans.o
                0x00000000000024a0                DbgConsole_Printf
 .text.DbgConsole_Putchar.4058
                0x00000000000024e4       0x38 /var/folders/xk/_z_dkq7d30gc4hlq2bvsjy2m0000gq/T//ccwVh9gL.ltrans3.ltrans.o
 .text.DbgConsole_PrintfPaddingCharacter.5335.4043
                0x000000000000251c       0x40 /var/folders/xk/_z_dkq7d30gc4hlq2bvsjy2m0000gq/T//ccwVh9gL.ltrans3.ltrans.o
 .text.DbgConsole_ConvertRadixNumToString.5343.4035
                0x000000000000255c      0x1dc /var/folders/xk/_z_dkq7d30gc4hlq2bvsjy2m0000gq/T//ccwVh9gL.ltrans3.ltrans.o
 .text.DbgConsole_ConvertFloatRadixNumToString.5350.4024
                0x0000000000002738      0x2f0 /var/folders/xk/_z_dkq7d30gc4hlq2bvsjy2m0000gq/T//ccwVh9gL.ltrans3.ltrans.o
 .text.DbgConsole_PrintfFormattedData.5356.4013
                0x0000000000002a28      0x8dc /var/folders/xk/_z_dkq7d30gc4hlq2bvsjy2m0000gq/T//ccwVh9gL.ltrans3.ltrans.o
 .text.CLOCK_SetSimConfig
                0x0000000000003304       0x4c /var/folders/xk/_z_dkq7d30gc4hlq2bvsjy2m0000gq/T//ccwVh9gL.ltrans4.ltrans.o
                0x0000000000003304                CLOCK_SetSimConfig
 .text.CLOCK_EnableUsbfs0Clock
                0x0000000000003350      0x12c /var/folders/xk/_z_dkq7d30gc4hlq2bvsjy2m0000gq/T//ccwVh9gL.ltrans4.ltrans.o
                0x0000000000003350                CLOCK_EnableUsbfs0Clock
 .text.CLOCK_GetOutClkFreq
                0x000000000000347c       0xa0 /var/folders/xk/_z_dkq7d30gc4hlq2bvsjy2m0000gq/T//ccwVh9gL.ltrans4.ltrans.o
                0x000000000000347c                CLOCK_GetOutClkFreq
 .text.CLOCK_GetFllFreq
                0x000000000000351c       0x78 /var/folders/xk/_z_dkq7d30gc4hlq2bvsjy2m0000gq/T//ccwVh9gL.ltrans4.ltrans.o
                0x000000000000351c                CLOCK_GetFllFreq
 .text.CLOCK_GetPll0Freq
                0x0000000000003594       0x84 /var/folders/xk/_z_dkq7d30gc4hlq2bvsjy2m0000gq/T//ccwVh9gL.ltrans4.ltrans.o
                0x0000000000003594                CLOCK_GetPll0Freq
 .text.CLOCK_GetExtPllFreq
                0x0000000000003618       0x18 /var/folders/xk/_z_dkq7d30gc4hlq2bvsjy2m0000gq/T//ccwVh9gL.ltrans4.ltrans.o
                0x0000000000003618                CLOCK_GetExtPllFreq
 .text.CLOCK_SetExtPllFreq
                0x0000000000003630       0x1c /var/folders/xk/_z_dkq7d30gc4hlq2bvsjy2m0000gq/T//ccwVh9gL.ltrans4.ltrans.o
                0x0000000000003630                CLOCK_SetExtPllFreq
 .text.CLOCK_SetExternalRefClkConfig
                0x000000000000364c       0x90 /var/folders/xk/_z_dkq7d30gc4hlq2bvsjy2m0000gq/T//ccwVh9gL.ltrans4.ltrans.o
                0x000000000000364c                CLOCK_SetExternalRefClkConfig
 .text.CLOCK_SetInternalRefClkConfig
                0x00000000000036dc      0x100 /var/folders/xk/_z_dkq7d30gc4hlq2bvsjy2m0000gq/T//ccwVh9gL.ltrans4.ltrans.o
                0x00000000000036dc                CLOCK_SetInternalRefClkConfig
 .text.CLOCK_EnablePll0
                0x00000000000037dc       0x94 /var/folders/xk/_z_dkq7d30gc4hlq2bvsjy2m0000gq/T//ccwVh9gL.ltrans4.ltrans.o
                0x00000000000037dc                CLOCK_EnablePll0
 .text.CLOCK_InitOsc0
                0x0000000000003870       0x94 /var/folders/xk/_z_dkq7d30gc4hlq2bvsjy2m0000gq/T//ccwVh9gL.ltrans4.ltrans.o
                0x0000000000003870                CLOCK_InitOsc0
 .text.CLOCK_SetPbeMode
                0x0000000000003904       0xf8 /var/folders/xk/_z_dkq7d30gc4hlq2bvsjy2m0000gq/T//ccwVh9gL.ltrans4.ltrans.o
                0x0000000000003904                CLOCK_SetPbeMode
 .text.BOARD_InitDebugConsole.4273
                0x00000000000039fc       0x2c /var/folders/xk/_z_dkq7d30gc4hlq2bvsjy2m0000gq/T//ccwVh9gL.ltrans5.ltrans.o
 .text.CLOCK_EnableClock.4025.4270
                0x0000000000003a28       0x34 /var/folders/xk/_z_dkq7d30gc4hlq2bvsjy2m0000gq/T//ccwVh9gL.ltrans5.ltrans.o
 .text.CLOCK_DisableClock.4031.4267
                0x0000000000003a5c       0x38 /var/folders/xk/_z_dkq7d30gc4hlq2bvsjy2m0000gq/T//ccwVh9gL.ltrans5.ltrans.o
 .text.CLOCK_SetSdhc0Clock.4034.4264
                0x0000000000003a94       0x38 /var/folders/xk/_z_dkq7d30gc4hlq2bvsjy2m0000gq/T//ccwVh9gL.ltrans5.ltrans.o
 .text.CLOCK_SetEnetTime0Clock.4039.4261
                0x0000000000003acc       0x38 /var/folders/xk/_z_dkq7d30gc4hlq2bvsjy2m0000gq/T//ccwVh9gL.ltrans5.ltrans.o
 .text.CLOCK_SetRmii0Clock.4042.4258
                0x0000000000003b04       0x38 /var/folders/xk/_z_dkq7d30gc4hlq2bvsjy2m0000gq/T//ccwVh9gL.ltrans5.ltrans.o
 .text.CLOCK_SetLpuartClock.4045.4255
                0x0000000000003b3c       0x38 /var/folders/xk/_z_dkq7d30gc4hlq2bvsjy2m0000gq/T//ccwVh9gL.ltrans5.ltrans.o
 .text.CLOCK_SetTpmClock.4048.4252
                0x0000000000003b74       0x38 /var/folders/xk/_z_dkq7d30gc4hlq2bvsjy2m0000gq/T//ccwVh9gL.ltrans5.ltrans.o
 .text.CLOCK_SetTraceClock.4051.4247
                0x0000000000003bac       0x58 /var/folders/xk/_z_dkq7d30gc4hlq2bvsjy2m0000gq/T//ccwVh9gL.ltrans5.ltrans.o
 .text.CLOCK_SetClkOutClock.4056.4244
                0x0000000000003c04       0x38 /var/folders/xk/_z_dkq7d30gc4hlq2bvsjy2m0000gq/T//ccwVh9gL.ltrans5.ltrans.o
 .text.CLOCK_SetRtcClkOutClock.4059.4241
                0x0000000000003c3c       0x38 /var/folders/xk/_z_dkq7d30gc4hlq2bvsjy2m0000gq/T//ccwVh9gL.ltrans5.ltrans.o
 .text.CLOCK_SetSimSafeDivs.4062.4239
                0x0000000000003c74       0x20 /var/folders/xk/_z_dkq7d30gc4hlq2bvsjy2m0000gq/T//ccwVh9gL.ltrans5.ltrans.o
 .text.CLOCK_SetXtal0Freq.4064.4236
                0x0000000000003c94       0x1c /var/folders/xk/_z_dkq7d30gc4hlq2bvsjy2m0000gq/T//ccwVh9gL.ltrans5.ltrans.o
 .text.CLOCK_SetXtal32Freq.4067.4233
                0x0000000000003cb0       0x1c /var/folders/xk/_z_dkq7d30gc4hlq2bvsjy2m0000gq/T//ccwVh9gL.ltrans5.ltrans.o
 .text.SMC_SetPowerModeProtection.4070.4229
                0x0000000000003ccc       0x1c /var/folders/xk/_z_dkq7d30gc4hlq2bvsjy2m0000gq/T//ccwVh9gL.ltrans5.ltrans.o
 .text.SMC_GetPowerModeState.4082.4218
                0x0000000000003ce8       0x1c /var/folders/xk/_z_dkq7d30gc4hlq2bvsjy2m0000gq/T//ccwVh9gL.ltrans5.ltrans.o
 .text.RTC_SetOscCapLoad.4087.4197
                0x0000000000003d04       0x30 /var/folders/xk/_z_dkq7d30gc4hlq2bvsjy2m0000gq/T//ccwVh9gL.ltrans5.ltrans.o
 .text.CLOCK_CONFIG_SetRtcClock.4108.4193
                0x0000000000003d34       0x94 /var/folders/xk/_z_dkq7d30gc4hlq2bvsjy2m0000gq/T//ccwVh9gL.ltrans5.ltrans.o
 .text.CLOCK_CONFIG_EnableUsbhs0PhyPllClock.4112.4190
                0x0000000000003dc8       0xf8 /var/folders/xk/_z_dkq7d30gc4hlq2bvsjy2m0000gq/T//ccwVh9gL.ltrans5.ltrans.o
 .text.CLOCK_CONFIG_EnableUsbhs0PfdClock.4115.4186
                0x0000000000003ec0       0xb0 /var/folders/xk/_z_dkq7d30gc4hlq2bvsjy2m0000gq/T//ccwVh9gL.ltrans5.ltrans.o
 .text.CLOCK_CONFIG_SetUsbSlowClock.4119.4183
                0x0000000000003f70       0x38 /var/folders/xk/_z_dkq7d30gc4hlq2bvsjy2m0000gq/T//ccwVh9gL.ltrans5.ltrans.o
 .text.CLOCK_CONFIG_SetFllExtRefDiv.4122.4180
                0x0000000000003fa8       0x38 /var/folders/xk/_z_dkq7d30gc4hlq2bvsjy2m0000gq/T//ccwVh9gL.ltrans5.ltrans.o
 .text.BOARD_BootClockHSRUN.4178
                0x0000000000003fe0      0x13c /var/folders/xk/_z_dkq7d30gc4hlq2bvsjy2m0000gq/T//ccwVh9gL.ltrans5.ltrans.o
 .text.CLOCK_EnableClock.4319.4173
                0x000000000000411c       0x34 /var/folders/xk/_z_dkq7d30gc4hlq2bvsjy2m0000gq/T//ccwVh9gL.ltrans5.ltrans.o
 .text.PORT_SetPinConfig.4353.4153
                0x0000000000004150       0x48 /var/folders/xk/_z_dkq7d30gc4hlq2bvsjy2m0000gq/T//ccwVh9gL.ltrans5.ltrans.o
 .text.PORT_SetPinMux.4325.4146
                0x0000000000004198       0x38 /var/folders/xk/_z_dkq7d30gc4hlq2bvsjy2m0000gq/T//ccwVh9gL.ltrans5.ltrans.o
 .text.PORT_EnablePinsDigitalFilter.4347.4128
                0x00000000000041d0       0x44 /var/folders/xk/_z_dkq7d30gc4hlq2bvsjy2m0000gq/T//ccwVh9gL.ltrans5.ltrans.o
 .text.BOARD_InitPins.4126
                0x0000000000004214       0x64 /var/folders/xk/_z_dkq7d30gc4hlq2bvsjy2m0000gq/T//ccwVh9gL.ltrans5.ltrans.o
 .text.BOARD_InitBUTTONs.4124
                0x0000000000004278       0x68 /var/folders/xk/_z_dkq7d30gc4hlq2bvsjy2m0000gq/T//ccwVh9gL.ltrans5.ltrans.o
 .text.BOARD_InitLEDs.4122
                0x00000000000042e0       0x90 /var/folders/xk/_z_dkq7d30gc4hlq2bvsjy2m0000gq/T//ccwVh9gL.ltrans5.ltrans.o
 .text.BOARD_InitDEBUG_UART.4116
                0x0000000000004370       0x5c /var/folders/xk/_z_dkq7d30gc4hlq2bvsjy2m0000gq/T//ccwVh9gL.ltrans5.ltrans.o
 .text.BOARD_InitSDHC0.4114
                0x00000000000043cc      0x10c /var/folders/xk/_z_dkq7d30gc4hlq2bvsjy2m0000gq/T//ccwVh9gL.ltrans5.ltrans.o
 .text.BOARD_InitUSB.4110
                0x00000000000044d8       0x3c /var/folders/xk/_z_dkq7d30gc4hlq2bvsjy2m0000gq/T//ccwVh9gL.ltrans5.ltrans.o
 .text.BOARD_InitVL6180.4105
                0x0000000000004514       0xc0 /var/folders/xk/_z_dkq7d30gc4hlq2bvsjy2m0000gq/T//ccwVh9gL.ltrans5.ltrans.o
 .text.SysTick_Handler
                0x00000000000045d4        0xc /var/folders/xk/_z_dkq7d30gc4hlq2bvsjy2m0000gq/T//ccwVh9gL.ltrans5.ltrans.o
                0x00000000000045d4                SysTick_Handler
 .text.main     0x00000000000045e0       0x5c /var/folders/xk/_z_dkq7d30gc4hlq2bvsjy2m0000gq/T//ccwVh9gL.ltrans5.ltrans.o
                0x00000000000045e0                main
 .text.SystemInit
                0x000000000000463c       0x3c /var/folders/xk/_z_dkq7d30gc4hlq2bvsjy2m0000gq/T//ccwVh9gL.ltrans5.ltrans.o
                0x000000000000463c                SystemInit
 .text.CLOCK_EnableClock.4628
                0x0000000000004678       0x34 /var/folders/xk/_z_dkq7d30gc4hlq2bvsjy2m0000gq/T//ccwVh9gL.ltrans5.ltrans.o
                0x0000000000004678                CLOCK_EnableClock.4628
 .text.CLOCK_DisableClock.4634
                0x00000000000046ac       0x38 /var/folders/xk/_z_dkq7d30gc4hlq2bvsjy2m0000gq/T//ccwVh9gL.ltrans5.ltrans.o
                0x00000000000046ac                CLOCK_DisableClock.4634
 .text.CLOCK_SetEr32kClock.4637
                0x00000000000046e4       0x2c /var/folders/xk/_z_dkq7d30gc4hlq2bvsjy2m0000gq/T//ccwVh9gL.ltrans5.ltrans.o
                0x00000000000046e4                CLOCK_SetEr32kClock.4637
 .text.CLOCK_SetPllFllSelClock.4642
                0x0000000000004710       0x58 /var/folders/xk/_z_dkq7d30gc4hlq2bvsjy2m0000gq/T//ccwVh9gL.ltrans5.ltrans.o
                0x0000000000004710                CLOCK_SetPllFllSelClock.4642
 .text.OSC_SetExtRefClkConfig.4647
                0x0000000000004768       0x40 /var/folders/xk/_z_dkq7d30gc4hlq2bvsjy2m0000gq/T//ccwVh9gL.ltrans5.ltrans.o
                0x0000000000004768                OSC_SetExtRefClkConfig.4647
 .text.OSC_SetCapLoad.4662
                0x00000000000047a8       0x34 /var/folders/xk/_z_dkq7d30gc4hlq2bvsjy2m0000gq/T//ccwVh9gL.ltrans5.ltrans.o
                0x00000000000047a8                OSC_SetCapLoad.4662
 .text.CLOCK_GetMcgExtClkFreq.4668
                0x00000000000047dc       0x90 /var/folders/xk/_z_dkq7d30gc4hlq2bvsjy2m0000gq/T//ccwVh9gL.ltrans5.ltrans.o
                0x00000000000047dc                CLOCK_GetMcgExtClkFreq.4668
 .text.CLOCK_GetFllExtRefClkFreq.4670.4055
                0x000000000000486c       0xcc /var/folders/xk/_z_dkq7d30gc4hlq2bvsjy2m0000gq/T//ccwVh9gL.ltrans5.ltrans.o
 .text.CLOCK_GetInternalRefClkSelectFreq.4672
                0x0000000000004938       0x44 /var/folders/xk/_z_dkq7d30gc4hlq2bvsjy2m0000gq/T//ccwVh9gL.ltrans5.ltrans.o
                0x0000000000004938                CLOCK_GetInternalRefClkSelectFreq.4672
 .text.CLOCK_GetFllRefClkFreq.4674
                0x000000000000497c       0x30 /var/folders/xk/_z_dkq7d30gc4hlq2bvsjy2m0000gq/T//ccwVh9gL.ltrans5.ltrans.o
                0x000000000000497c                CLOCK_GetFllRefClkFreq.4674
 .text.CLOCK_GetPll0RefFreq.4676
                0x00000000000049ac       0x14 /var/folders/xk/_z_dkq7d30gc4hlq2bvsjy2m0000gq/T//ccwVh9gL.ltrans5.ltrans.o
                0x00000000000049ac                CLOCK_GetPll0RefFreq.4676
 .text.CLOCK_GetOscRangeFromFreq.4678
                0x00000000000049c0       0x3c /var/folders/xk/_z_dkq7d30gc4hlq2bvsjy2m0000gq/T//ccwVh9gL.ltrans5.ltrans.o
                0x00000000000049c0                CLOCK_GetOscRangeFromFreq.4678
 .text.CLOCK_GetCoreSysClkFreq.4022
                0x00000000000049fc       0x28 /var/folders/xk/_z_dkq7d30gc4hlq2bvsjy2m0000gq/T//ccwVh9gL.ltrans5.ltrans.o
 .text.modf     0x0000000000004a24       0x88 /Users/scottd/workspace/tools/gcc-arm-none-eabi-4_8-2014q3/bin/../lib/gcc/arm-none-eabi/4.8.4/../../../../arm-none-eabi/lib/armv7e-m/fpu/libg_s.a(lib_a-s_modf.o)
                0x0000000000004a24                modf
 .text.__assert_func
                0x0000000000004aac       0x38 /Users/scottd/workspace/tools/gcc-arm-none-eabi-4_8-2014q3/bin/../lib/gcc/arm-none-eabi/4.8.4/../../../../arm-none-eabi/lib/armv7e-m/fpu/libg_s.a(lib_a-assert.o)
                0x0000000000004aac                __assert_func
 .text.exit     0x0000000000004ae4       0x28 /Users/scottd/workspace/tools/gcc-arm-none-eabi-4_8-2014q3/bin/../lib/gcc/arm-none-eabi/4.8.4/../../../../arm-none-eabi/lib/armv7e-m/fpu/libg_s.a(lib_a-exit.o)
                0x0000000000004ae4                exit
 .text.fprintf  0x0000000000004b0c       0x24 /Users/scottd/workspace/tools/gcc-arm-none-eabi-4_8-2014q3/bin/../lib/gcc/arm-none-eabi/4.8.4/../../../../arm-none-eabi/lib/armv7e-m/fpu/libg_s.a(lib_a-fprintf.o)
                0x0000000000004b0c                fprintf
                0x0000000000004b0c                fiprintf
 .text.__libc_init_array
                0x0000000000004b30       0x4c /Users/scottd/workspace/tools/gcc-arm-none-eabi-4_8-2014q3/bin/../lib/gcc/arm-none-eabi/4.8.4/../../../../arm-none-eabi/lib/armv7e-m/fpu/libg_s.a(lib_a-init.o)
                0x0000000000004b30                __libc_init_array
 .text.memset   0x0000000000004b7c       0x10 /Users/scottd/workspace/tools/gcc-arm-none-eabi-4_8-2014q3/bin/../lib/gcc/arm-none-eabi/4.8.4/../../../../arm-none-eabi/lib/armv7e-m/fpu/libg_s.a(lib_a-memset.o)
                0x0000000000004b7c                memset
 .text.__sfputc_r
                0x0000000000004b8c       0x2c /Users/scottd/workspace/tools/gcc-arm-none-eabi-4_8-2014q3/bin/../lib/gcc/arm-none-eabi/4.8.4/../../../../arm-none-eabi/lib/armv7e-m/fpu/libg_s.a(lib_a-vfprintf.o)
 .text.__sfputs_r
                0x0000000000004bb8       0x24 /Users/scottd/workspace/tools/gcc-arm-none-eabi-4_8-2014q3/bin/../lib/gcc/arm-none-eabi/4.8.4/../../../../arm-none-eabi/lib/armv7e-m/fpu/libg_s.a(lib_a-vfprintf.o)
                0x0000000000004bb8                __sfputs_r
 .text._vfprintf_r
                0x0000000000004bdc      0x208 /Users/scottd/workspace/tools/gcc-arm-none-eabi-4_8-2014q3/bin/../lib/gcc/arm-none-eabi/4.8.4/../../../../arm-none-eabi/lib/armv7e-m/fpu/libg_s.a(lib_a-vfprintf.o)
                0x0000000000004bdc                _vfiprintf_r
                0x0000000000004bdc                _vfprintf_r
 .text._printf_common
                0x0000000000004de4       0xe4 /Users/scottd/workspace/tools/gcc-arm-none-eabi-4_8-2014q3/bin/../lib/gcc/arm-none-eabi/4.8.4/../../../../arm-none-eabi/lib/armv7e-m/fpu/libg_s.a(lib_a-vfprintf_i.o)
                0x0000000000004de4                _printf_common
 .text._printf_i
                0x0000000000004ec8      0x228 /Users/scottd/workspace/tools/gcc-arm-none-eabi-4_8-2014q3/bin/../lib/gcc/arm-none-eabi/4.8.4/../../../../arm-none-eabi/lib/armv7e-m/fpu/libg_s.a(lib_a-vfprintf_i.o)
                0x0000000000004ec8                _printf_i
 .text.__swbuf_r
                0x00000000000050f0       0xa8 /Users/scottd/workspace/tools/gcc-arm-none-eabi-4_8-2014q3/bin/../lib/gcc/arm-none-eabi/4.8.4/../../../../arm-none-eabi/lib/armv7e-m/fpu/libg_s.a(lib_a-wbuf.o)
                0x00000000000050f0                __swbuf_r
 .text.__swsetup_r
                0x0000000000005198       0xdc /Users/scottd/workspace/tools/gcc-arm-none-eabi-4_8-2014q3/bin/../lib/gcc/arm-none-eabi/4.8.4/../../../../arm-none-eabi/lib/armv7e-m/fpu/libg_s.a(lib_a-wsetup.o)
                0x0000000000005198                __swsetup_r
 .text.abort    0x0000000000005274        0xe /Users/scottd/workspace/tools/gcc-arm-none-eabi-4_8-2014q3/bin/../lib/gcc/arm-none-eabi/4.8.4/../../../../arm-none-eabi/lib/armv7e-m/fpu/libg_s.a(lib_a-abort.o)
                0x0000000000005274                abort
 .text.__sflush_r
                0x0000000000005282      0x106 /Users/scottd/workspace/tools/gcc-arm-none-eabi-4_8-2014q3/bin/../lib/gcc/arm-none-eabi/4.8.4/../../../../arm-none-eabi/lib/armv7e-m/fpu/libg_s.a(lib_a-fflush.o)
                0x0000000000005282                __sflush_r
 .text._fflush_r
                0x0000000000005388       0x54 /Users/scottd/workspace/tools/gcc-arm-none-eabi-4_8-2014q3/bin/../lib/gcc/arm-none-eabi/4.8.4/../../../../arm-none-eabi/lib/armv7e-m/fpu/libg_s.a(lib_a-fflush.o)
                0x0000000000005388                _fflush_r
 .text._cleanup_r
                0x00000000000053dc       0x32 /Users/scottd/workspace/tools/gcc-arm-none-eabi-4_8-2014q3/bin/../lib/gcc/arm-none-eabi/4.8.4/../../../../arm-none-eabi/lib/armv7e-m/fpu/libg_s.a(lib_a-findfp.o)
                0x00000000000053dc                _cleanup_r
 *fill*         0x000000000000540e        0x2 
 .text.std.isra.0
                0x0000000000005410       0x48 /Users/scottd/workspace/tools/gcc-arm-none-eabi-4_8-2014q3/bin/../lib/gcc/arm-none-eabi/4.8.4/../../../../arm-none-eabi/lib/armv7e-m/fpu/libg_s.a(lib_a-findfp.o)
 .text.__sfmoreglue
                0x0000000000005458       0x2c /Users/scottd/workspace/tools/gcc-arm-none-eabi-4_8-2014q3/bin/../lib/gcc/arm-none-eabi/4.8.4/../../../../arm-none-eabi/lib/armv7e-m/fpu/libg_s.a(lib_a-findfp.o)
                0x0000000000005458                __sfmoreglue
 .text.__sinit  0x0000000000005484       0x60 /Users/scottd/workspace/tools/gcc-arm-none-eabi-4_8-2014q3/bin/../lib/gcc/arm-none-eabi/4.8.4/../../../../arm-none-eabi/lib/armv7e-m/fpu/libg_s.a(lib_a-findfp.o)
                0x0000000000005484                __sinit
 .text.__sfp    0x00000000000054e4       0x74 /Users/scottd/workspace/tools/gcc-arm-none-eabi-4_8-2014q3/bin/../lib/gcc/arm-none-eabi/4.8.4/../../../../arm-none-eabi/lib/armv7e-m/fpu/libg_s.a(lib_a-findfp.o)
                0x00000000000054e4                __sfp
 .text.__smakebuf_r
                0x0000000000005558       0x9c /Users/scottd/workspace/tools/gcc-arm-none-eabi-4_8-2014q3/bin/../lib/gcc/arm-none-eabi/4.8.4/../../../../arm-none-eabi/lib/armv7e-m/fpu/libg_s.a(lib_a-makebuf.o)
                0x0000000000005558                __smakebuf_r
 .text.memchr   0x00000000000055f4       0x1e /Users/scottd/workspace/tools/gcc-arm-none-eabi-4_8-2014q3/bin/../lib/gcc/arm-none-eabi/4.8.4/../../../../arm-none-eabi/lib/armv7e-m/fpu/libg_s.a(lib_a-memchr-stub.o)
                0x00000000000055f4                memchr
 *fill*         0x0000000000005612        0x2 
 .text._free_r  0x0000000000005614       0x88 /Users/scottd/workspace/tools/gcc-arm-none-eabi-4_8-2014q3/bin/../lib/gcc/arm-none-eabi/4.8.4/../../../../arm-none-eabi/lib/armv7e-m/fpu/libg_s.a(lib_a-nano-freer.o)
                0x0000000000005614                _free_r
 .text._malloc_r
                0x000000000000569c       0xa8 /Users/scottd/workspace/tools/gcc-arm-none-eabi-4_8-2014q3/bin/../lib/gcc/arm-none-eabi/4.8.4/../../../../arm-none-eabi/lib/armv7e-m/fpu/libg_s.a(lib_a-nano-mallocr.o)
                0x000000000000569c                _malloc_r
 .text._sbrk_r  0x0000000000005744       0x20 /Users/scottd/workspace/tools/gcc-arm-none-eabi-4_8-2014q3/bin/../lib/gcc/arm-none-eabi/4.8.4/../../../../arm-none-eabi/lib/armv7e-m/fpu/libg_s.a(lib_a-sbrkr.o)
                0x0000000000005744                _sbrk_r
 .text._raise_r
                0x0000000000005764       0x50 /Users/scottd/workspace/tools/gcc-arm-none-eabi-4_8-2014q3/bin/../lib/gcc/arm-none-eabi/4.8.4/../../../../arm-none-eabi/lib/armv7e-m/fpu/libg_s.a(lib_a-signal.o)
                0x0000000000005764                _raise_r
 .text.raise    0x00000000000057b4       0x10 /Users/scottd/workspace/tools/gcc-arm-none-eabi-4_8-2014q3/bin/../lib/gcc/arm-none-eabi/4.8.4/../../../../arm-none-eabi/lib/armv7e-m/fpu/libg_s.a(lib_a-signal.o)
                0x00000000000057b4                raise
 .text._kill_r  0x00000000000057c4       0x24 /Users/scottd/workspace/tools/gcc-arm-none-eabi-4_8-2014q3/bin/../lib/gcc/arm-none-eabi/4.8.4/../../../../arm-none-eabi/lib/armv7e-m/fpu/libg_s.a(lib_a-signalr.o)
                0x00000000000057c4                _kill_r
 .text._getpid_r
                0x00000000000057e8        0x4 /Users/scottd/workspace/tools/gcc-arm-none-eabi-4_8-2014q3/bin/../lib/gcc/arm-none-eabi/4.8.4/../../../../arm-none-eabi/lib/armv7e-m/fpu/libg_s.a(lib_a-signalr.o)
                0x00000000000057e8                _getpid_r
 .text.__sread  0x00000000000057ec       0x22 /Users/scottd/workspace/tools/gcc-arm-none-eabi-4_8-2014q3/bin/../lib/gcc/arm-none-eabi/4.8.4/../../../../arm-none-eabi/lib/armv7e-m/fpu/libg_s.a(lib_a-stdio.o)
                0x00000000000057ec                __sread
 .text.__swrite
                0x000000000000580e       0x38 /Users/scottd/workspace/tools/gcc-arm-none-eabi-4_8-2014q3/bin/../lib/gcc/arm-none-eabi/4.8.4/../../../../arm-none-eabi/lib/armv7e-m/fpu/libg_s.a(lib_a-stdio.o)
                0x000000000000580e                __swrite
 .text.__sseek  0x0000000000005846       0x24 /Users/scottd/workspace/tools/gcc-arm-none-eabi-4_8-2014q3/bin/../lib/gcc/arm-none-eabi/4.8.4/../../../../arm-none-eabi/lib/armv7e-m/fpu/libg_s.a(lib_a-stdio.o)
                0x0000000000005846                __sseek
 .text.__sclose
                0x000000000000586a        0x8 /Users/scottd/workspace/tools/gcc-arm-none-eabi-4_8-2014q3/bin/../lib/gcc/arm-none-eabi/4.8.4/../../../../arm-none-eabi/lib/armv7e-m/fpu/libg_s.a(lib_a-stdio.o)
                0x000000000000586a                __sclose
 .text.strlen   0x0000000000005872       0x10 /Users/scottd/workspace/tools/gcc-arm-none-eabi-4_8-2014q3/bin/../lib/gcc/arm-none-eabi/4.8.4/../../../../arm-none-eabi/lib/armv7e-m/fpu/libg_s.a(lib_a-strlen.o)
                0x0000000000005872                strlen
 *fill*         0x0000000000005882        0x2 
 .text._write_r
                0x0000000000005884       0x24 /Users/scottd/workspace/tools/gcc-arm-none-eabi-4_8-2014q3/bin/../lib/gcc/arm-none-eabi/4.8.4/../../../../arm-none-eabi/lib/armv7e-m/fpu/libg_s.a(lib_a-writer.o)
                0x0000000000005884                _write_r
 .text._close_r
                0x00000000000058a8       0x20 /Users/scottd/workspace/tools/gcc-arm-none-eabi-4_8-2014q3/bin/../lib/gcc/arm-none-eabi/4.8.4/../../../../arm-none-eabi/lib/armv7e-m/fpu/libg_s.a(lib_a-closer.o)
                0x00000000000058a8                _close_r
 .text._fstat_r
                0x00000000000058c8       0x24 /Users/scottd/workspace/tools/gcc-arm-none-eabi-4_8-2014q3/bin/../lib/gcc/arm-none-eabi/4.8.4/../../../../arm-none-eabi/lib/armv7e-m/fpu/libg_s.a(lib_a-fstatr.o)
                0x00000000000058c8                _fstat_r
 .text._isatty_r
                0x00000000000058ec       0x20 /Users/scottd/workspace/tools/gcc-arm-none-eabi-4_8-2014q3/bin/../lib/gcc/arm-none-eabi/4.8.4/../../../../arm-none-eabi/lib/armv7e-m/fpu/libg_s.a(lib_a-isattyr.o)
                0x00000000000058ec                _isatty_r
 .text._lseek_r
                0x000000000000590c       0x24 /Users/scottd/workspace/tools/gcc-arm-none-eabi-4_8-2014q3/bin/../lib/gcc/arm-none-eabi/4.8.4/../../../../arm-none-eabi/lib/armv7e-m/fpu/libg_s.a(lib_a-lseekr.o)
                0x000000000000590c                _lseek_r
 .text._read_r  0x0000000000005930       0x24 /Users/scottd/workspace/tools/gcc-arm-none-eabi-4_8-2014q3/bin/../lib/gcc/arm-none-eabi/4.8.4/../../../../arm-none-eabi/lib/armv7e-m/fpu/libg_s.a(lib_a-readr.o)
                0x0000000000005930                _read_r
 .text._close   0x0000000000005954       0x10 /Users/scottd/workspace/tools/gcc-arm-none-eabi-4_8-2014q3/bin/../lib/gcc/arm-none-eabi/4.8.4/../../../../arm-none-eabi/lib/armv7e-m/fpu/libnosys.a(close.o)
                0x0000000000005954                _close
 .text._fstat   0x0000000000005964       0x10 /Users/scottd/workspace/tools/gcc-arm-none-eabi-4_8-2014q3/bin/../lib/gcc/arm-none-eabi/4.8.4/../../../../arm-none-eabi/lib/armv7e-m/fpu/libnosys.a(fstat.o)
                0x0000000000005964                _fstat
 .text._getpid  0x0000000000005974       0x10 /Users/scottd/workspace/tools/gcc-arm-none-eabi-4_8-2014q3/bin/../lib/gcc/arm-none-eabi/4.8.4/../../../../arm-none-eabi/lib/armv7e-m/fpu/libnosys.a(getpid.o)
                0x0000000000005974                _getpid
 .text._isatty  0x0000000000005984       0x10 /Users/scottd/workspace/tools/gcc-arm-none-eabi-4_8-2014q3/bin/../lib/gcc/arm-none-eabi/4.8.4/../../../../arm-none-eabi/lib/armv7e-m/fpu/libnosys.a(isatty.o)
                0x0000000000005984                _isatty
 .text._kill    0x0000000000005994       0x10 /Users/scottd/workspace/tools/gcc-arm-none-eabi-4_8-2014q3/bin/../lib/gcc/arm-none-eabi/4.8.4/../../../../arm-none-eabi/lib/armv7e-m/fpu/libnosys.a(kill.o)
                0x0000000000005994                _kill
 .text._lseek   0x00000000000059a4       0x10 /Users/scottd/workspace/tools/gcc-arm-none-eabi-4_8-2014q3/bin/../lib/gcc/arm-none-eabi/4.8.4/../../../../arm-none-eabi/lib/armv7e-m/fpu/libnosys.a(lseek.o)
                0x00000000000059a4                _lseek
 .text._sbrk    0x00000000000059b4       0x34 /Users/scottd/workspace/tools/gcc-arm-none-eabi-4_8-2014q3/bin/../lib/gcc/arm-none-eabi/4.8.4/../../../../arm-none-eabi/lib/armv7e-m/fpu/libnosys.a(sbrk.o)
                0x00000000000059b4                _sbrk
 .text._exit    0x00000000000059e8        0x4 /Users/scottd/workspace/tools/gcc-arm-none-eabi-4_8-2014q3/bin/../lib/gcc/arm-none-eabi/4.8.4/../../../../arm-none-eabi/lib/armv7e-m/fpu/libnosys.a(_exit.o)
                0x00000000000059e8                _exit
 .text.pow      0x00000000000059ec      0x340 /Users/scottd/workspace/tools/gcc-arm-none-eabi-4_8-2014q3/bin/../lib/gcc/arm-none-eabi/4.8.4/../../../../arm-none-eabi/lib/armv7e-m/fpu/libm.a(lib_a-w_pow.o)
                0x00000000000059ec                pow
 *fill*         0x0000000000005d2c        0x4 
 .text.__ieee754_pow
                0x0000000000005d30      0xae8 /Users/scottd/workspace/tools/gcc-arm-none-eabi-4_8-2014q3/bin/../lib/gcc/arm-none-eabi/4.8.4/../../../../arm-none-eabi/lib/armv7e-m/fpu/libm.a(lib_a-e_pow.o)
                0x0000000000005d30                __ieee754_pow
 .text.__ieee754_sqrt
                0x0000000000006818      0x198 /Users/scottd/workspace/tools/gcc-arm-none-eabi-4_8-2014q3/bin/../lib/gcc/arm-none-eabi/4.8.4/../../../../arm-none-eabi/lib/armv7e-m/fpu/libm.a(lib_a-e_sqrt.o)
                0x0000000000006818                __ieee754_sqrt
 .text.fabs     0x00000000000069b0       0x14 /Users/scottd/workspace/tools/gcc-arm-none-eabi-4_8-2014q3/bin/../lib/gcc/arm-none-eabi/4.8.4/../../../../arm-none-eabi/lib/armv7e-m/fpu/libm.a(lib_a-s_fabs.o)
                0x00000000000069b0                fabs
 .text.finite   0x00000000000069c4       0x10 /Users/scottd/workspace/tools/gcc-arm-none-eabi-4_8-2014q3/bin/../lib/gcc/arm-none-eabi/4.8.4/../../../../arm-none-eabi/lib/armv7e-m/fpu/libm.a(lib_a-s_finite.o)
                0x00000000000069c4                finite
 .text.__fpclassifyd
                0x00000000000069d4       0x54 /Users/scottd/workspace/tools/gcc-arm-none-eabi-4_8-2014q3/bin/../lib/gcc/arm-none-eabi/4.8.4/../../../../arm-none-eabi/lib/armv7e-m/fpu/libm.a(lib_a-s_fpclassify.o)
                0x00000000000069d4                __fpclassifyd
 .text.matherr  0x0000000000006a28        0x4 /Users/scottd/workspace/tools/gcc-arm-none-eabi-4_8-2014q3/bin/../lib/gcc/arm-none-eabi/4.8.4/../../../../arm-none-eabi/lib/armv7e-m/fpu/libm.a(lib_a-s_matherr.o)
                0x0000000000006a28                matherr
 *fill*         0x0000000000006a2c        0x4 
 .text.nan      0x0000000000006a30       0x10 /Users/scottd/workspace/tools/gcc-arm-none-eabi-4_8-2014q3/bin/../lib/gcc/arm-none-eabi/4.8.4/../../../../arm-none-eabi/lib/armv7e-m/fpu/libm.a(lib_a-s_nan.o)
                0x0000000000006a30                nan
 .text.rint     0x0000000000006a40      0x120 /Users/scottd/workspace/tools/gcc-arm-none-eabi-4_8-2014q3/bin/../lib/gcc/arm-none-eabi/4.8.4/../../../../arm-none-eabi/lib/armv7e-m/fpu/libm.a(lib_a-s_rint.o)
                0x0000000000006a40                rint
 .text.scalbn   0x0000000000006b60      0x120 /Users/scottd/workspace/tools/gcc-arm-none-eabi-4_8-2014q3/bin/../lib/gcc/arm-none-eabi/4.8.4/../../../../arm-none-eabi/lib/armv7e-m/fpu/libm.a(lib_a-s_scalbn.o)
                0x0000000000006b60                scalbn
 .text.copysign
                0x0000000000006c80       0x24 /Users/scottd/workspace/tools/gcc-arm-none-eabi-4_8-2014q3/bin/../lib/gcc/arm-none-eabi/4.8.4/../../../../arm-none-eabi/lib/armv7e-m/fpu/libm.a(lib_a-s_copysign.o)
                0x0000000000006c80                copysign
 .text.__errno  0x0000000000006ca4        0xc /Users/scottd/workspace/tools/gcc-arm-none-eabi-4_8-2014q3/bin/../lib/gcc/arm-none-eabi/4.8.4/../../../../arm-none-eabi/lib/armv7e-m/fpu/libg_s.a(lib_a-errno.o)
                0x0000000000006ca4                __errno
 *(.rodata)
 .rodata        0x0000000000006cb0      0x198 /var/folders/xk/_z_dkq7d30gc4hlq2bvsjy2m0000gq/T//ccwVh9gL.ltrans0.ltrans.o
 .rodata        0x0000000000006e48      0x120 /var/folders/xk/_z_dkq7d30gc4hlq2bvsjy2m0000gq/T//ccwVh9gL.ltrans1.ltrans.o
 .rodata        0x0000000000006f68      0x114 /var/folders/xk/_z_dkq7d30gc4hlq2bvsjy2m0000gq/T//ccwVh9gL.ltrans2.ltrans.o
 .rodata        0x000000000000707c       0x48 /var/folders/xk/_z_dkq7d30gc4hlq2bvsjy2m0000gq/T//ccwVh9gL.ltrans3.ltrans.o
 .rodata        0x00000000000070c4       0xf0 /var/folders/xk/_z_dkq7d30gc4hlq2bvsjy2m0000gq/T//ccwVh9gL.ltrans4.ltrans.o
 .rodata        0x00000000000071b4       0xb4 /var/folders/xk/_z_dkq7d30gc4hlq2bvsjy2m0000gq/T//ccwVh9gL.ltrans5.ltrans.o
 *(.rodata*)
 .rodata.mcgConfig_BOARD_BootClockHSRUN
                0x0000000000007268        0xc /var/folders/xk/_z_dkq7d30gc4hlq2bvsjy2m0000gq/T//ccwVh9gL.ltrans0.ltrans.o
                0x0000000000007268                mcgConfig_BOARD_BootClockHSRUN
 .rodata.simConfig_BOARD_BootClockHSRUN
                0x0000000000007274        0x8 /var/folders/xk/_z_dkq7d30gc4hlq2bvsjy2m0000gq/T//ccwVh9gL.ltrans0.ltrans.o
                0x0000000000007274                simConfig_BOARD_BootClockHSRUN
 .rodata.oscConfig_BOARD_BootClockHSRUN
                0x000000000000727c        0x8 /var/folders/xk/_z_dkq7d30gc4hlq2bvsjy2m0000gq/T//ccwVh9gL.ltrans0.ltrans.o
                0x000000000000727c                oscConfig_BOARD_BootClockHSRUN
 .rodata.__func__.6936.4397
                0x0000000000007284       0x14 /var/folders/xk/_z_dkq7d30gc4hlq2bvsjy2m0000gq/T//ccwVh9gL.ltrans0.ltrans.o
                0x0000000000007284                __func__.6936.4397
 .rodata.__func__.6894.4921
                0x0000000000007298       0x18 /var/folders/xk/_z_dkq7d30gc4hlq2bvsjy2m0000gq/T//ccwVh9gL.ltrans0.ltrans.o
                0x0000000000007298                __func__.6894.4921
 .rodata.__func__.7010.4928
                0x00000000000072b0       0x18 /var/folders/xk/_z_dkq7d30gc4hlq2bvsjy2m0000gq/T//ccwVh9gL.ltrans0.ltrans.o
                0x00000000000072b0                __func__.7010.4928
 .rodata.fllFactorTable.7072.4932
                0x00000000000072c8       0x10 /var/folders/xk/_z_dkq7d30gc4hlq2bvsjy2m0000gq/T//ccwVh9gL.ltrans0.ltrans.o
                0x00000000000072c8                fllFactorTable.7072.4932
 .rodata.__func__.7087.4935
                0x00000000000072d8       0x14 /var/folders/xk/_z_dkq7d30gc4hlq2bvsjy2m0000gq/T//ccwVh9gL.ltrans0.ltrans.o
                0x00000000000072d8                __func__.7087.4935
 .rodata.__func__.7141.4936
                0x00000000000072ec       0x14 /var/folders/xk/_z_dkq7d30gc4hlq2bvsjy2m0000gq/T//ccwVh9gL.ltrans0.ltrans.o
                0x00000000000072ec                __func__.7141.4936
 .rodata.__func__.7287.4938
                0x0000000000007300       0x14 /var/folders/xk/_z_dkq7d30gc4hlq2bvsjy2m0000gq/T//ccwVh9gL.ltrans0.ltrans.o
                0x0000000000007300                __func__.7287.4938
 .rodata.__func__.7354.4939
                0x0000000000007314       0x14 /var/folders/xk/_z_dkq7d30gc4hlq2bvsjy2m0000gq/T//ccwVh9gL.ltrans0.ltrans.o
                0x0000000000007314                __func__.7354.4939
 .rodata.s_uartBases.5745
                0x0000000000007328       0x14 /var/folders/xk/_z_dkq7d30gc4hlq2bvsjy2m0000gq/T//ccwVh9gL.ltrans0.ltrans.o
                0x0000000000007328                s_uartBases.5745
 .rodata.s_uartClock.5750
                0x000000000000733c       0x14 /var/folders/xk/_z_dkq7d30gc4hlq2bvsjy2m0000gq/T//ccwVh9gL.ltrans0.ltrans.o
                0x000000000000733c                s_uartClock.5750
 .rodata.__func__.7092.5746
                0x0000000000007350       0x14 /var/folders/xk/_z_dkq7d30gc4hlq2bvsjy2m0000gq/T//ccwVh9gL.ltrans0.ltrans.o
                0x0000000000007350                __func__.7092.5746
 .rodata.__func__.7108.5749
                0x0000000000007364        0xc /var/folders/xk/_z_dkq7d30gc4hlq2bvsjy2m0000gq/T//ccwVh9gL.ltrans0.ltrans.o
                0x0000000000007364                __func__.7108.5749
 .rodata.__func__.7126.5751
                0x0000000000007370       0x18 /var/folders/xk/_z_dkq7d30gc4hlq2bvsjy2m0000gq/T//ccwVh9gL.ltrans0.ltrans.o
                0x0000000000007370                __func__.7126.5751
 .rodata.__func__.7186.5754
                0x0000000000007388       0x14 /var/folders/xk/_z_dkq7d30gc4hlq2bvsjy2m0000gq/T//ccwVh9gL.ltrans0.ltrans.o
                0x0000000000007388                __func__.7186.5754
 .rodata.__func__.7087.5994
                0x000000000000739c       0x14 /var/folders/xk/_z_dkq7d30gc4hlq2bvsjy2m0000gq/T//ccwVh9gL.ltrans0.ltrans.o
                0x000000000000739c                __func__.7087.5994
 .rodata.__func__.7125.5999
                0x00000000000073b0        0xc /var/folders/xk/_z_dkq7d30gc4hlq2bvsjy2m0000gq/T//ccwVh9gL.ltrans0.ltrans.o
                0x00000000000073b0                __func__.7125.5999
 .rodata.__func__.7147.6000
                0x00000000000073bc       0x18 /var/folders/xk/_z_dkq7d30gc4hlq2bvsjy2m0000gq/T//ccwVh9gL.ltrans0.ltrans.o
                0x00000000000073bc                __func__.7147.6000
 .rodata.__func__.7193.6003
                0x00000000000073d4       0x18 /var/folders/xk/_z_dkq7d30gc4hlq2bvsjy2m0000gq/T//ccwVh9gL.ltrans0.ltrans.o
                0x00000000000073d4                __func__.7193.6003
 .rodata.__func__.7205.6004.4454
                0x00000000000073ec       0x14 /var/folders/xk/_z_dkq7d30gc4hlq2bvsjy2m0000gq/T//ccwVh9gL.ltrans0.ltrans.o
 .rodata.str1.1
                0x0000000000007400       0x3c /Users/scottd/workspace/tools/gcc-arm-none-eabi-4_8-2014q3/bin/../lib/gcc/arm-none-eabi/4.8.4/../../../../arm-none-eabi/lib/armv7e-m/fpu/libg_s.a(lib_a-assert.o)
                                         0x3d (size before relaxing)
 .rodata.str1.1
                0x000000000000743c        0x2 /Users/scottd/workspace/tools/gcc-arm-none-eabi-4_8-2014q3/bin/../lib/gcc/arm-none-eabi/4.8.4/../../../../arm-none-eabi/lib/armv7e-m/fpu/libg_s.a(lib_a-impure.o)
 *fill*         0x000000000000743e        0x2 
 .rodata._global_impure_ptr
                0x0000000000007440        0x4 /Users/scottd/workspace/tools/gcc-arm-none-eabi-4_8-2014q3/bin/../lib/gcc/arm-none-eabi/4.8.4/../../../../arm-none-eabi/lib/armv7e-m/fpu/libg_s.a(lib_a-impure.o)
                0x0000000000007440                _global_impure_ptr
 .rodata.str1.1
                0x0000000000007444       0x11 /Users/scottd/workspace/tools/gcc-arm-none-eabi-4_8-2014q3/bin/../lib/gcc/arm-none-eabi/4.8.4/../../../../arm-none-eabi/lib/armv7e-m/fpu/libg_s.a(lib_a-vfprintf.o)
 .rodata.str1.1
                0x0000000000007455       0x22 /Users/scottd/workspace/tools/gcc-arm-none-eabi-4_8-2014q3/bin/../lib/gcc/arm-none-eabi/4.8.4/../../../../arm-none-eabi/lib/armv7e-m/fpu/libg_s.a(lib_a-vfprintf_i.o)
 *fill*         0x0000000000007477        0x1 
 .rodata.__sf_fake_stdin
                0x0000000000007478       0x20 /Users/scottd/workspace/tools/gcc-arm-none-eabi-4_8-2014q3/bin/../lib/gcc/arm-none-eabi/4.8.4/../../../../arm-none-eabi/lib/armv7e-m/fpu/libg_s.a(lib_a-findfp.o)
                0x0000000000007478                __sf_fake_stdin
 .rodata.__sf_fake_stdout
                0x0000000000007498       0x20 /Users/scottd/workspace/tools/gcc-arm-none-eabi-4_8-2014q3/bin/../lib/gcc/arm-none-eabi/4.8.4/../../../../arm-none-eabi/lib/armv7e-m/fpu/libg_s.a(lib_a-findfp.o)
                0x0000000000007498                __sf_fake_stdout
 .rodata.__sf_fake_stderr
                0x00000000000074b8       0x20 /Users/scottd/workspace/tools/gcc-arm-none-eabi-4_8-2014q3/bin/../lib/gcc/arm-none-eabi/4.8.4/../../../../arm-none-eabi/lib/armv7e-m/fpu/libg_s.a(lib_a-findfp.o)
                0x00000000000074b8                __sf_fake_stderr
 .rodata.str1.4
                0x00000000000074d8        0x4 /Users/scottd/workspace/tools/gcc-arm-none-eabi-4_8-2014q3/bin/../lib/gcc/arm-none-eabi/4.8.4/../../../../arm-none-eabi/lib/armv7e-m/fpu/libm.a(lib_a-w_pow.o)
 *fill*         0x00000000000074dc        0x4 
 .rodata.dp_h   0x00000000000074e0       0x10 /Users/scottd/workspace/tools/gcc-arm-none-eabi-4_8-2014q3/bin/../lib/gcc/arm-none-eabi/4.8.4/../../../../arm-none-eabi/lib/armv7e-m/fpu/libm.a(lib_a-e_pow.o)
 .rodata.dp_l   0x00000000000074f0       0x10 /Users/scottd/workspace/tools/gcc-arm-none-eabi-4_8-2014q3/bin/../lib/gcc/arm-none-eabi/4.8.4/../../../../arm-none-eabi/lib/armv7e-m/fpu/libm.a(lib_a-e_pow.o)
 .rodata.bp     0x0000000000007500       0x10 /Users/scottd/workspace/tools/gcc-arm-none-eabi-4_8-2014q3/bin/../lib/gcc/arm-none-eabi/4.8.4/../../../../arm-none-eabi/lib/armv7e-m/fpu/libm.a(lib_a-e_pow.o)
 .rodata.str1.4
                0x0000000000007510        0x4 /Users/scottd/workspace/tools/gcc-arm-none-eabi-4_8-2014q3/bin/../lib/gcc/arm-none-eabi/4.8.4/../../../../arm-none-eabi/lib/armv7e-m/fpu/libm.a(lib_a-e_pow.o)
 *fill*         0x0000000000007514        0x4 
 .rodata.TWO52  0x0000000000007518       0x10 /Users/scottd/workspace/tools/gcc-arm-none-eabi-4_8-2014q3/bin/../lib/gcc/arm-none-eabi/4.8.4/../../../../arm-none-eabi/lib/armv7e-m/fpu/libm.a(lib_a-s_rint.o)
 *(.glue_7)
 .glue_7        0x0000000000000000        0x0 linker stubs
 *(.glue_7t)
 .glue_7t       0x0000000000000000        0x0 linker stubs
 *(.eh_frame)
 .eh_frame      0x0000000000007528        0x0 /Users/scottd/workspace/tools/gcc-arm-none-eabi-4_8-2014q3/bin/../lib/gcc/arm-none-eabi/4.8.4/armv7e-m/fpu/crtbegin.o
 *(.init)
 .init          0x0000000000007528        0x4 /Users/scottd/workspace/tools/gcc-arm-none-eabi-4_8-2014q3/bin/../lib/gcc/arm-none-eabi/4.8.4/armv7e-m/fpu/crti.o
                0x0000000000007528                _init
 .init          0x000000000000752c        0x8 /Users/scottd/workspace/tools/gcc-arm-none-eabi-4_8-2014q3/bin/../lib/gcc/arm-none-eabi/4.8.4/armv7e-m/fpu/crtn.o
 *(.fini)
 .fini          0x0000000000007534        0x4 /Users/scottd/workspace/tools/gcc-arm-none-eabi-4_8-2014q3/bin/../lib/gcc/arm-none-eabi/4.8.4/armv7e-m/fpu/crti.o
                0x0000000000007534                _fini
 .fini          0x0000000000007538        0x8 /Users/scottd/workspace/tools/gcc-arm-none-eabi-4_8-2014q3/bin/../lib/gcc/arm-none-eabi/4.8.4/armv7e-m/fpu/crtn.o
                0x0000000000007540                . = ALIGN (0x4)

.vfp11_veneer   0x0000000000007540        0x0
 .vfp11_veneer  0x0000000000000000        0x0 linker stubs

.v4_bx          0x0000000000007540        0x0
 .v4_bx         0x0000000000000000        0x0 linker stubs

.iplt           0x0000000000007540        0x0
 .iplt          0x0000000000000000        0x0 /Users/scottd/workspace/tools/gcc-arm-none-eabi-4_8-2014q3/bin/../lib/gcc/arm-none-eabi/4.8.4/armv7e-m/fpu/crtbegin.o

.ARM.extab
 *(.ARM.extab* .gnu.linkonce.armextab.*)

.ARM            0x0000000000007540        0x8
                0x0000000000007540                __exidx_start = .
 *(.ARM.exidx*)
 .ARM.exidx     0x0000000000007540        0x8 /Users/scottd/workspace/tools/gcc-arm-none-eabi-4_8-2014q3/bin/../lib/gcc/arm-none-eabi/4.8.4/../../../../arm-none-eabi/lib/armv7e-m/fpu/crt0.o
 .ARM.exidx     0x0000000000007548        0x0 /Users/scottd/workspace/tools/gcc-arm-none-eabi-4_8-2014q3/bin/../lib/gcc/arm-none-eabi/4.8.4/armv7e-m/fpu/libgcc.a(_divdi3.o)
                                          0x8 (size before relaxing)
 .ARM.exidx     0x0000000000007548        0x0 /Users/scottd/workspace/tools/gcc-arm-none-eabi-4_8-2014q3/bin/../lib/gcc/arm-none-eabi/4.8.4/armv7e-m/fpu/libgcc.a(_udivdi3.o)
                                          0x8 (size before relaxing)
                0x0000000000007548                __exidx_end = .

.rel.dyn        0x0000000000007548        0x0
 .rel.iplt      0x0000000000000000        0x0 /Users/scottd/workspace/tools/gcc-arm-none-eabi-4_8-2014q3/bin/../lib/gcc/arm-none-eabi/4.8.4/armv7e-m/fpu/crtbegin.o

.ctors          0x0000000000007548        0x0
                0x0000000000007548                __CTOR_LIST__ = .
 *crtbegin.o(.ctors)
 *crtbegin?.o(.ctors)
 *(EXCLUDE_FILE(*crtend.o *crtend?.o) .ctors)
 *(SORT(.ctors.*))
 *(.ctors)
                0x0000000000007548                __CTOR_END__ = .

.dtors          0x0000000000007548        0x0
                0x0000000000007548                __DTOR_LIST__ = .
 *crtbegin.o(.dtors)
 *crtbegin?.o(.dtors)
 *(EXCLUDE_FILE(*crtend.o *crtend?.o) .dtors)
 *(SORT(.dtors.*))
 *(.dtors)
                0x0000000000007548                __DTOR_END__ = .

.preinit_array  0x0000000000007548        0x0
                0x0000000000007548                PROVIDE (__preinit_array_start, .)
 *(.preinit_array*)
                0x0000000000007548                PROVIDE (__preinit_array_end, .)

.init_array     0x0000000000007548        0x4
                0x0000000000007548                PROVIDE (__init_array_start, .)
 *(SORT(.init_array.*))
 *(.init_array*)
 .init_array    0x0000000000007548        0x4 /Users/scottd/workspace/tools/gcc-arm-none-eabi-4_8-2014q3/bin/../lib/gcc/arm-none-eabi/4.8.4/armv7e-m/fpu/crtbegin.o
                0x000000000000754c                PROVIDE (__init_array_end, .)

.fini_array     0x000000000000754c        0x4
                0x000000000000754c                PROVIDE (__fini_array_start, .)
 *(SORT(.fini_array.*))
 *(.fini_array*)
 .fini_array    0x000000000000754c        0x4 /Users/scottd/workspace/tools/gcc-arm-none-eabi-4_8-2014q3/bin/../lib/gcc/arm-none-eabi/4.8.4/armv7e-m/fpu/crtbegin.o
                0x0000000000007550                PROVIDE (__fini_array_end, .)
                0x0000000000007550                __etext = .
                0x0000000000007550                __DATA_ROM = .

.interrupts_ram
                0x000000001fff0000        0x0
                0x000000001fff0000                . = ALIGN (0x4)
                0x000000001fff0000                __VECTOR_RAM__ = .
                0x000000001fff0000                __interrupts_ram_start__ = .
 *(.m_interrupts_ram)
                0x000000001fff0000                . = (. + M_VECTOR_RAM_SIZE)
                0x000000001fff0000                . = ALIGN (0x4)
                0x000000001fff0000                __interrupts_ram_end__ = .
                0x0000000000000000                __VECTOR_RAM = DEFINED (__ram_vector_table__)?__VECTOR_RAM__:ORIGIN (m_interrupts)
                0x0000000000000000                __RAM_VECTOR_TABLE_SIZE_BYTES = DEFINED (__ram_vector_table__)?(__interrupts_ram_end__ - __interrupts_ram_start__):0x0

.data           0x000000001fff0000       0x78 load address 0x0000000000007550
                0x000000001fff0000                . = ALIGN (0x4)
                0x000000001fff0000                __DATA_RAM = .
                0x000000001fff0000                __data_start__ = .
 *(.data)
 *(.data*)
 .data.SystemCoreClock
                0x000000001fff0000        0x4 /var/folders/xk/_z_dkq7d30gc4hlq2bvsjy2m0000gq/T//ccwVh9gL.ltrans0.ltrans.o
                0x000000001fff0000                SystemCoreClock
 .data.s_slowIrcFreq.4923
                0x000000001fff0004        0x4 /var/folders/xk/_z_dkq7d30gc4hlq2bvsjy2m0000gq/T//ccwVh9gL.ltrans0.ltrans.o
                0x000000001fff0004                s_slowIrcFreq.4923
 .data.s_fastIrcFreq.4924
                0x000000001fff0008        0x4 /var/folders/xk/_z_dkq7d30gc4hlq2bvsjy2m0000gq/T//ccwVh9gL.ltrans0.ltrans.o
                0x000000001fff0008                s_fastIrcFreq.4924
 .data.impure_data
                0x000000001fff000c       0x60 /Users/scottd/workspace/tools/gcc-arm-none-eabi-4_8-2014q3/bin/../lib/gcc/arm-none-eabi/4.8.4/../../../../arm-none-eabi/lib/armv7e-m/fpu/libg_s.a(lib_a-impure.o)
 .data._impure_ptr
                0x000000001fff006c        0x4 /Users/scottd/workspace/tools/gcc-arm-none-eabi-4_8-2014q3/bin/../lib/gcc/arm-none-eabi/4.8.4/../../../../arm-none-eabi/lib/armv7e-m/fpu/libg_s.a(lib_a-impure.o)
                0x000000001fff006c                _impure_ptr
 .data.__fdlib_version
                0x000000001fff0070        0x1 /Users/scottd/workspace/tools/gcc-arm-none-eabi-4_8-2014q3/bin/../lib/gcc/arm-none-eabi/4.8.4/../../../../arm-none-eabi/lib/armv7e-m/fpu/libm.a(lib_a-s_lib_ver.o)
                0x000000001fff0070                __fdlib_version
 *(.jcr*)
 *fill*         0x000000001fff0071        0x3 
 .jcr           0x000000001fff0074        0x0 /Users/scottd/workspace/tools/gcc-arm-none-eabi-4_8-2014q3/bin/../lib/gcc/arm-none-eabi/4.8.4/armv7e-m/fpu/crtbegin.o
 .jcr           0x000000001fff0074        0x4 /Users/scottd/workspace/tools/gcc-arm-none-eabi-4_8-2014q3/bin/../lib/gcc/arm-none-eabi/4.8.4/armv7e-m/fpu/crtend.o
                0x000000001fff0078                . = ALIGN (0x4)
                0x000000001fff0078                __data_end__ = .
                0x00000000000075c8                __DATA_END = (__DATA_ROM + (__data_end__ - __data_start__))
                0x0000000000200000                text_end = (ORIGIN (m_text) + 0x1ffbf0)
                0x0000000000000001                ASSERT ((__DATA_END <= text_end), region m_text overflowed with text and data)
                0x0000000000000000                USB_RAM_GAP = DEFINED (__usb_ram_size__)?__usb_ram_size__:0x0

.igot.plt       0x000000001fff0078        0x0 load address 0x00000000000075c8
 .igot.plt      0x0000000000000000        0x0 /Users/scottd/workspace/tools/gcc-arm-none-eabi-4_8-2014q3/bin/../lib/gcc/arm-none-eabi/4.8.4/armv7e-m/fpu/crtbegin.o

.bss            0x000000001fff0078      0x18c load address 0x00000000000075c8
                0x000000001fff0078                . = ALIGN (0x4)
                0x000000001fff0078                __START_BSS = .
                0x000000001fff0078                __bss_start__ = .
 *(.bss)
 .bss           0x000000001fff0078       0x1c /Users/scottd/workspace/tools/gcc-arm-none-eabi-4_8-2014q3/bin/../lib/gcc/arm-none-eabi/4.8.4/armv7e-m/fpu/crtbegin.o
 *(.bss*)
 .bss.s_extPllFreq.4931
                0x000000001fff0094        0x4 /var/folders/xk/_z_dkq7d30gc4hlq2bvsjy2m0000gq/T//ccwVh9gL.ltrans0.ltrans.o
                0x000000001fff0094                s_extPllFreq.4931
 .bss.g_xtal0Freq
                0x000000001fff0098        0x4 /var/folders/xk/_z_dkq7d30gc4hlq2bvsjy2m0000gq/T//ccwVh9gL.ltrans0.ltrans.o
                0x000000001fff0098                g_xtal0Freq
 .bss.g_xtal32Freq
                0x000000001fff009c        0x4 /var/folders/xk/_z_dkq7d30gc4hlq2bvsjy2m0000gq/T//ccwVh9gL.ltrans0.ltrans.o
                0x000000001fff009c                g_xtal32Freq
 .bss.s_debugConsole.5422
                0x000000001fff00a0       0x10 /var/folders/xk/_z_dkq7d30gc4hlq2bvsjy2m0000gq/T//ccwVh9gL.ltrans0.ltrans.o
                0x000000001fff00a0                s_debugConsole.5422
 .bss.s_uartHandle.5758
                0x000000001fff00b0       0x14 /var/folders/xk/_z_dkq7d30gc4hlq2bvsjy2m0000gq/T//ccwVh9gL.ltrans0.ltrans.o
                0x000000001fff00b0                s_uartHandle.5758
 .bss.s_uartIsr.5759
                0x000000001fff00c4        0x4 /var/folders/xk/_z_dkq7d30gc4hlq2bvsjy2m0000gq/T//ccwVh9gL.ltrans0.ltrans.o
                0x000000001fff00c4                s_uartIsr.5759
 .bss.s_lpuartHandle.6006.4443
                0x000000001fff00c8        0x4 /var/folders/xk/_z_dkq7d30gc4hlq2bvsjy2m0000gq/T//ccwVh9gL.ltrans0.ltrans.o
 .bss.s_lpuartIsr.6007.4441
                0x000000001fff00cc        0x4 /var/folders/xk/_z_dkq7d30gc4hlq2bvsjy2m0000gq/T//ccwVh9gL.ltrans0.ltrans.o
 .bss.__malloc_sbrk_start
                0x000000001fff00d0        0x4 /Users/scottd/workspace/tools/gcc-arm-none-eabi-4_8-2014q3/bin/../lib/gcc/arm-none-eabi/4.8.4/../../../../arm-none-eabi/lib/armv7e-m/fpu/libg_s.a(lib_a-nano-mallocr.o)
                0x000000001fff00d0                __malloc_sbrk_start
 .bss.__malloc_free_list
                0x000000001fff00d4        0x4 /Users/scottd/workspace/tools/gcc-arm-none-eabi-4_8-2014q3/bin/../lib/gcc/arm-none-eabi/4.8.4/../../../../arm-none-eabi/lib/armv7e-m/fpu/libg_s.a(lib_a-nano-mallocr.o)
                0x000000001fff00d4                __malloc_free_list
 .bss.heap_end.4246
                0x000000001fff00d8        0x4 /Users/scottd/workspace/tools/gcc-arm-none-eabi-4_8-2014q3/bin/../lib/gcc/arm-none-eabi/4.8.4/../../../../arm-none-eabi/lib/armv7e-m/fpu/libnosys.a(sbrk.o)
                0x000000001fff0200                . = ALIGN (0x200)
 *fill*         0x000000001fff00dc      0x124 
                0x000000001fff0200                USB_RAM_START = .
                0x000000001fff0200                . = (. + USB_RAM_GAP)
 *(COMMON)
 COMMON         0x000000001fff0200        0x4 /Users/scottd/workspace/tools/gcc-arm-none-eabi-4_8-2014q3/bin/../lib/gcc/arm-none-eabi/4.8.4/../../../../arm-none-eabi/lib/armv7e-m/fpu/libg_s.a(lib_a-reent.o)
                0x000000001fff0200                errno
                0x000000001fff0204                . = ALIGN (0x4)
                0x000000001fff0204                __bss_end__ = .
                0x000000001fff0204                __END_BSS = .

.heap           0x0000000020000000      0x400
                0x0000000020000000                . = ALIGN (0x8)
                0x0000000020000000                __end__ = .
                0x0000000020000000                PROVIDE (end, .)
                0x0000000020000000                __HeapBase = .
                0x0000000020000400                . = (. + HEAP_SIZE)
 *fill*         0x0000000020000000      0x400 
                0x0000000020000400                __HeapLimit = .
                0x0000000020000400                __heap_limit = .

.stack          0x0000000020000400      0x400
                0x0000000020000400                . = ALIGN (0x8)
                0x0000000020000800                . = (. + STACK_SIZE)
 *fill*         0x0000000020000400      0x400 

m_usb_bdt       0x000000001fff0200        0x0
 *(m_usb_bdt)
                0x000000001fff0200                USB_RAM_BDT_END = .

m_usb_global
 *(m_usb_global)
                0x0000000020030000                __StackTop = (ORIGIN (m_data_2) + 0x30000)
                0x000000002002fc00                __StackLimit = (__StackTop - STACK_SIZE)
                0x0000000020030000                PROVIDE (__stack, __StackTop)

.ARM.attributes
                0x0000000000000000       0x30
 *(.ARM.attributes)
 .ARM.attributes
                0x0000000000000000       0x22 /Users/scottd/workspace/tools/gcc-arm-none-eabi-4_8-2014q3/bin/../lib/gcc/arm-none-eabi/4.8.4/armv7e-m/fpu/crti.o
 .ARM.attributes
                0x0000000000000022       0x34 /Users/scottd/workspace/tools/gcc-arm-none-eabi-4_8-2014q3/bin/../lib/gcc/arm-none-eabi/4.8.4/armv7e-m/fpu/crtbegin.o
 .ARM.attributes
                0x0000000000000056       0x20 /Users/scottd/workspace/tools/gcc-arm-none-eabi-4_8-2014q3/bin/../lib/gcc/arm-none-eabi/4.8.4/../../../../arm-none-eabi/lib/armv7e-m/fpu/crt0.o
 .ARM.attributes
                0x0000000000000076       0x1f build/debug/FRDM-K66F/SDK_2.1_FRDM-K66F-GCC-Full/devices/MK66F18/gcc/startup_MK66F18.o
 .ARM.attributes
                0x0000000000000095       0x37 /var/folders/xk/_z_dkq7d30gc4hlq2bvsjy2m0000gq/T//ccwVh9gL.ltrans0.ltrans.o
 .ARM.attributes
                0x00000000000000cc       0x37 /var/folders/xk/_z_dkq7d30gc4hlq2bvsjy2m0000gq/T//ccwVh9gL.ltrans1.ltrans.o
 .ARM.attributes
                0x0000000000000103       0x37 /var/folders/xk/_z_dkq7d30gc4hlq2bvsjy2m0000gq/T//ccwVh9gL.ltrans2.ltrans.o
 .ARM.attributes
                0x000000000000013a       0x37 /var/folders/xk/_z_dkq7d30gc4hlq2bvsjy2m0000gq/T//ccwVh9gL.ltrans3.ltrans.o
 .ARM.attributes
                0x0000000000000171       0x37 /var/folders/xk/_z_dkq7d30gc4hlq2bvsjy2m0000gq/T//ccwVh9gL.ltrans4.ltrans.o
 .ARM.attributes
                0x00000000000001a8       0x37 /var/folders/xk/_z_dkq7d30gc4hlq2bvsjy2m0000gq/T//ccwVh9gL.ltrans5.ltrans.o
 .ARM.attributes
                0x00000000000001df       0x22 /Users/scottd/workspace/tools/gcc-arm-none-eabi-4_8-2014q3/bin/../lib/gcc/arm-none-eabi/4.8.4/armv7e-m/fpu/libgcc.a(_arm_addsubdf3.o)
 .ARM.attributes
                0x0000000000000201       0x22 /Users/scottd/workspace/tools/gcc-arm-none-eabi-4_8-2014q3/bin/../lib/gcc/arm-none-eabi/4.8.4/armv7e-m/fpu/libgcc.a(_arm_muldivdf3.o)
 .ARM.attributes
                0x0000000000000223       0x22 /Users/scottd/workspace/tools/gcc-arm-none-eabi-4_8-2014q3/bin/../lib/gcc/arm-none-eabi/4.8.4/armv7e-m/fpu/libgcc.a(_arm_cmpdf2.o)
 .ARM.attributes
                0x0000000000000245       0x22 /Users/scottd/workspace/tools/gcc-arm-none-eabi-4_8-2014q3/bin/../lib/gcc/arm-none-eabi/4.8.4/armv7e-m/fpu/libgcc.a(_arm_fixdfsi.o)
 .ARM.attributes
                0x0000000000000267       0x22 /Users/scottd/workspace/tools/gcc-arm-none-eabi-4_8-2014q3/bin/../lib/gcc/arm-none-eabi/4.8.4/armv7e-m/fpu/libgcc.a(_aeabi_ldivmod.o)
 .ARM.attributes
                0x0000000000000289       0x22 /Users/scottd/workspace/tools/gcc-arm-none-eabi-4_8-2014q3/bin/../lib/gcc/arm-none-eabi/4.8.4/armv7e-m/fpu/libgcc.a(_aeabi_uldivmod.o)
 .ARM.attributes
                0x00000000000002ab       0x34 /Users/scottd/workspace/tools/gcc-arm-none-eabi-4_8-2014q3/bin/../lib/gcc/arm-none-eabi/4.8.4/armv7e-m/fpu/libgcc.a(_fixdfdi.o)
 .ARM.attributes
                0x00000000000002df       0x34 /Users/scottd/workspace/tools/gcc-arm-none-eabi-4_8-2014q3/bin/../lib/gcc/arm-none-eabi/4.8.4/armv7e-m/fpu/libgcc.a(_fixunsdfdi.o)
 .ARM.attributes
                0x0000000000000313       0x34 /Users/scottd/workspace/tools/gcc-arm-none-eabi-4_8-2014q3/bin/../lib/gcc/arm-none-eabi/4.8.4/armv7e-m/fpu/libgcc.a(bpabi.o)
 .ARM.attributes
                0x0000000000000347       0x22 /Users/scottd/workspace/tools/gcc-arm-none-eabi-4_8-2014q3/bin/../lib/gcc/arm-none-eabi/4.8.4/armv7e-m/fpu/libgcc.a(_dvmd_tls.o)
 .ARM.attributes
                0x0000000000000369       0x22 /Users/scottd/workspace/tools/gcc-arm-none-eabi-4_8-2014q3/bin/../lib/gcc/arm-none-eabi/4.8.4/armv7e-m/fpu/libgcc.a(_arm_fixunsdfsi.o)
 .ARM.attributes
                0x000000000000038b       0x34 /Users/scottd/workspace/tools/gcc-arm-none-eabi-4_8-2014q3/bin/../lib/gcc/arm-none-eabi/4.8.4/armv7e-m/fpu/libgcc.a(_divdi3.o)
 .ARM.attributes
                0x00000000000003bf       0x34 /Users/scottd/workspace/tools/gcc-arm-none-eabi-4_8-2014q3/bin/../lib/gcc/arm-none-eabi/4.8.4/armv7e-m/fpu/libgcc.a(_udivdi3.o)
 .ARM.attributes
                0x00000000000003f3       0x34 /Users/scottd/workspace/tools/gcc-arm-none-eabi-4_8-2014q3/bin/../lib/gcc/arm-none-eabi/4.8.4/../../../../arm-none-eabi/lib/armv7e-m/fpu/libg_s.a(lib_a-s_modf.o)
 .ARM.attributes
                0x0000000000000427       0x34 /Users/scottd/workspace/tools/gcc-arm-none-eabi-4_8-2014q3/bin/../lib/gcc/arm-none-eabi/4.8.4/../../../../arm-none-eabi/lib/armv7e-m/fpu/libg_s.a(lib_a-assert.o)
 .ARM.attributes
                0x000000000000045b       0x34 /Users/scottd/workspace/tools/gcc-arm-none-eabi-4_8-2014q3/bin/../lib/gcc/arm-none-eabi/4.8.4/../../../../arm-none-eabi/lib/armv7e-m/fpu/libg_s.a(lib_a-exit.o)
 .ARM.attributes
                0x000000000000048f       0x34 /Users/scottd/workspace/tools/gcc-arm-none-eabi-4_8-2014q3/bin/../lib/gcc/arm-none-eabi/4.8.4/../../../../arm-none-eabi/lib/armv7e-m/fpu/libg_s.a(lib_a-fprintf.o)
 .ARM.attributes
                0x00000000000004c3       0x34 /Users/scottd/workspace/tools/gcc-arm-none-eabi-4_8-2014q3/bin/../lib/gcc/arm-none-eabi/4.8.4/../../../../arm-none-eabi/lib/armv7e-m/fpu/libg_s.a(lib_a-impure.o)
 .ARM.attributes
                0x00000000000004f7       0x34 /Users/scottd/workspace/tools/gcc-arm-none-eabi-4_8-2014q3/bin/../lib/gcc/arm-none-eabi/4.8.4/../../../../arm-none-eabi/lib/armv7e-m/fpu/libg_s.a(lib_a-init.o)
 .ARM.attributes
                0x000000000000052b       0x34 /Users/scottd/workspace/tools/gcc-arm-none-eabi-4_8-2014q3/bin/../lib/gcc/arm-none-eabi/4.8.4/../../../../arm-none-eabi/lib/armv7e-m/fpu/libg_s.a(lib_a-memset.o)
 .ARM.attributes
                0x000000000000055f       0x34 /Users/scottd/workspace/tools/gcc-arm-none-eabi-4_8-2014q3/bin/../lib/gcc/arm-none-eabi/4.8.4/../../../../arm-none-eabi/lib/armv7e-m/fpu/libg_s.a(lib_a-vfprintf.o)
 .ARM.attributes
                0x0000000000000593       0x34 /Users/scottd/workspace/tools/gcc-arm-none-eabi-4_8-2014q3/bin/../lib/gcc/arm-none-eabi/4.8.4/../../../../arm-none-eabi/lib/armv7e-m/fpu/libg_s.a(lib_a-vfprintf_i.o)
 .ARM.attributes
                0x00000000000005c7       0x34 /Users/scottd/workspace/tools/gcc-arm-none-eabi-4_8-2014q3/bin/../lib/gcc/arm-none-eabi/4.8.4/../../../../arm-none-eabi/lib/armv7e-m/fpu/libg_s.a(lib_a-wbuf.o)
 .ARM.attributes
                0x00000000000005fb       0x34 /Users/scottd/workspace/tools/gcc-arm-none-eabi-4_8-2014q3/bin/../lib/gcc/arm-none-eabi/4.8.4/../../../../arm-none-eabi/lib/armv7e-m/fpu/libg_s.a(lib_a-wsetup.o)
 .ARM.attributes
                0x000000000000062f       0x34 /Users/scottd/workspace/tools/gcc-arm-none-eabi-4_8-2014q3/bin/../lib/gcc/arm-none-eabi/4.8.4/../../../../arm-none-eabi/lib/armv7e-m/fpu/libg_s.a(lib_a-abort.o)
 .ARM.attributes
                0x0000000000000663       0x34 /Users/scottd/workspace/tools/gcc-arm-none-eabi-4_8-2014q3/bin/../lib/gcc/arm-none-eabi/4.8.4/../../../../arm-none-eabi/lib/armv7e-m/fpu/libg_s.a(lib_a-fflush.o)
 .ARM.attributes
                0x0000000000000697       0x34 /Users/scottd/workspace/tools/gcc-arm-none-eabi-4_8-2014q3/bin/../lib/gcc/arm-none-eabi/4.8.4/../../../../arm-none-eabi/lib/armv7e-m/fpu/libg_s.a(lib_a-findfp.o)
 .ARM.attributes
                0x00000000000006cb       0x34 /Users/scottd/workspace/tools/gcc-arm-none-eabi-4_8-2014q3/bin/../lib/gcc/arm-none-eabi/4.8.4/../../../../arm-none-eabi/lib/armv7e-m/fpu/libg_s.a(lib_a-makebuf.o)
 .ARM.attributes
                0x00000000000006ff       0x34 /Users/scottd/workspace/tools/gcc-arm-none-eabi-4_8-2014q3/bin/../lib/gcc/arm-none-eabi/4.8.4/../../../../arm-none-eabi/lib/armv7e-m/fpu/libg_s.a(lib_a-memchr-stub.o)
 .ARM.attributes
                0x0000000000000733       0x34 /Users/scottd/workspace/tools/gcc-arm-none-eabi-4_8-2014q3/bin/../lib/gcc/arm-none-eabi/4.8.4/../../../../arm-none-eabi/lib/armv7e-m/fpu/libg_s.a(lib_a-nano-freer.o)
 .ARM.attributes
                0x0000000000000767       0x34 /Users/scottd/workspace/tools/gcc-arm-none-eabi-4_8-2014q3/bin/../lib/gcc/arm-none-eabi/4.8.4/../../../../arm-none-eabi/lib/armv7e-m/fpu/libg_s.a(lib_a-nano-mallocr.o)
 .ARM.attributes
                0x000000000000079b       0x34 /Users/scottd/workspace/tools/gcc-arm-none-eabi-4_8-2014q3/bin/../lib/gcc/arm-none-eabi/4.8.4/../../../../arm-none-eabi/lib/armv7e-m/fpu/libg_s.a(lib_a-sbrkr.o)
 .ARM.attributes
                0x00000000000007cf       0x34 /Users/scottd/workspace/tools/gcc-arm-none-eabi-4_8-2014q3/bin/../lib/gcc/arm-none-eabi/4.8.4/../../../../arm-none-eabi/lib/armv7e-m/fpu/libg_s.a(lib_a-signal.o)
 .ARM.attributes
                0x0000000000000803       0x34 /Users/scottd/workspace/tools/gcc-arm-none-eabi-4_8-2014q3/bin/../lib/gcc/arm-none-eabi/4.8.4/../../../../arm-none-eabi/lib/armv7e-m/fpu/libg_s.a(lib_a-signalr.o)
 .ARM.attributes
                0x0000000000000837       0x34 /Users/scottd/workspace/tools/gcc-arm-none-eabi-4_8-2014q3/bin/../lib/gcc/arm-none-eabi/4.8.4/../../../../arm-none-eabi/lib/armv7e-m/fpu/libg_s.a(lib_a-stdio.o)
 .ARM.attributes
                0x000000000000086b       0x34 /Users/scottd/workspace/tools/gcc-arm-none-eabi-4_8-2014q3/bin/../lib/gcc/arm-none-eabi/4.8.4/../../../../arm-none-eabi/lib/armv7e-m/fpu/libg_s.a(lib_a-strlen.o)
 .ARM.attributes
                0x000000000000089f       0x34 /Users/scottd/workspace/tools/gcc-arm-none-eabi-4_8-2014q3/bin/../lib/gcc/arm-none-eabi/4.8.4/../../../../arm-none-eabi/lib/armv7e-m/fpu/libg_s.a(lib_a-writer.o)
 .ARM.attributes
                0x00000000000008d3       0x34 /Users/scottd/workspace/tools/gcc-arm-none-eabi-4_8-2014q3/bin/../lib/gcc/arm-none-eabi/4.8.4/../../../../arm-none-eabi/lib/armv7e-m/fpu/libg_s.a(lib_a-closer.o)
 .ARM.attributes
                0x0000000000000907       0x34 /Users/scottd/workspace/tools/gcc-arm-none-eabi-4_8-2014q3/bin/../lib/gcc/arm-none-eabi/4.8.4/../../../../arm-none-eabi/lib/armv7e-m/fpu/libg_s.a(lib_a-fstatr.o)
 .ARM.attributes
                0x000000000000093b       0x34 /Users/scottd/workspace/tools/gcc-arm-none-eabi-4_8-2014q3/bin/../lib/gcc/arm-none-eabi/4.8.4/../../../../arm-none-eabi/lib/armv7e-m/fpu/libg_s.a(lib_a-isattyr.o)
 .ARM.attributes
                0x000000000000096f       0x34 /Users/scottd/workspace/tools/gcc-arm-none-eabi-4_8-2014q3/bin/../lib/gcc/arm-none-eabi/4.8.4/../../../../arm-none-eabi/lib/armv7e-m/fpu/libg_s.a(lib_a-lseekr.o)
 .ARM.attributes
                0x00000000000009a3       0x34 /Users/scottd/workspace/tools/gcc-arm-none-eabi-4_8-2014q3/bin/../lib/gcc/arm-none-eabi/4.8.4/../../../../arm-none-eabi/lib/armv7e-m/fpu/libg_s.a(lib_a-readr.o)
 .ARM.attributes
                0x00000000000009d7       0x34 /Users/scottd/workspace/tools/gcc-arm-none-eabi-4_8-2014q3/bin/../lib/gcc/arm-none-eabi/4.8.4/../../../../arm-none-eabi/lib/armv7e-m/fpu/libg_s.a(lib_a-reent.o)
 .ARM.attributes
                0x0000000000000a0b       0x34 /Users/scottd/workspace/tools/gcc-arm-none-eabi-4_8-2014q3/bin/../lib/gcc/arm-none-eabi/4.8.4/../../../../arm-none-eabi/lib/armv7e-m/fpu/libnosys.a(close.o)
 .ARM.attributes
                0x0000000000000a3f       0x34 /Users/scottd/workspace/tools/gcc-arm-none-eabi-4_8-2014q3/bin/../lib/gcc/arm-none-eabi/4.8.4/../../../../arm-none-eabi/lib/armv7e-m/fpu/libnosys.a(fstat.o)
 .ARM.attributes
                0x0000000000000a73       0x34 /Users/scottd/workspace/tools/gcc-arm-none-eabi-4_8-2014q3/bin/../lib/gcc/arm-none-eabi/4.8.4/../../../../arm-none-eabi/lib/armv7e-m/fpu/libnosys.a(getpid.o)
 .ARM.attributes
                0x0000000000000aa7       0x34 /Users/scottd/workspace/tools/gcc-arm-none-eabi-4_8-2014q3/bin/../lib/gcc/arm-none-eabi/4.8.4/../../../../arm-none-eabi/lib/armv7e-m/fpu/libnosys.a(isatty.o)
 .ARM.attributes
                0x0000000000000adb       0x34 /Users/scottd/workspace/tools/gcc-arm-none-eabi-4_8-2014q3/bin/../lib/gcc/arm-none-eabi/4.8.4/../../../../arm-none-eabi/lib/armv7e-m/fpu/libnosys.a(kill.o)
 .ARM.attributes
                0x0000000000000b0f       0x34 /Users/scottd/workspace/tools/gcc-arm-none-eabi-4_8-2014q3/bin/../lib/gcc/arm-none-eabi/4.8.4/../../../../arm-none-eabi/lib/armv7e-m/fpu/libnosys.a(lseek.o)
 .ARM.attributes
                0x0000000000000b43       0x34 /Users/scottd/workspace/tools/gcc-arm-none-eabi-4_8-2014q3/bin/../lib/gcc/arm-none-eabi/4.8.4/../../../../arm-none-eabi/lib/armv7e-m/fpu/libnosys.a(sbrk.o)
 .ARM.attributes
                0x0000000000000b77       0x34 /Users/scottd/workspace/tools/gcc-arm-none-eabi-4_8-2014q3/bin/../lib/gcc/arm-none-eabi/4.8.4/../../../../arm-none-eabi/lib/armv7e-m/fpu/libnosys.a(_exit.o)
 .ARM.attributes